Component: ARM Compiler 5.06 update 5 (build 528) Tool: armlink [4d35e2]

==============================================================================

Section Cross References

    main.o(i.main) refers to system_stm32f4xx.o(i.SystemInit) for SystemInit
    main.o(i.main) refers to buzzer.o(i.buzzer_config) for buzzer_config
    main.o(i.main) refers to buzzer.o(i.Shoot_limit_Init) for Shoot_limit_Init
    main.o(i.main) refers to led.o(i.led_config) for led_config
    main.o(i.main) refers to laser.o(i.laser_config) for laser_config
    main.o(i.main) refers to can1.o(i.Can1_Configuration) for Can1_Configuration
    main.o(i.main) refers to can2.o(i.Can2_Configuration) for Can2_Configuration
    main.o(i.main) refers to delay.o(i.delay_ms) for delay_ms
    main.o(i.main) refers to usart1.o(i.usart1_config) for usart1_config
    main.o(i.main) refers to usart2.o(i.usart2_config) for usart2_config
    main.o(i.main) refers to judgeuart.o(i.usart6_config) for usart6_config
    main.o(i.main) refers to spi.o(i.SPI5_Init) for SPI5_Init
    main.o(i.main) refers to bsp_imu.o(i.mpu_device_init) for mpu_device_init
    main.o(i.main) refers to pid.o(i.PID_InitALL) for PID_InitALL
    main.o(i.main) refers to navigation_task.o(i.Map_data_init) for Map_data_init
    main.o(i.main) refers to tim1_pwm.o(i.tim1_pwm_config) for tim1_pwm_config
    main.o(i.main) refers to tim3.o(i.Tim3_config) for Tim3_config
    main.o(i.main) refers to tim3.o(i.Tim5_config) for Tim5_config
    main.o(i.main) refers to duty.o(i.loop) for loop
    system_stm32f4xx.o(i.SystemCoreClockUpdate) refers to system_stm32f4xx.o(.data) for SystemCoreClock
    system_stm32f4xx.o(i.SystemInit) refers to system_stm32f4xx.o(i.SetSysClock) for SetSysClock
    tim1_pwm.o(i.tim1_pwm_config) refers to stm32f4xx_rcc.o(i.RCC_AHB1PeriphClockCmd) for RCC_AHB1PeriphClockCmd
    tim1_pwm.o(i.tim1_pwm_config) refers to stm32f4xx_rcc.o(i.RCC_APB1PeriphClockCmd) for RCC_APB1PeriphClockCmd
    tim1_pwm.o(i.tim1_pwm_config) refers to stm32f4xx_gpio.o(i.GPIO_Init) for GPIO_Init
    tim1_pwm.o(i.tim1_pwm_config) refers to stm32f4xx_gpio.o(i.GPIO_PinAFConfig) for GPIO_PinAFConfig
    tim1_pwm.o(i.tim1_pwm_config) refers to stm32f4xx_tim.o(i.TIM_TimeBaseInit) for TIM_TimeBaseInit
    tim1_pwm.o(i.tim1_pwm_config) refers to misc.o(i.NVIC_Init) for NVIC_Init
    tim1_pwm.o(i.tim1_pwm_config) refers to stm32f4xx_tim.o(i.TIM_ClearFlag) for TIM_ClearFlag
    tim1_pwm.o(i.tim1_pwm_config) refers to stm32f4xx_tim.o(i.TIM_ITConfig) for TIM_ITConfig
    tim1_pwm.o(i.tim1_pwm_config) refers to stm32f4xx_tim.o(i.TIM_OC4Init) for TIM_OC4Init
    tim1_pwm.o(i.tim1_pwm_config) refers to stm32f4xx_tim.o(i.TIM_OC4PreloadConfig) for TIM_OC4PreloadConfig
    tim1_pwm.o(i.tim1_pwm_config) refers to stm32f4xx_tim.o(i.TIM_ARRPreloadConfig) for TIM_ARRPreloadConfig
    tim1_pwm.o(i.tim1_pwm_config) refers to stm32f4xx_tim.o(i.TIM_Cmd) for TIM_Cmd
    tim3.o(i.Tim3_config) refers to stm32f4xx_rcc.o(i.RCC_APB1PeriphClockCmd) for RCC_APB1PeriphClockCmd
    tim3.o(i.Tim3_config) refers to misc.o(i.NVIC_Init) for NVIC_Init
    tim3.o(i.Tim3_config) refers to stm32f4xx_tim.o(i.TIM_TimeBaseInit) for TIM_TimeBaseInit
    tim3.o(i.Tim3_config) refers to stm32f4xx_tim.o(i.TIM_ARRPreloadConfig) for TIM_ARRPreloadConfig
    tim3.o(i.Tim3_config) refers to stm32f4xx_tim.o(i.TIM_ITConfig) for TIM_ITConfig
    tim3.o(i.Tim3_config) refers to stm32f4xx_tim.o(i.TIM_Cmd) for TIM_Cmd
    tim3.o(i.Tim3_config) refers to stm32f4xx_tim.o(i.TIM_ClearFlag) for TIM_ClearFlag
    tim3.o(i.Tim5_config) refers to stm32f4xx_rcc.o(i.RCC_APB1PeriphClockCmd) for RCC_APB1PeriphClockCmd
    tim3.o(i.Tim5_config) refers to misc.o(i.NVIC_Init) for NVIC_Init
    tim3.o(i.Tim5_config) refers to stm32f4xx_tim.o(i.TIM_TimeBaseInit) for TIM_TimeBaseInit
    tim3.o(i.Tim5_config) refers to stm32f4xx_tim.o(i.TIM_ARRPreloadConfig) for TIM_ARRPreloadConfig
    tim3.o(i.Tim5_config) refers to stm32f4xx_tim.o(i.TIM_ITConfig) for TIM_ITConfig
    tim3.o(i.Tim5_config) refers to stm32f4xx_tim.o(i.TIM_Cmd) for TIM_Cmd
    tim3.o(i.Tim5_config) refers to stm32f4xx_tim.o(i.TIM_ClearFlag) for TIM_ClearFlag
    usart1.o(i.usart1_config) refers to stm32f4xx_rcc.o(i.RCC_AHB1PeriphClockCmd) for RCC_AHB1PeriphClockCmd
    usart1.o(i.usart1_config) refers to stm32f4xx_rcc.o(i.RCC_APB2PeriphClockCmd) for RCC_APB2PeriphClockCmd
    usart1.o(i.usart1_config) refers to stm32f4xx_gpio.o(i.GPIO_PinAFConfig) for GPIO_PinAFConfig
    usart1.o(i.usart1_config) refers to stm32f4xx_gpio.o(i.GPIO_StructInit) for GPIO_StructInit
    usart1.o(i.usart1_config) refers to stm32f4xx_gpio.o(i.GPIO_Init) for GPIO_Init
    usart1.o(i.usart1_config) refers to stm32f4xx_usart.o(i.USART_DeInit) for USART_DeInit
    usart1.o(i.usart1_config) refers to stm32f4xx_usart.o(i.USART_StructInit) for USART_StructInit
    usart1.o(i.usart1_config) refers to stm32f4xx_usart.o(i.USART_Init) for USART_Init
[...]
    x$fpl$dsub                               0x080076a0   Section      468  daddsub_clz.o(x$fpl$dsub)
    $v0                                      0x080076a0   Number         0  daddsub_clz.o(x$fpl$dsub)
    _dsub1                                   0x080076b1   Thumb Code     0  daddsub_clz.o(x$fpl$dsub)
    x$fpl$f2d                                0x08007874   Section       86  f2d.o(x$fpl$f2d)
    $v0                                      0x08007874   Number         0  f2d.o(x$fpl$f2d)
    x$fpl$fnaninf                            0x080078ca   Section      140  fnaninf.o(x$fpl$fnaninf)
    $v0                                      0x080078ca   Number         0  fnaninf.o(x$fpl$fnaninf)
    x$fpl$fpinit                             0x08007956   Section       10  fpinit.o(x$fpl$fpinit)
    $v0                                      0x08007956   Number         0  fpinit.o(x$fpl$fpinit)
    x$fpl$fretinf                            0x08007960   Section       10  fretinf.o(x$fpl$fretinf)
    $v0                                      0x08007960   Number         0  fretinf.o(x$fpl$fretinf)
    x$fpl$usenofp                            0x0800796a   Section        0  usenofp.o(x$fpl$usenofp)
    .constdata                               0x0800796c   Section       14  bsp_imu.o(.constdata)
    .data                                    0x20000000   Section       12  usart2.o(.data)
    .data                                    0x2000000c   Section       30  judgeuart.o(.data)
    .data                                    0x2000002c   Section       17  bsp_imu.o(.data)
    tx                                       0x2000002c   Data           1  bsp_imu.o(.data)
    rx                                       0x2000002d   Data           1  bsp_imu.o(.data)
    .data                                    0x20000040   Section       92  duty.o(.data)
    this_time_rx_len                         0x20000098   Data           4  duty.o(.data)
    .data                                    0x2000009c   Section      296  value.o(.data)
    .data                                    0x200001c4   Section       16  stm32f4xx_rcc.o(.data)
    APBAHBPrescTable                         0x200001c4   Data          16  stm32f4xx_rcc.o(.data)
    .data                                    0x200001d4   Section       32  remote_task.o(.data)
    .data                                    0x200001f4   Section        5  navigation_task.o(.data)
    .data                                    0x200001fc   Section       44  gimbal_task.o(.data)
    .data                                    0x20000228   Section       28  chassis_task.o(.data)
    .data                                    0x20000244   Section       28  shoot_task.o(.data)
    .bss                                     0x20000260   Section       14  usart2.o(.bss)
    .bss                                     0x2000026e   Section      152  judgeuart.o(.bss)
    .bss                                     0x20000308   Section      116  bsp_imu.o(.bss)
    tx_buff                                  0x20000308   Data          14  bsp_imu.o(.bss)
    .bss                                     0x2000037c   Section       24  can2.o(.bss)
    .bss                                     0x20000394   Section       92  duty.o(.bss)
    .bss                                     0x200003f0   Section      116  value.o(.bss)
    .bss                                     0x20000468   Section     1144  pid.o(.bss)
    .bss                                     0x200008e0   Section       24  remote_task.o(.bss)
    .bss                                     0x200008f8   Section      112  navigation_task.o(.bss)
    .bss                                     0x20000968   Section       96  libspace.o(.bss)
    HEAP                                     0x200009c8   Section      512  startup_stm32f40_41xxx.o(HEAP)
    Heap_Mem                                 0x200009c8   Data         512  startup_stm32f40_41xxx.o(HEAP)
    STACK                                    0x20000bc8   Section     1024  startup_stm32f40_41xxx.o(STACK)
    Stack_Mem                                0x20000bc8   Data        1024  startup_stm32f40_41xxx.o(STACK)
    __initial_sp                             0x20000fc8   Data           0  startup_stm32f40_41xxx.o(STACK)

    Global Symbols

    Symbol Name                              Value     Ov Type        Size  Object(Section)

    BuildAttributes$$THM_ISAv4$E$P$D$K$B$S$7EM$VFPi3$EXTD16$VFPS$VFMA$PE$A:L22UL41UL21$X:L11$S22US41US21$IEEE1$IW$USESV6$~STKCKD$USESV7$~SHL$OSPACE$ROPI$EBA8$UX$STANDARDLIB$REQ8$PRES8$EABIv2 0x00000000   Number         0  anon$$obj.o ABSOLUTE
    __ARM_use_no_argv                        0x00000000   Number         0  main.o ABSOLUTE
    __ARM_exceptions_init                     - Undefined Weak Reference
    __alloca_initialize                       - Undefined Weak Reference
    __arm_preinit_                            - Undefined Weak Reference
    __cpp_initialize__aeabi_                  - Undefined Weak Reference
    __cxa_finalize                            - Undefined Weak Reference
    __rt_locale                               - Undefined Weak Reference
    __sigvec_lookup                           - Undefined Weak Reference
    _atexit_init                              - Undefined Weak Reference
    _call_atexit_fns                          - Undefined Weak Reference
    _clock_init                               - Undefined Weak Reference
    _fp_trap_init                             - Undefined Weak Reference
    _fp_trap_shutdown                         - Undefined Weak Reference
    _get_lc_collate                           - Undefined Weak Reference
    _get_lc_ctype                             - Undefined Weak Reference
    _get_lc_monetary                          - Undefined Weak Reference
    _get_lc_numeric                           - Undefined Weak Reference
    _get_lc_time                              - Undefined Weak Reference
    _getenv_init                              - Undefined Weak Reference
    _handle_redirection                       - Undefined Weak Reference
    _init_alloc                               - Undefined Weak Reference
    _init_user_alloc                          - Undefined Weak Reference
    _initio                                   - Undefined Weak Reference
    _rand_init                                - Undefined Weak Reference
    _signal_finish                            - Undefined Weak Reference
    _signal_init                              - Undefined Weak Reference
    _terminate_alloc                          - Undefined Weak Reference
    _terminate_user_alloc                     - Undefined Weak Reference
    _terminateio                              - Undefined Weak Reference
    __Vectors_Size                           0x00000188   Number         0  startup_stm32f40_41xxx.o ABSOLUTE
    __Vectors                                0x08000000   Data           4  startup_stm32f40_41xxx.o(RESET)
    __Vectors_End                            0x08000188   Data           0  startup_stm32f40_41xxx.o(RESET)
    __main                                   0x08000189   Thumb Code     8  __main.o(!!!main)
    __scatterload                            0x08000191   Thumb Code     0  __scatter.o(!!!scatter)
    __scatterload_rt2                        0x08000191   Thumb Code    44  __scatter.o(!!!scatter)
    __scatterload_rt2_thumb_only             0x08000191   Thumb Code     0  __scatter.o(!!!scatter)
    __scatterload_null                       0x0800019f   Thumb Code     0  __scatter.o(!!!scatter)
    __decompress                             0x080001c5   Thumb Code    90  __dczerorl2.o(!!dczerorl2)
    __decompress1                            0x080001c5   Thumb Code     0  __dczerorl2.o(!!dczerorl2)
    __scatterload_zeroinit                   0x08000221   Thumb Code    28  __scatter_zi.o(!!handler_zi)
    __rt_lib_init                            0x0800023d   Thumb Code     0  libinit.o(.ARM.Collect$$libinit$$00000000)
    __rt_lib_init_fp_1                       0x0800023f   Thumb Code     0  libinit2.o(.ARM.Collect$$libinit$$00000001)
    __rt_lib_init_alloca_1                   0x08000243   Thumb Code     0  libinit2.o(.ARM.Collect$$libinit$$0000002E)
    __rt_lib_init_argv_1                     0x08000243   Thumb Code     0  libinit2.o(.ARM.Collect$$libinit$$0000002C)
    __rt_lib_init_atexit_1                   0x08000243   Thumb Code     0  libinit2.o(.ARM.Collect$$libinit$$0000001B)
    __rt_lib_init_clock_1                    0x08000243   Thumb Code     0  libinit2.o(.ARM.Collect$$libinit$$00000021)
    __rt_lib_init_cpp_1                      0x08000243   Thumb Code     0  libinit2.o(.ARM.Collect$$libinit$$00000032)
    __rt_lib_init_exceptions_1               0x08000243   Thumb Code     0  libinit2.o(.ARM.Collect$$libinit$$00000030)
    __rt_lib_init_fp_trap_1                  0x08000243   Thumb Code     0  libinit2.o(.ARM.Collect$$libinit$$0000001F)
    __rt_lib_init_getenv_1                   0x08000243   Thumb Code     0  libinit2.o(.ARM.Collect$$libinit$$00000023)
    __rt_lib_init_heap_1                     0x08000243   Thumb Code     0  libinit2.o(.ARM.Collect$$libinit$$0000000A)
    __rt_lib_init_lc_collate_1               0x08000243   Thumb Code     0  libinit2.o(.ARM.Collect$$libinit$$00000011)
    __rt_lib_init_lc_ctype_1                 0x08000243   Thumb Code     0  libinit2.o(.ARM.Collect$$libinit$$00000013)
    __rt_lib_init_lc_monetary_1              0x08000243   Thumb Code     0  libinit2.o(.ARM.Collect$$libinit$$00000015)
    __rt_lib_init_lc_numeric_1               0x08000243   Thumb Code     0  libinit2.o(.ARM.Collect$$libinit$$00000017)
    __rt_lib_init_lc_time_1                  0x08000243   Thumb Code     0  libinit2.o(.ARM.Collect$$libinit$$00000019)
    __rt_lib_init_preinit_1                  0x08000243   Thumb Code     0  libinit2.o(.ARM.Collect$$libinit$$00000004)
    __rt_lib_init_rand_1                     0x08000243   Thumb Code     0  libinit2.o(.ARM.Collect$$libinit$$0000000E)
    __rt_lib_init_return                     0x08000243   Thumb Code     0  libinit2.o(.ARM.Collect$$libinit$$00000033)
    __rt_lib_init_signal_1                   0x08000243   Thumb Code     0  libinit2.o(.ARM.Collect$$libinit$$0000001D)
    __rt_lib_init_stdio_1                    0x08000243   Thumb Code     0  libinit2.o(.ARM.Collect$$libinit$$00000025)
    __rt_lib_init_user_alloc_1               0x08000243   Thumb Code     0  libinit2.o(.ARM.Collect$$libinit$$0000000C)
    __rt_lib_shutdown                        0x08000245   Thumb Code     0  libshutdown.o(.ARM.Collect$$libshutdown$$00000000)
    __rt_lib_shutdown_cpp_1                  0x08000247   Thumb Code     0  libshutdown2.o(.ARM.Collect$$libshutdown$$00000002)
    __rt_lib_shutdown_fp_trap_1              0x08000247   Thumb Code     0  libshutdown2.o(.ARM.Collect$$libshutdown$$00000007)
    __rt_lib_shutdown_heap_1                 0x08000247   Thumb Code     0  libshutdown2.o(.ARM.Collect$$libshutdown$$0000000F)
    __rt_lib_shutdown_return                 0x08000247   Thumb Code     0  libshutdown2.o(.ARM.Collect$$libshutdown$$00000010)
    __rt_lib_shutdown_signal_1               0x08000247   Thumb Code     0  libshutdown2.o(.ARM.Collect$$libshutdown$$0000000A)
    __rt_lib_shutdown_stdio_1                0x08000247   Thumb Code     0  libshutdown2.o(.ARM.Collect$$libshutdown$$00000004)
    __rt_lib_shutdown_user_alloc_1           0x08000247   Thumb Code     0  libshutdown2.o(.ARM.Collect$$libshutdown$$0000000C)
    __rt_entry                               0x08000249   Thumb Code     0  __rtentry.o(.ARM.Collect$$rtentry$$00000000)
    __rt_entry_presh_1                       0x08000249   Thumb Code     0  __rtentry2.o(.ARM.Collect$$rtentry$$00000002)
    __rt_entry_sh                            0x08000249   Thumb Code     0  __rtentry4.o(.ARM.Collect$$rtentry$$00000004)
    __rt_entry_li                            0x0800024f   Thumb Code     0  __rtentry2.o(.ARM.Collect$$rtentry$$0000000A)
    __rt_entry_postsh_1                      0x0800024f   Thumb Code     0  __rtentry2.o(.ARM.Collect$$rtentry$$00000009)
    __rt_entry_main                          0x08000253   Thumb Code     0  __rtentry2.o(.ARM.Collect$$rtentry$$0000000D)
    __rt_entry_postli_1                      0x08000253   Thumb Code     0  __rtentry2.o(.ARM.Collect$$rtentry$$0000000C)
    __rt_exit                                0x0800025b   Thumb Code     0  rtexit.o(.ARM.Collect$$rtexit$$00000000)
    __rt_exit_ls                             0x0800025d   Thumb Code     0  rtexit2.o(.ARM.Collect$$rtexit$$00000003)
    __rt_exit_prels_1                        0x0800025d   Thumb Code     0  rtexit2.o(.ARM.Collect$$rtexit$$00000002)
    __rt_exit_exit                           0x08000261   Thumb Code     0  rtexit2.o(.ARM.Collect$$rtexit$$00000004)
    Reset_Handler                            0x08000269   Thumb Code     8  startup_stm32f40_41xxx.o(.text)
    ADC_IRQHandler                           0x08000283   Thumb Code     0  startup_stm32f40_41xxx.o(.text)
    CAN1_RX1_IRQHandler                      0x08000283   Thumb Code     0  startup_stm32f40_41xxx.o(.text)
    CAN1_SCE_IRQHandler                      0x08000283   Thumb Code     0  startup_stm32f40_41xxx.o(.text)
    CAN1_TX_IRQHandler                       0x08000283   Thumb Code     0  startup_stm32f40_41xxx.o(.text)
    CAN2_RX1_IRQHandler                      0x08000283   Thumb Code     0  startup_stm32f40_41xxx.o(.text)
    CAN2_SCE_IRQHandler                      0x08000283   Thumb Code     0  startup_stm32f40_41xxx.o(.text)
    CAN2_TX_IRQHandler                       0x08000283   Thumb Code     0  startup_stm32f40_41xxx.o(.text)
    CRYP_IRQHandler                          0x08000283   Thumb Code     0  startup_stm32f40_41xxx.o(.text)
    DCMI_IRQHandler                          0x08000283   Thumb Code     0  startup_stm32f40_41xxx.o(.text)
    DMA1_Stream0_IRQHandler                  0x08000283   Thumb Code     0  startup_stm32f40_41xxx.o(.text)
    DMA1_Stream1_IRQHandler                  0x08000283   Thumb Code     0  startup_stm32f40_41xxx.o(.text)
    DMA1_Stream2_IRQHandler                  0x08000283   Thumb Code     0  startup_stm32f40_41xxx.o(.text)
    DMA1_Stream3_IRQHandler                  0x08000283   Thumb Code     0  startup_stm32f40_41xxx.o(.text)
    DMA1_Stream4_IRQHandler                  0x08000283   Thumb Code     0  startup_stm32f40_41xxx.o(.text)
    DMA1_Stream5_IRQHandler                  0x08000283   Thumb Code     0  startup_stm32f40_41xxx.o(.text)
    DMA1_Stream6_IRQHandler                  0x08000283   Thumb Code     0  startup_stm32f40_41xxx.o(.text)
    DMA1_Stream7_IRQHandler                  0x08000283   Thumb Code     0  startup_stm32f40_41xxx.o(.text)
    DMA2_Stream0_IRQHandler                  0x08000283   Thumb Code     0  startup_stm32f40_41xxx.o(.text)
    DMA2_Stream1_IRQHandler                  0x08000283   Thumb Code     0  startup_stm32f40_41xxx.o(.text)
    DMA2_Stream2_IRQHandler                  0x08000283   Thumb Code     0  startup_stm32f40_41xxx.o(.text)
    DMA2_Stream3_IRQHandler                  0x08000283   Thumb Code     0  startup_stm32f40_41xxx.o(.text)
    DMA2_Stream4_IRQHandler                  0x08000283   Thumb Code     0  startup_stm32f40_41xxx.o(.text)
    DMA2_Stream5_IRQHandler                  0x08000283   Thumb Code     0  startup_stm32f40_41xxx.o(.text)
    DMA2_Stream6_IRQHandler                  0x08000283   Thumb Code     0  startup_stm32f40_41xxx.o(.text)
    DMA2_Stream7_IRQHandler                  0x08000283   Thumb Code     0  startup_stm32f40_41xxx.o(.text)
    ETH_IRQHandler                           0x08000283   Thumb Code     0  startup_stm32f40_41xxx.o(.text)
    ETH_WKUP_IRQHandler                      0x08000283   Thumb Code     0  startup_stm32f40_41xxx.o(.text)
    EXTI0_IRQHandler                         0x08000283   Thumb Code     0  startup_stm32f40_41xxx.o(.text)
    EXTI15_10_IRQHandler                     0x08000283   Thumb Code     0  startup_stm32f40_41xxx.o(.text)
    EXTI1_IRQHandler                         0x08000283   Thumb Code     0  startup_stm32f40_41xxx.o(.text)
    EXTI2_IRQHandler                         0x08000283   Thumb Code     0  startup_stm32f40_41xxx.o(.text)
    EXTI3_IRQHandler                         0x08000283   Thumb Code     0  startup_stm32f40_41xxx.o(.text)
    EXTI4_IRQHandler                         0x08000283   Thumb Code     0  startup_stm32f40_41xxx.o(.text)
    EXTI9_5_IRQHandler                       0x08000283   Thumb Code     0  startup_stm32f40_41xxx.o(.text)
    FLASH_IRQHandler                         0x08000283   Thumb Code     0  startup_stm32f40_41xxx.o(.text)
    FPU_IRQHandler                           0x08000283   Thumb Code     0  startup_stm32f40_41xxx.o(.text)
    FSMC_IRQHandler                          0x08000283   Thumb Code     0  startup_stm32f40_41xxx.o(.text)
    HASH_RNG_IRQHandler                      0x08000283   Thumb Code     0  startup_stm32f40_41xxx.o(.text)
    I2C1_ER_IRQHandler                       0x08000283   Thumb Code     0  startup_stm32f40_41xxx.o(.text)
    I2C1_EV_IRQHandler                       0x08000283   Thumb Code     0  startup_stm32f40_41xxx.o(.text)
    I2C2_ER_IRQHandler                       0x08000283   Thumb Code     0  startup_stm32f40_41xxx.o(.text)
    I2C2_EV_IRQHandler                       0x08000283   Thumb Code     0  startup_stm32f40_41xxx.o(.text)
    I2C3_ER_IRQHandler                       0x08000283   Thumb Code     0  startup_stm32f40_41xxx.o(.text)
    I2C3_EV_IRQHandler                       0x08000283   Thumb Code     0  startup_stm32f40_41xxx.o(.text)
    OTG_FS_IRQHandler                        0x08000283   Thumb Code     0  startup_stm32f40_41xxx.o(.text)
    OTG_FS_WKUP_IRQHandler                   0x08000283   Thumb Code     0  startup_stm32f40_41xxx.o(.text)
    OTG_HS_EP1_IN_IRQHandler                 0x08000283   Thumb Code     0  startup_stm32f40_41xxx.o(.text)
    OTG_HS_EP1_OUT_IRQHandler                0x08000283   Thumb Code     0  startup_stm32f40_41xxx.o(.text)
    OTG_HS_IRQHandler                        0x08000283   Thumb Code     0  startup_stm32f40_41xxx.o(.text)
    OTG_HS_WKUP_IRQHandler                   0x08000283   Thumb Code     0  startup_stm32f40_41xxx.o(.text)
    PVD_IRQHandler                           0x08000283   Thumb Code     0  startup_stm32f40_41xxx.o(.text)
    RCC_IRQHandler                           0x08000283   Thumb Code     0  startup_stm32f40_41xxx.o(.text)
    RTC_Alarm_IRQHandler                     0x08000283   Thumb Code     0  startup_stm32f40_41xxx.o(.text)
    RTC_WKUP_IRQHandler                      0x08000283   Thumb Code     0  startup_stm32f40_41xxx.o(.text)
    SDIO_IRQHandler                          0x08000283   Thumb Code     0  startup_stm32f40_41xxx.o(.text)
    SPI1_IRQHandler                          0x08000283   Thumb Code     0  startup_stm32f40_41xxx.o(.text)
    SPI2_IRQHandler                          0x08000283   Thumb Code     0  startup_stm32f40_41xxx.o(.text)
    SPI3_IRQHandler                          0x08000283   Thumb Code     0  startup_stm32f40_41xxx.o(.text)
    TAMP_STAMP_IRQHandler                    0x08000283   Thumb Code     0  startup_stm32f40_41xxx.o(.text)
    TIM1_BRK_TIM9_IRQHandler                 0x08000283   Thumb Code     0  startup_stm32f40_41xxx.o(.text)
    TIM1_CC_IRQHandler                       0x08000283   Thumb Code     0  startup_stm32f40_41xxx.o(.text)
    TIM1_TRG_COM_TIM11_IRQHandler            0x08000283   Thumb Code     0  startup_stm32f40_41xxx.o(.text)
    TIM1_UP_TIM10_IRQHandler                 0x08000283   Thumb Code     0  startup_stm32f40_41xxx.o(.text)
    TIM6_DAC_IRQHandler                      0x08000283   Thumb Code     0  startup_stm32f40_41xxx.o(.text)
    TIM7_IRQHandler                          0x08000283   Thumb Code     0  startup_stm32f40_41xxx.o(.text)
    TIM8_BRK_TIM12_IRQHandler                0x08000283   Thumb Code     0  startup_stm32f40_41xxx.o(.text)
    TIM8_CC_IRQHandler                       0x08000283   Thumb Code     0  startup_stm32f40_41xxx.o(.text)
    TIM8_TRG_COM_TIM14_IRQHandler            0x08000283   Thumb Code     0  startup_stm32f40_41xxx.o(.text)
    TIM8_UP_TIM13_IRQHandler                 0x08000283   Thumb Code     0  startup_stm32f40_41xxx.o(.text)
    UART4_IRQHandler                         0x08000283   Thumb Code     0  startup_stm32f40_41xxx.o(.text)
    UART5_IRQHandler                         0x08000283   Thumb Code     0  startup_stm32f40_41xxx.o(.text)
    USART3_IRQHandler                        0x08000283   Thumb Code     0  startup_stm32f40_41xxx.o(.text)
    WWDG_IRQHandler                          0x08000283   Thumb Code     0  startup_stm32f40_41xxx.o(.text)
    __user_initial_stackheap                 0x08000285   Thumb Code     0  startup_stm32f40_41xxx.o(.text)
    __aeabi_memcpy                           0x080002a9   Thumb Code     0  rt_memcpy_v6.o(.text)
    __rt_memcpy                              0x080002a9   Thumb Code   138  rt_memcpy_v6.o(.text)
    _memcpy_lastbytes                        0x0800030f   Thumb Code     0  rt_memcpy_v6.o(.text)
    __aeabi_memclr4                          0x08000333   Thumb Code     0  rt_memclr_w.o(.text)
    __aeabi_memclr8                          0x08000333   Thumb Code     0  rt_memclr_w.o(.text)
    __rt_memclr_w                            0x08000333   Thumb Code    78  rt_memclr_w.o(.text)
    _memset_w                                0x08000337   Thumb Code     0  rt_memclr_w.o(.text)
    __use_two_region_memory                  0x08000381   Thumb Code     2  heapauxi.o(.text)
    __rt_heap_escrow$2region                 0x08000383   Thumb Code     2  heapauxi.o(.text)
    __rt_heap_expand$2region                 0x08000385   Thumb Code     2  heapauxi.o(.text)
    __aeabi_memcpy4                          0x08000387   Thumb Code     0  rt_memcpy_w.o(.text)
    __aeabi_memcpy8                          0x08000387   Thumb Code     0  rt_memcpy_w.o(.text)
    __rt_memcpy_w                            0x08000387   Thumb Code   100  rt_memcpy_w.o(.text)
    _memcpy_lastbytes_aligned                0x080003cf   Thumb Code     0  rt_memcpy_w.o(.text)
    __user_setup_stackheap                   0x080003eb   Thumb Code    74  sys_stackheap_outer.o(.text)
    exit                                     0x08000435   Thumb Code    18  exit.o(.text)
    __user_libspace                          0x08000449   Thumb Code     8  libspace.o(.text)
    __user_perproc_libspace                  0x08000449   Thumb Code     0  libspace.o(.text)
    __user_perthread_libspace                0x08000449   Thumb Code     0  libspace.o(.text)
    _sys_exit                                0x08000451   Thumb Code     8  sys_exit.o(.text)
    __I$use$semihosting                      0x0800045d   Thumb Code     0  use_no_semi.o(.text)
    __use_no_semihosting_swi                 0x0800045d   Thumb Code     2  use_no_semi.o(.text)
    __semihosting_library_function           0x0800045f   Thumb Code     0  indicate_semi.o(.text)
    Automatic_chassis_control                0x08000461   Thumb Code    54  chassis_task.o(i.Automatic_chassis_control)
    Automatic_gimbal_control                 0x0800049d   Thumb Code    84  gimbal_task.o(i.Automatic_gimbal_control)
    BusFault_Handler                         0x080004f5   Thumb Code     4  stm32f4xx_it.o(i.BusFault_Handler)
    CAN1_RX0_IRQHandler                      0x080004f9   Thumb Code  1624  duty.o(i.CAN1_RX0_IRQHandler)
    CAN2_RX0_IRQHandler                      0x08000b85   Thumb Code   442  duty.o(i.CAN2_RX0_IRQHandler)
    CAN_ClearFlag                            0x08000d65   Thumb Code    52  stm32f4xx_can.o(i.CAN_ClearFlag)
    CAN_ClearITPendingBit                    0x08000d9d   Thumb Code   162  stm32f4xx_can.o(i.CAN_ClearITPendingBit)
    CAN_FilterInit                           0x08000e45   Thumb Code   258  stm32f4xx_can.o(i.CAN_FilterInit)
    CAN_GetITStatus                          0x08000f4d   Thumb Code   284  stm32f4xx_can.o(i.CAN_GetITStatus)
    CAN_ITConfig                             0x0800106d   Thumb Code    18  stm32f4xx_can.o(i.CAN_ITConfig)
    CAN_Init                                 0x0800107f   Thumb Code   276  stm32f4xx_can.o(i.CAN_Init)
    CAN_Receive                              0x08001193   Thumb Code   240  stm32f4xx_can.o(i.CAN_Receive)
    CAN_Transmit                             0x08001283   Thumb Code   294  stm32f4xx_can.o(i.CAN_Transmit)
    Can1_Configuration                       0x080013a9   Thumb Code   244  can1.o(i.Can1_Configuration)
    Can2_Configuration                       0x080014a5   Thumb Code   246  can2.o(i.Can2_Configuration)
    DMA_ClearFlag                            0x080015b9   Thumb Code    38  stm32f4xx_dma.o(i.DMA_ClearFlag)
    DMA_Cmd                                  0x080015ed   Thumb Code    22  stm32f4xx_dma.o(i.DMA_Cmd)
    DMA_DeInit                               0x08001605   Thumb Code   324  stm32f4xx_dma.o(i.DMA_DeInit)
    DMA_DoubleBufferModeCmd                  0x0800175d   Thumb Code    22  stm32f4xx_dma.o(i.DMA_DoubleBufferModeCmd)
    DMA_DoubleBufferModeConfig               0x08001773   Thumb Code    24  stm32f4xx_dma.o(i.DMA_DoubleBufferModeConfig)
    DMA_GetCurrDataCounter                   0x0800178b   Thumb Code     8  stm32f4xx_dma.o(i.DMA_GetCurrDataCounter)
    DMA_GetCurrentMemoryTarget               0x08001793   Thumb Code    20  stm32f4xx_dma.o(i.DMA_GetCurrentMemoryTarget)
    DMA_Init                                 0x080017a9   Thumb Code    82  stm32f4xx_dma.o(i.DMA_Init)
    DMA_SetCurrDataCounter                   0x08001801   Thumb Code     4  stm32f4xx_dma.o(i.DMA_SetCurrDataCounter)
    DMA_StructInit                           0x08001805   Thumb Code    34  stm32f4xx_dma.o(i.DMA_StructInit)
    DebugMon_Handler                         0x08001827   Thumb Code     2  stm32f4xx_it.o(i.DebugMon_Handler)
    DecodeS16Data                            0x08001829   Thumb Code    14  dataprocess.o(i.DecodeS16Data)
    GPIO_Init                                0x08001837   Thumb Code   144  stm32f4xx_gpio.o(i.GPIO_Init)
    GPIO_PinAFConfig                         0x080018c7   Thumb Code    70  stm32f4xx_gpio.o(i.GPIO_PinAFConfig)
    GPIO_ReadInputDataBit                    0x0800190d   Thumb Code    18  stm32f4xx_gpio.o(i.GPIO_ReadInputDataBit)
    GPIO_ResetBits                           0x0800191f   Thumb Code     4  stm32f4xx_gpio.o(i.GPIO_ResetBits)
    GPIO_SetBits                             0x08001923   Thumb Code     4  stm32f4xx_gpio.o(i.GPIO_SetBits)
    GPIO_StructInit                          0x08001927   Thumb Code    18  stm32f4xx_gpio.o(i.GPIO_StructInit)
    HardFault_Handler                        0x08001939   Thumb Code     4  stm32f4xx_it.o(i.HardFault_Handler)
    ImuSPI5_ReadData                         0x0800193d   Thumb Code    58  spi.o(i.ImuSPI5_ReadData)
    Map_data_init                            0x0800197d   Thumb Code    26  navigation_task.o(i.Map_data_init)
    MemManage_Handler                        0x0800199d   Thumb Code     4  stm32f4xx_it.o(i.MemManage_Handler)
    NMI_Handler                              0x080019a1   Thumb Code     2  stm32f4xx_it.o(i.NMI_Handler)
    NVIC_Init                                0x080019a5   Thumb Code   106  misc.o(i.NVIC_Init)
    PID_Calc                                 0x08001a1d   Thumb Code   582  pid.o(i.PID_Calc)
    PID_Init                                 0x08001c6d   Thumb Code    14  pid.o(i.PID_Init)
    PID_InitALL                              0x08001c7d   Thumb Code   420  pid.o(i.PID_InitALL)
    PID_SetParam                             0x08001f15   Thumb Code    22  pid.o(i.PID_SetParam)
    PendSV_Handler                           0x08001f2b   Thumb Code     2  stm32f4xx_it.o(i.PendSV_Handler)
    RCC_AHB1PeriphClockCmd                   0x08001f2d   Thumb Code    26  stm32f4xx_rcc.o(i.RCC_AHB1PeriphClockCmd)
    RCC_APB1PeriphClockCmd                   0x08001f4d   Thumb Code    26  stm32f4xx_rcc.o(i.RCC_APB1PeriphClockCmd)
    RCC_APB1PeriphResetCmd                   0x08001f6d   Thumb Code    26  stm32f4xx_rcc.o(i.RCC_APB1PeriphResetCmd)
    RCC_APB2PeriphClockCmd                   0x08001f8d   Thumb Code    26  stm32f4xx_rcc.o(i.RCC_APB2PeriphClockCmd)
    RCC_APB2PeriphResetCmd                   0x08001fad   Thumb Code    26  stm32f4xx_rcc.o(i.RCC_APB2PeriphResetCmd)
    RCC_GetClocksFreq                        0x08001fcd   Thumb Code   214  stm32f4xx_rcc.o(i.RCC_GetClocksFreq)
    RemoteDataProcess                        0x080020b5   Thumb Code   216  remote_task.o(i.RemoteDataProcess)
    SPI5_Init                                0x080021a9   Thumb Code   208  spi.o(i.SPI5_Init)
    SPI5_ReadWriteByte                       0x08002281   Thumb Code    50  spi.o(i.SPI5_ReadWriteByte)
    SPI_Cmd                                  0x080022b9   Thumb Code    24  stm32f4xx_spi.o(i.SPI_Cmd)
    SPI_I2S_GetFlagStatus                    0x080022d1   Thumb Code    18  stm32f4xx_spi.o(i.SPI_I2S_GetFlagStatus)
    SPI_I2S_ReceiveData                      0x080022e3   Thumb Code     6  stm32f4xx_spi.o(i.SPI_I2S_ReceiveData)
    SPI_I2S_SendData                         0x080022e9   Thumb Code     4  stm32f4xx_spi.o(i.SPI_I2S_SendData)
    SPI_Init                                 0x080022ed   Thumb Code    60  stm32f4xx_spi.o(i.SPI_Init)
    SVC_Handler                              0x08002329   Thumb Code     2  stm32f4xx_it.o(i.SVC_Handler)
    SendMessage_to_Ros                       0x0800232d   Thumb Code  1178  usart2.o(i.SendMessage_to_Ros)
    Send_motorvalue_CAN1_3                   0x080027d5   Thumb Code    94  can1.o(i.Send_motorvalue_CAN1_3)
    Send_motorvalue_CAN1_4                   0x08002839   Thumb Code    94  can1.o(i.Send_motorvalue_CAN1_4)
    Shoot_limit_Init                         0x080029bd   Thumb Code    44  buzzer.o(i.Shoot_limit_Init)
    SysTick_Handler                          0x080029ed   Thumb Code     2  stm32f4xx_it.o(i.SysTick_Handler)
    SystemInit                               0x080029f1   Thumb Code    88  system_stm32f4xx.o(i.SystemInit)
    TIM2_IRQHandler                          0x08002a59   Thumb Code    22  duty.o(i.TIM2_IRQHandler)
    TIM3_IRQHandler                          0x08002a71   Thumb Code   162  duty.o(i.TIM3_IRQHandler)
    TIM4_IRQHandler                          0x08002b39   Thumb Code   170  duty.o(i.TIM4_IRQHandler)
    TIM5_IRQHandler                          0x08002c01   Thumb Code    30  duty.o(i.TIM5_IRQHandler)
    TIM_ARRPreloadConfig                     0x08002c25   Thumb Code    24  stm32f4xx_tim.o(i.TIM_ARRPreloadConfig)
    TIM_ClearFlag                            0x08002c3d   Thumb Code     6  stm32f4xx_tim.o(i.TIM_ClearFlag)
    TIM_Cmd                                  0x08002c43   Thumb Code    24  stm32f4xx_tim.o(i.TIM_Cmd)
    TIM_GetITStatus                          0x08002c5b   Thumb Code    34  stm32f4xx_tim.o(i.TIM_GetITStatus)
    TIM_ITConfig                             0x08002c7d   Thumb Code    18  stm32f4xx_tim.o(i.TIM_ITConfig)
    TIM_OC4Init                              0x08002c91   Thumb Code   112  stm32f4xx_tim.o(i.TIM_OC4Init)
    TIM_OC4PreloadConfig                     0x08002d09   Thumb Code    26  stm32f4xx_tim.o(i.TIM_OC4PreloadConfig)
    TIM_TimeBaseInit                         0x08002d25   Thumb Code   104  stm32f4xx_tim.o(i.TIM_TimeBaseInit)
    Tim3_config                              0x08002da9   Thumb Code   104  tim3.o(i.Tim3_config)
    Tim5_config                              0x08002e15   Thumb Code   106  tim3.o(i.Tim5_config)
    USART1_IRQHandler                        0x08002e85   Thumb Code   202  duty.o(i.USART1_IRQHandler)
    USART2_IRQHandler                        0x08002f69   Thumb Code   328  duty.o(i.USART2_IRQHandler)
    USART6_IRQHandler                        0x080030dd   Thumb Code    54  judgeuart.o(i.USART6_IRQHandler)
    USART_Cmd                                0x0800311d   Thumb Code    24  stm32f4xx_usart.o(i.USART_Cmd)
    USART_DMACmd                             0x08003135   Thumb Code    18  stm32f4xx_usart.o(i.USART_DMACmd)
    USART_DeInit                             0x08003149   Thumb Code   206  stm32f4xx_usart.o(i.USART_DeInit)
    USART_GetFlagStatus                      0x08003239   Thumb Code    26  stm32f4xx_usart.o(i.USART_GetFlagStatus)
    USART_GetITStatus                        0x08003253   Thumb Code    84  stm32f4xx_usart.o(i.USART_GetITStatus)
    USART_ITConfig                           0x080032a7   Thumb Code    74  stm32f4xx_usart.o(i.USART_ITConfig)
    USART_Init                               0x080032f1   Thumb Code   204  stm32f4xx_usart.o(i.USART_Init)
    USART_SendData                           0x080033c5   Thumb Code     8  stm32f4xx_usart.o(i.USART_SendData)
    USART_StructInit                         0x080033cd   Thumb Code    24  stm32f4xx_usart.o(i.USART_StructInit)
    UsageFault_Handler                       0x080033e5   Thumb Code     4  stm32f4xx_it.o(i.UsageFault_Handler)
    automatic_chassis_mode1                  0x080033e9   Thumb Code   562  chassis_task.o(i.automatic_chassis_mode1)
    automatic_chassis_mode2                  0x08003665   Thumb Code   580  chassis_task.o(i.automatic_chassis_mode2)
    automatic_chassis_mode3                  0x080038f9   Thumb Code   456  chassis_task.o(i.automatic_chassis_mode3)
    automatic_chassis_mode4                  0x08003afd   Thumb Code   538  chassis_task.o(i.automatic_chassis_mode4)
    automatic_gimbal_mode0                   0x08003d69   Thumb Code   168  gimbal_task.o(i.automatic_gimbal_mode0)
    automatic_gimbal_mode1                   0x08003e35   Thumb Code   582  gimbal_task.o(i.automatic_gimbal_mode1)
    automatic_gimbal_mode2                   0x080040d9   Thumb Code   938  gimbal_task.o(i.automatic_gimbal_mode2)
    automatic_gimbal_mode3                   0x0800450d   Thumb Code   698  gimbal_task.o(i.automatic_gimbal_mode3)
    automatic_gimbal_mode4                   0x08004851   Thumb Code     2  gimbal_task.o(i.automatic_gimbal_mode4)
    automatic_gimbal_mode5                   0x08004855   Thumb Code   674  gimbal_task.o(i.automatic_gimbal_mode5)
    automatic_gimbal_mode6                   0x08004b79   Thumb Code   914  gimbal_task.o(i.automatic_gimbal_mode6)
    automatic_gimbal_mode7                   0x08004f95   Thumb Code   914  gimbal_task.o(i.automatic_gimbal_mode7)
    automatic_gimbal_mode8                   0x080053b1   Thumb Code   914  gimbal_task.o(i.automatic_gimbal_mode8)
    buzzer_config                            0x080057cd   Thumb Code    56  buzzer.o(i.buzzer_config)
    chassis_task                             0x08005809   Thumb Code   296  chassis_task.o(i.chassis_task)
    delay_ms                                 0x0800596d   Thumb Code    28  delay.o(i.delay_ms)
    f                                        0x08005989   Thumb Code    14  navigation_task.o(i.f)
    gimbal_task                              0x08005999   Thumb Code   236  gimbal_task.o(i.gimbal_task)
    imu_task                                 0x08005aad   Thumb Code     8  imu_task.o(i.imu_task)
    ist8310_get_data                         0x08005ab5   Thumb Code    16  bsp_imu.o(i.ist8310_get_data)
    ist8310_init                             0x08005ac5   Thumb Code   240  bsp_imu.o(i.ist8310_init)
    judgement_data_handle                    0x08005c31   Thumb Code   226  judgeuart.o(i.judgement_data_handle)
    laser_config                             0x08005d45   Thumb Code    60  laser.o(i.laser_config)
    led_config                               0x08005d85   Thumb Code   104  led.o(i.led_config)
    loop                                     0x08005df5   Thumb Code     8  duty.o(i.loop)
    main                                     0x08005dfd   Thumb Code    92  main.o(i.main)
    mpu_device_init                          0x08005e61   Thumb Code    98  bsp_imu.o(i.mpu_device_init)
    mpu_get_data                             0x08005ecd   Thumb Code   364  bsp_imu.o(i.mpu_get_data)
    mpu_offset_cal                           0x0800605d   Thumb Code   414  bsp_imu.o(i.mpu_offset_cal)
    mpu_read_reg                             0x0800620d   Thumb Code    56  bsp_imu.o(i.mpu_read_reg)
    mpu_write_reg                            0x08006251   Thumb Code    60  bsp_imu.o(i.mpu_write_reg)
    remote_chassis_control_mode              0x08006299   Thumb Code   440  chassis_task.o(i.remote_chassis_control_mode)
    remote_control                           0x0800648d   Thumb Code   320  remote_task.o(i.remote_control)
    remote_gimbal_control_mode               0x08006609   Thumb Code   484  gimbal_task.o(i.remote_gimbal_control_mode)
    shoot_task                               0x08006845   Thumb Code   238  shoot_task.o(i.shoot_task)
    tim1_pwm_config                          0x08006971   Thumb Code   378  tim1_pwm.o(i.tim1_pwm_config)
    usart1_config                            0x08006af9   Thumb Code   310  usart1.o(i.usart1_config)
    usart2_config                            0x08006c41   Thumb Code   294  usart2.o(i.usart2_config)
    usart6_config                            0x08006d79   Thumb Code   278  judgeuart.o(i.usart6_config)
    __aeabi_dneg                             0x08006ea1   Thumb Code     0  basic.o(x$fpl$basic)
    _dneg                                    0x08006ea1   Thumb Code     6  basic.o(x$fpl$basic)
    __aeabi_fneg                             0x08006ea7   Thumb Code     0  basic.o(x$fpl$basic)
    _fneg                                    0x08006ea7   Thumb Code     6  basic.o(x$fpl$basic)
    _dabs                                    0x08006ead   Thumb Code     6  basic.o(x$fpl$basic)
    _fabs                                    0x08006eb3   Thumb Code     6  basic.o(x$fpl$basic)
    __aeabi_d2f                              0x08006eb9   Thumb Code     0  d2f.o(x$fpl$d2f)
    _d2f                                     0x08006eb9   Thumb Code    98  d2f.o(x$fpl$d2f)
    __aeabi_dadd                             0x08006f1d   Thumb Code     0  daddsub_clz.o(x$fpl$dadd)
    _dadd                                    0x08006f1d   Thumb Code   332  daddsub_clz.o(x$fpl$dadd)
    __fpl_dcmp_Inf                           0x0800706d   Thumb Code    24  dcmpi.o(x$fpl$dcmpinf)
    __aeabi_ddiv                             0x08007085   Thumb Code     0  ddiv.o(x$fpl$ddiv)
    _ddiv                                    0x08007085   Thumb Code   552  ddiv.o(x$fpl$ddiv)
    __aeabi_d2iz                             0x08007335   Thumb Code     0  dfix.o(x$fpl$dfix)
    _dfix                                    0x08007335   Thumb Code    94  dfix.o(x$fpl$dfix)
    __aeabi_i2d                              0x08007393   Thumb Code     0  dflt_clz.o(x$fpl$dflt)
    _dflt                                    0x08007393   Thumb Code    46  dflt_clz.o(x$fpl$dflt)
    __aeabi_cdcmple                          0x080073c1   Thumb Code     0  dleqf.o(x$fpl$dleqf)
    _dcmple                                  0x080073c1   Thumb Code   120  dleqf.o(x$fpl$dleqf)
    __fpl_dcmple_InfNaN                      0x08007423   Thumb Code     0  dleqf.o(x$fpl$dleqf)
    __aeabi_dmul                             0x08007439   Thumb Code     0  dmul.o(x$fpl$dmul)
    _dmul                                    0x08007439   Thumb Code   332  dmul.o(x$fpl$dmul)
    __fpl_dnaninf                            0x0800758d   Thumb Code   156  dnaninf.o(x$fpl$dnaninf)
    __fpl_dretinf                            0x08007629   Thumb Code    12  dretinf.o(x$fpl$dretinf)
    __aeabi_cdrcmple                         0x08007635   Thumb Code     0  drleqf.o(x$fpl$drleqf)
    _drcmple                                 0x08007635   Thumb Code   108  drleqf.o(x$fpl$drleqf)
    __aeabi_dsub                             0x080076a1   Thumb Code     0  daddsub_clz.o(x$fpl$dsub)
    _dsub                                    0x080076a1   Thumb Code   464  daddsub_clz.o(x$fpl$dsub)
    __aeabi_f2d                              0x08007875   Thumb Code     0  f2d.o(x$fpl$f2d)
    _f2d                                     0x08007875   Thumb Code    86  f2d.o(x$fpl$f2d)
    __fpl_fnaninf                            0x080078cb   Thumb Code   140  fnaninf.o(x$fpl$fnaninf)
    _fp_init                                 0x08007957   Thumb Code    10  fpinit.o(x$fpl$fpinit)
    __fplib_config_fpu_vfp                   0x0800795f   Thumb Code     0  fpinit.o(x$fpl$fpinit)
    __fplib_config_pureend_doubles           0x0800795f   Thumb Code     0  fpinit.o(x$fpl$fpinit)
    __fpl_fretinf                            0x08007961   Thumb Code    10  fretinf.o(x$fpl$fretinf)
    __I$use$fp                               0x0800796a   Number         0  usenofp.o(x$fpl$usenofp)
    Region$$Table$$Base                      0x0800797c   Number         0  anon$$obj.o(Region$$Table)
    Region$$Table$$Limit                     0x0800799c   Number         0  anon$$obj.o(Region$$Table)
    floatnum                                 0x20000000   Data           4  usart2.o(.data)
    last_uwb_x                               0x20000004   Data           2  usart2.o(.data)
    last_uwb_y                               0x20000006   Data           2  usart2.o(.data)
    sendtoROS_uwb_yawangle                   0x20000008   Data           4  usart2.o(.data)
    frame_header                             0x2000000c   Data           4  judgeuart.o(.data)
    cmd_id                                   0x20000010   Data           1  judgeuart.o(.data)
    Bullet_speed                             0x20000014   Data           4  judgeuart.o(.data)
    Bullet_freq                              0x20000018   Data           2  judgeuart.o(.data)
    remain_Hp                                0x2000001a   Data           2  judgeuart.o(.data)
    armor_Type                               0x2000001c   Data           2  judgeuart.o(.data)
    armor_attacked_cnt                       0x20000020   Data           4  judgeuart.o(.data)
    GetICRA_Buff_info                        0x20000024   Data           2  judgeuart.o(.data)
    cardtype                                 0x20000026   Data           1  judgeuart.o(.data)
    cardidx                                  0x20000027   Data           1  judgeuart.o(.data)
    BUFF_attain_flag                         0x20000028   Data           2  judgeuart.o(.data)
    ist_buff                                 0x2000002e   Data           6  bsp_imu.o(.data)
    test_yaw1                                0x20000034   Data           4  bsp_imu.o(.data)
    test_yaw2                                0x20000038   Data           4  bsp_imu.o(.data)
    mpu_id                                   0x2000003c   Data           1  bsp_imu.o(.data)
    uwb_selfcheck_cnt                        0x20000040   Data           4  duty.o(.data)
    uwb_Selfcheck_flag                       0x20000044   Data           4  duty.o(.data)
    dwqdwqdw                                 0x20000048   Data           4  duty.o(.data)
    k_flag111                                0x2000004c   Data           4  duty.o(.data)
    M1                                       0x20000050   Data           4  duty.o(.data)
    M2                                       0x20000054   Data           4  duty.o(.data)
    M3                                       0x20000058   Data           4  duty.o(.data)
    M4                                       0x2000005c   Data           4  duty.o(.data)
    TIM4_send_cnt                            0x20000060   Data           4  duty.o(.data)
    BSP_USART1_DMA_RX_BUF_LEN                0x20000064   Data           4  duty.o(.data)
    usart1_com_cnt                           0x20000068   Data           4  duty.o(.data)
    usart1_com_ornot_cnt                     0x2000006c   Data           4  duty.o(.data)
    usart1_com_ornot_cnt_last                0x20000070   Data           4  duty.o(.data)
    usart1_com_ornot_flag                    0x20000074   Data           4  duty.o(.data)
    startcan1_flag_cnt                       0x20000078   Data           4  duty.o(.data)
    chassismotor_cnt1                        0x2000007c   Data           4  duty.o(.data)
    chassismotor_cnt2                        0x20000080   Data           4  duty.o(.data)
    chassismotor_cnt3                        0x20000084   Data           4  duty.o(.data)
    chassismotor_cnt4                        0x20000088   Data           4  duty.o(.data)
    rx_message_DLC_flag                      0x2000008c   Data           1  duty.o(.data)
    rx_message_DLC_8_1                       0x2000008d   Data           1  duty.o(.data)
    rx_message_DLC_8_2                       0x2000008e   Data           1  duty.o(.data)
    sendtoROS_uwb_flag1                      0x2000008f   Data           1  duty.o(.data)
    asddwfw                                  0x20000090   Data           4  duty.o(.data)
    automatic_keep_distance_para             0x20000094   Data           4  duty.o(.data)
    control_mode                             0x2000009c   Data           4  value.o(.data)
    speed_x                                  0x200000a0   Data           4  value.o(.data)
    speed_y                                  0x200000a4   Data           4  value.o(.data)
    chassis_Motor_M1                         0x200000a8   Data           8  value.o(.data)
    chassis_Motor_M2                         0x200000b0   Data           8  value.o(.data)
    chassis_Motor_M3                         0x200000b8   Data           8  value.o(.data)
    chassis_Motor_M4                         0x200000c0   Data           8  value.o(.data)
    chassis_Motor_M1ofset                    0x200000c8   Data           2  value.o(.data)
    chassis_Motor_M2ofset                    0x200000ca   Data           2  value.o(.data)
    chassis_Motor_M3ofset                    0x200000cc   Data           2  value.o(.data)
    chassis_Motor_M4ofset                    0x200000ce   Data           2  value.o(.data)
    chassis_Motor_M1_last                    0x200000d0   Data           2  value.o(.data)
    chassis_Motor_M2_last                    0x200000d2   Data           2  value.o(.data)
    chassis_Motor_M3_last                    0x200000d4   Data           2  value.o(.data)
    chassis_Motor_M4_last                    0x200000d6   Data           2  value.o(.data)
    chassis_Motor_M1_cnt                     0x200000d8   Data           2  value.o(.data)
    chassis_Motor_M2_cnt                     0x200000da   Data           2  value.o(.data)
    chassis_Motor_M3_cnt                     0x200000dc   Data           2  value.o(.data)
    chassis_Motor_M4_cnt                     0x200000de   Data           2  value.o(.data)
    chassis_Motor1_loco                      0x200000e0   Data           4  value.o(.data)
    chassis_Motor2_loco                      0x200000e4   Data           4  value.o(.data)
    chassis_Motor3_loco                      0x200000e8   Data           4  value.o(.data)
    chassis_Motor4_loco                      0x200000ec   Data           4  value.o(.data)
    chassis_Motor1_loco_last                 0x200000f0   Data           4  value.o(.data)
    chassis_Motor2_loco_last                 0x200000f4   Data           4  value.o(.data)
    chassis_Motor3_loco_last                 0x200000f8   Data           4  value.o(.data)
    chassis_Motor4_loco_last                 0x200000fc   Data           4  value.o(.data)
    chassis_Motor_M1_set                     0x20000100   Data           2  value.o(.data)
    chassis_Motor_M2_set                     0x20000102   Data           2  value.o(.data)
    chassis_Motor_M3_set                     0x20000104   Data           2  value.o(.data)
    chassis_Motor_M4_set                     0x20000106   Data           2  value.o(.data)
    gimbal_speed_yaw                         0x20000108   Data           4  value.o(.data)
    gimbal_speed_pitch                       0x2000010c   Data           4  value.o(.data)
    gimbal_speed_yaw_set                     0x20000110   Data           4  value.o(.data)
    gimbal_speed_pitch_set                   0x20000114   Data           4  value.o(.data)
    yaw_angle                                0x20000118   Data           4  value.o(.data)
    pitch_angle                              0x2000011c   Data           4  value.o(.data)
    pitch_angle_set                          0x20000120   Data           4  value.o(.data)
    ZGyroModuleAngle                         0x20000124   Data           4  value.o(.data)
    Gyro_palstance                           0x20000128   Data           4  value.o(.data)
    ZGyroModule_realAngle                    0x2000012c   Data           4  value.o(.data)
    yaw_angle_set                            0x20000130   Data           4  value.o(.data)
    yaw_angle_dirta                          0x20000134   Data           4  value.o(.data)
    pitch_angle_dirta                        0x20000138   Data           4  value.o(.data)
    Yaw_motorloco_init                       0x2000013c   Data           4  value.o(.data)
    Pitch_motorloco_init                     0x20000140   Data           4  value.o(.data)
    Pitch_horizontal_level                   0x20000144   Data           4  value.o(.data)
    Yaw_motor_realloco                       0x20000148   Data           4  value.o(.data)
    Pitch_motor_realloco                     0x2000014c   Data           4  value.o(.data)
    Yaw_Motor                                0x20000150   Data           8  value.o(.data)
    Pitch_Motor                              0x20000158   Data           8  value.o(.data)
    Search_enemy_turning_flag                0x20000160   Data           1  value.o(.data)
    Trigger_Motor                            0x20000162   Data           8  value.o(.data)
    Trigger_Motor_Set                        0x2000016a   Data           2  value.o(.data)
    Tim_circle_flag_1ms                      0x2000016c   Data           4  value.o(.data)
    Tim_circle_flag_2ms                      0x20000170   Data           4  value.o(.data)
    Tim_circle_flag_3ms                      0x20000174   Data           4  value.o(.data)
    communication_temp                       0x20000178   Data           1  value.o(.data)
    automatic_control_mode                   0x20000179   Data           1  value.o(.data)
    top_Mode                                 0x2000017a   Data           2  value.o(.data)
    top_Direction                            0x2000017c   Data           2  value.o(.data)
    top_Speed                                0x2000017e   Data           2  value.o(.data)
    top_Yaw                                  0x20000180   Data           2  value.o(.data)
    top_Pitch                                0x20000182   Data           2  value.o(.data)
    top_distance                             0x20000184   Data           4  value.o(.data)
    top_dy                                   0x20000188   Data           2  value.o(.data)
    target_yawmove_speed                     0x2000018c   Data           4  value.o(.data)
    target_yawmove_speed_para                0x20000190   Data           4  value.o(.data)
    last_rc_s1                               0x20000194   Data           1  value.o(.data)
    shoot_status                             0x20000195   Data           1  value.o(.data)
    shoot_speed_value                        0x20000198   Data           4  value.o(.data)
    Trigger_motor_frequence                  0x2000019c   Data           4  value.o(.data)
    KEY_STATE                                0x200001a0   Data           1  value.o(.data)
    LAST_KEY_STATE                           0x200001a1   Data           1  value.o(.data)
    shoot_start_flag                         0x200001a2   Data           1  value.o(.data)
    enemy_found_flag                         0x200001a3   Data           1  value.o(.data)
    shoot_bullet_cnt                         0x200001a4   Data           4  value.o(.data)
    shoot_bullet_everycnt                    0x200001a8   Data           4  value.o(.data)
    shoot_frequence_cnt                      0x200001ac   Data           4  value.o(.data)
    move_for_behind_value                    0x200001b0   Data           2  value.o(.data)
    move_left_right_value                    0x200001b2   Data           2  value.o(.data)
    front_distance_from_lidar                0x200001b4   Data           2  value.o(.data)
    game_start_flag                          0x200001b8   Data           4  value.o(.data)
    game_start_cnt                           0x200001bc   Data           4  value.o(.data)
    fixed_bullet_speedset                    0x200001c0   Data           4  value.o(.data)
    rc_ch0_value                             0x200001d4   Data           4  remote_task.o(.data)
    rc_ch1_value                             0x200001d8   Data           4  remote_task.o(.data)
    rc_ch2_value                             0x200001dc   Data           4  remote_task.o(.data)
    rc_ch3_value                             0x200001e0   Data           4  remote_task.o(.data)
    para_ch0_1                               0x200001e4   Data           4  remote_task.o(.data)
    para_ch2_3                               0x200001e8   Data           4  remote_task.o(.data)
    yaw_angle_para                           0x200001ec   Data           4  remote_task.o(.data)
    pitch_angle_para                         0x200001f0   Data           4  remote_task.o(.data)
    Set_Navipoint_status                     0x200001f4   Data           1  navigation_task.o(.data)
    Set_Navipoint_cnt                        0x200001f5   Data           1  navigation_task.o(.data)
    location_point_cnt                       0x200001f6   Data           1  navigation_task.o(.data)
    X_arrive_flag                            0x200001f7   Data           1  navigation_task.o(.data)
    Y_arrive_flag                            0x200001f8   Data           1  navigation_task.o(.data)
    automaticmode_notarget_cnt               0x200001fc   Data           4  gimbal_task.o(.data)
    yaw_locationPID_input                    0x20000200   Data           4  gimbal_task.o(.data)
    yaw_locationPID_input_updateFlag         0x20000204   Data           4  gimbal_task.o(.data)
    pitch_locationPID_input                  0x20000208   Data           4  gimbal_task.o(.data)
    from_realsense_angle_flag                0x2000020c   Data           4  gimbal_task.o(.data)
    Top_Data_last_Top_Gimbal_Mode            0x20000210   Data           4  gimbal_task.o(.data)
    searching_start_flag                     0x20000214   Data           4  gimbal_task.o(.data)
    searching_standard_position              0x20000218   Data           4  gimbal_task.o(.data)
    Yaw_Motor_encoding                       0x2000021c   Data           2  gimbal_task.o(.data)
    shake_gimbal_once_flag                   0x20000220   Data           4  gimbal_task.o(.data)
    fixed_bullet_speedshoot_once             0x20000224   Data           4  gimbal_task.o(.data)
    gimbal_chassis_err                       0x20000228   Data           4  chassis_task.o(.data)
    gimbal_chassis_para                      0x2000022c   Data           4  chassis_task.o(.data)
    chassis_orientaion_targetangle           0x20000230   Data           4  chassis_task.o(.data)
    chassis_orientaion_targetangle_flag1     0x20000234   Data           4  chassis_task.o(.data)
    chassis_orientaion_targetangle_flag2     0x20000238   Data           4  chassis_task.o(.data)
    chassis_turn_tail_flag                   0x2000023c   Data           4  chassis_task.o(.data)
    chassis_turn_tail_stopgap_flag           0x20000240   Data           4  chassis_task.o(.data)
    Set_Shoot_status                         0x20000244   Data           1  shoot_task.o(.data)
    defend_stop_trigger_flag                 0x20000248   Data           4  shoot_task.o(.data)
    fire_the_hole_flag                       0x2000024c   Data           4  shoot_task.o(.data)
    defend_stop_trigger_cnt1                 0x20000250   Data           4  shoot_task.o(.data)
    defend_stop_trigger_cnt2                 0x20000254   Data           4  shoot_task.o(.data)
    Bullet_freq_tar                          0x20000258   Data           2  shoot_task.o(.data)
    Bullet_freq_Kp                           0x2000025a   Data           2  shoot_task.o(.data)
    shoot_flag                               0x2000025c   Data           4  shoot_task.o(.data)
    Top_Data                                 0x20000260   Data          14  usart2.o(.bss)
    judge_buf                                0x2000026e   Data         100  judgeuart.o(.bss)
    judge_rece_mesg                          0x200002d2   Data          52  judgeuart.o(.bss)
    mpu_buff                                 0x20000316   Data          14  bsp_imu.o(.bss)
    mpu_data                                 0x20000324   Data          32  bsp_imu.o(.bss)
    imu                                      0x20000344   Data          56  bsp_imu.o(.bss)
    Uwb_data                                 0x2000037c   Data          24  can2.o(.bss)
    _USART1_DMA_RX_BUF                       0x20000394   Data          60  duty.o(.bss)
    rxbuf                                    0x200003d0   Data          32  duty.o(.bss)
    chassis_Motor_M1_buf                     0x200003f0   Data          20  value.o(.bss)
    chassis_Motor_M2_buf                     0x20000404   Data          20  value.o(.bss)
    chassis_Motor_M3_buf                     0x20000418   Data          20  value.o(.bss)
    chassis_Motor_M4_buf                     0x2000042c   Data          20  value.o(.bss)
    tx_buf_toROS                             0x20000440   Data          36  value.o(.bss)
    chassismotor_1                           0x20000468   Data          88  pid.o(.bss)
    chassismotor_2                           0x200004c0   Data          88  pid.o(.bss)
    chassismotor_3                           0x20000518   Data          88  pid.o(.bss)
    chassismotor_4                           0x20000570   Data          88  pid.o(.bss)
    yawmotor_speed_remote                    0x200005c8   Data          88  pid.o(.bss)
    pitchmotor_speed_remote                  0x20000620   Data          88  pid.o(.bss)
    yawmotor_remote                          0x20000678   Data          88  pid.o(.bss)
    pitchmotor_remote                        0x200006d0   Data          88  pid.o(.bss)
    yawmotor_auto                            0x20000728   Data          88  pid.o(.bss)
    pitchmotor_speed_auto                    0x20000780   Data          88  pid.o(.bss)
    yawmotor_speed_auto                      0x200007d8   Data          88  pid.o(.bss)
    pitchmotor_auto                          0x20000830   Data          88  pid.o(.bss)
    triggermotor                             0x20000888   Data          88  pid.o(.bss)
    RC_CtrlData                              0x200008e0   Data          24  remote_task.o(.bss)
    Map_data                                 0x200008f8   Data         112  navigation_task.o(.bss)
    __libspace_start                         0x20000968   Data          96  libspace.o(.bss)
    __temporary_stack_top$libspace           0x200009c8   Data           0  libspace.o(.bss)



==============================================================================

Memory Map of the image

  Image Entry point : 0x08000189

  Load Region LR_IROM1 (Base: 0x08000000, Size: 0x00007bfc, Max: 0x00200000, ABSOLUTE, COMPRESSED[0x000079f4])

    Execution Region ER_IROM1 (Exec base: 0x08000000, Load base: 0x08000000, Size: 0x0000799c, Max: 0x00200000, ABSOLUTE)

    Exec Addr    Load Addr    Size         Type   Attr      Idx    E Section Name        Object

    0x08000000   0x08000000   0x00000188   Data   RO         1209    RESET               startup_stm32f40_41xxx.o
    0x08000188   0x08000188   0x00000008   Code   RO         4224  * !!!main             c_w.l(__main.o)
    0x08000190   0x08000190   0x00000034   Code   RO         4428    !!!scatter          c_w.l(__scatter.o)
    0x080001c4   0x080001c4   0x0000005a   Code   RO         4426    !!dczerorl2         c_w.l(__dczerorl2.o)
    0x0800021e   0x0800021e   0x00000002   PAD
    0x08000220   0x08000220   0x0000001c   Code   RO         4430    !!handler_zi        c_w.l(__scatter_zi.o)
    0x0800023c   0x0800023c   0x00000002   Code   RO         4296    .ARM.Collect$$libinit$$00000000  c_w.l(libinit.o)
    0x0800023e   0x0800023e   0x00000004   Code   RO         4302    .ARM.Collect$$libinit$$00000001  c_w.l(libinit2.o)
    0x08000242   0x08000242   0x00000000   Code   RO         4305    .ARM.Collect$$libinit$$00000004  c_w.l(libinit2.o)
    0x08000242   0x08000242   0x00000000   Code   RO         4308    .ARM.Collect$$libinit$$0000000A  c_w.l(libinit2.o)
    0x08000242   0x08000242   0x00000000   Code   RO         4310    .ARM.Collect$$libinit$$0000000C  c_w.l(libinit2.o)
    0x08000242   0x08000242   0x00000000   Code   RO         4312    .ARM.Collect$$libinit$$0000000E  c_w.l(libinit2.o)
    0x08000242   0x08000242   0x00000000   Code   RO         4315    .ARM.Collect$$libinit$$00000011  c_w.l(libinit2.o)
    0x08000242   0x08000242   0x00000000   Code   RO         4317    .ARM.Collect$$libinit$$00000013  c_w.l(libinit2.o)
    0x08000242   0x08000242   0x00000000   Code   RO         4319    .ARM.Collect$$libinit$$00000015  c_w.l(libinit2.o)
    0x08000242   0x08000242   0x00000000   Code   RO         4321    .ARM.Collect$$libinit$$00000017  c_w.l(libinit2.o)
    0x08000242   0x08000242   0x00000000   Code   RO         4323    .ARM.Collect$$libinit$$00000019  c_w.l(libinit2.o)
    0x08000242   0x08000242   0x00000000   Code   RO         4325    .ARM.Collect$$libinit$$0000001B  c_w.l(libinit2.o)
    0x08000242   0x08000242   0x00000000   Code   RO         4327    .ARM.Collect$$libinit$$0000001D  c_w.l(libinit2.o)
    0x08000242   0x08000242   0x00000000   Code   RO         4329    .ARM.Collect$$libinit$$0000001F  c_w.l(libinit2.o)
    0x08000242   0x08000242   0x00000000   Code   RO         4331    .ARM.Collect$$libinit$$00000021  c_w.l(libinit2.o)
    0x08000242   0x08000242   0x00000000   Code   RO         4333    .ARM.Collect$$libinit$$00000023  c_w.l(libinit2.o)
    0x08000242   0x08000242   0x00000000   Code   RO         4335    .ARM.Collect$$libinit$$00000025  c_w.l(libinit2.o)
    0x08000242   0x08000242   0x00000000   Code   RO         4339    .ARM.Collect$$libinit$$0000002C  c_w.l(libinit2.o)
    0x08000242   0x08000242   0x00000000   Code   RO         4341    .ARM.Collect$$libinit$$0000002E  c_w.l(libinit2.o)
    0x08000242   0x08000242   0x00000000   Code   RO         4343    .ARM.Collect$$libinit$$00000030  c_w.l(libinit2.o)
    0x08000242   0x08000242   0x00000000   Code   RO         4345    .ARM.Collect$$libinit$$00000032  c_w.l(libinit2.o)
    0x08000242   0x08000242   0x00000002   Code   RO         4346    .ARM.Collect$$libinit$$00000033  c_w.l(libinit2.o)
    0x08000244   0x08000244   0x00000002   Code   RO         4366    .ARM.Collect$$libshutdown$$00000000  c_w.l(libshutdown.o)
    0x08000246   0x08000246   0x00000000   Code   RO         4379    .ARM.Collect$$libshutdown$$00000002  c_w.l(libshutdown2.o)
    0x08000246   0x08000246   0x00000000   Code   RO         4381    .ARM.Collect$$libshutdown$$00000004  c_w.l(libshutdown2.o)
    0x08000246   0x08000246   0x00000000   Code   RO         4384    .ARM.Collect$$libshutdown$$00000007  c_w.l(libshutdown2.o)
    0x08000246   0x08000246   0x00000000   Code   RO         4387    .ARM.Collect$$libshutdown$$0000000A  c_w.l(libshutdown2.o)
    0x08000246   0x08000246   0x00000000   Code   RO         4389    .ARM.Collect$$libshutdown$$0000000C  c_w.l(libshutdown2.o)
    0x08000246   0x08000246   0x00000000   Code   RO         4392    .ARM.Collect$$libshutdown$$0000000F  c_w.l(libshutdown2.o)
    0x08000246   0x08000246   0x00000002   Code   RO         4393    .ARM.Collect$$libshutdown$$00000010  c_w.l(libshutdown2.o)
    0x08000248   0x08000248   0x00000000   Code   RO         4258    .ARM.Collect$$rtentry$$00000000  c_w.l(__rtentry.o)
    0x08000248   0x08000248   0x00000000   Code   RO         4273    .ARM.Collect$$rtentry$$00000002  c_w.l(__rtentry2.o)
    0x08000248   0x08000248   0x00000006   Code   RO         4285    .ARM.Collect$$rtentry$$00000004  c_w.l(__rtentry4.o)
    0x0800024e   0x0800024e   0x00000000   Code   RO         4275    .ARM.Collect$$rtentry$$00000009  c_w.l(__rtentry2.o)
    0x0800024e   0x0800024e   0x00000004   Code   RO         4276    .ARM.Collect$$rtentry$$0000000A  c_w.l(__rtentry2.o)
    0x08000252   0x08000252   0x00000000   Code   RO         4278    .ARM.Collect$$rtentry$$0000000C  c_w.l(__rtentry2.o)
    0x08000252   0x08000252   0x00000008   Code   RO         4279    .ARM.Collect$$rtentry$$0000000D  c_w.l(__rtentry2.o)
    0x0800025a   0x0800025a   0x00000002   Code   RO         4300    .ARM.Collect$$rtexit$$00000000  c_w.l(rtexit.o)
    0x0800025c   0x0800025c   0x00000000   Code   RO         4348    .ARM.Collect$$rtexit$$00000002  c_w.l(rtexit2.o)
    0x0800025c   0x0800025c   0x00000004   Code   RO         4349    .ARM.Collect$$rtexit$$00000003  c_w.l(rtexit2.o)
    0x08000260   0x08000260   0x00000006   Code   RO         4350    .ARM.Collect$$rtexit$$00000004  c_w.l(rtexit2.o)
    0x08000266   0x08000266   0x00000002   PAD
    0x08000268   0x08000268   0x00000040   Code   RO         1210    .text               startup_stm32f40_41xxx.o
    0x080002a8   0x080002a8   0x0000008a   Code   RO         4218    .text               c_w.l(rt_memcpy_v6.o)
    0x08000332   0x08000332   0x0000004e   Code   RO         4220    .text               c_w.l(rt_memclr_w.o)
    0x08000380   0x08000380   0x00000006   Code   RO         4222    .text               c_w.l(heapauxi.o)
    0x08000386   0x08000386   0x00000064   Code   RO         4259    .text               c_w.l(rt_memcpy_w.o)
    0x080003ea   0x080003ea   0x0000004a   Code   RO         4287    .text               c_w.l(sys_stackheap_outer.o)
    0x08000434   0x08000434   0x00000012   Code   RO         4289    .text               c_w.l(exit.o)
    0x08000446   0x08000446   0x00000002   PAD
    0x08000448   0x08000448   0x00000008   Code   RO         4297    .text               c_w.l(libspace.o)
    0x08000450   0x08000450   0x0000000c   Code   RO         4358    .text               c_w.l(sys_exit.o)
    0x0800045c   0x0800045c   0x00000002   Code   RO         4369    .text               c_w.l(use_no_semi.o)
    0x0800045e   0x0800045e   0x00000000   Code   RO         4371    .text               c_w.l(indicate_semi.o)
    0x0800045e   0x0800045e   0x00000002   PAD
    0x08000460   0x08000460   0x0000003c   Code   RO         4104    i.Automatic_chassis_control  chassis_task.o
    0x0800049c   0x0800049c   0x00000058   Code   RO         4010    i.Automatic_gimbal_control  gimbal_task.o
    0x080004f4   0x080004f4   0x00000004   Code   RO          229    i.BusFault_Handler  stm32f4xx_it.o
    0x080004f8   0x080004f8   0x0000068c   Code   RO          897    i.CAN1_RX0_IRQHandler  duty.o
    0x08000b84   0x08000b84   0x000001e0   Code   RO          898    i.CAN2_RX0_IRQHandler  duty.o
    0x08000d64   0x08000d64   0x00000038   Code   RO         2179    i.CAN_ClearFlag     stm32f4xx_can.o
    0x08000d9c   0x08000d9c   0x000000a8   Code   RO         2180    i.CAN_ClearITPendingBit  stm32f4xx_can.o
    0x08000e44   0x08000e44   0x00000108   Code   RO         2184    i.CAN_FilterInit    stm32f4xx_can.o
    0x08000f4c   0x08000f4c   0x00000120   Code   RO         2186    i.CAN_GetITStatus   stm32f4xx_can.o
    0x0800106c   0x0800106c   0x00000012   Code   RO         2190    i.CAN_ITConfig      stm32f4xx_can.o
    0x0800107e   0x0800107e   0x00000114   Code   RO         2191    i.CAN_Init          stm32f4xx_can.o
    0x08001192   0x08001192   0x000000f0   Code   RO         2194    i.CAN_Receive       stm32f4xx_can.o
    0x08001282   0x08001282   0x00000126   Code   RO         2199    i.CAN_Transmit      stm32f4xx_can.o
    0x080013a8   0x080013a8   0x000000fc   Code   RO          830    i.Can1_Configuration  can1.o
    0x080014a4   0x080014a4   0x00000100   Code   RO          865    i.Can2_Configuration  can2.o
    0x080015a4   0x080015a4   0x00000012   Code   RO         2202    i.CheckITStatus     stm32f4xx_can.o
    0x080015b6   0x080015b6   0x00000002   PAD
    0x080015b8   0x080015b8   0x00000034   Code   RO         2561    i.DMA_ClearFlag     stm32f4xx_dma.o
    0x080015ec   0x080015ec   0x00000016   Code   RO         2563    i.DMA_Cmd           stm32f4xx_dma.o
    0x08001602   0x08001602   0x00000002   PAD
    0x08001604   0x08001604   0x00000158   Code   RO         2564    i.DMA_DeInit        stm32f4xx_dma.o
    0x0800175c   0x0800175c   0x00000016   Code   RO         2565    i.DMA_DoubleBufferModeCmd  stm32f4xx_dma.o
    0x08001772   0x08001772   0x00000018   Code   RO         2566    i.DMA_DoubleBufferModeConfig  stm32f4xx_dma.o
    0x0800178a   0x0800178a   0x00000008   Code   RO         2569    i.DMA_GetCurrDataCounter  stm32f4xx_dma.o
    0x08001792   0x08001792   0x00000014   Code   RO         2570    i.DMA_GetCurrentMemoryTarget  stm32f4xx_dma.o
    0x080017a6   0x080017a6   0x00000002   PAD
    0x080017a8   0x080017a8   0x00000058   Code   RO         2575    i.DMA_Init          stm32f4xx_dma.o
    0x08001800   0x08001800   0x00000004   Code   RO         2578    i.DMA_SetCurrDataCounter  stm32f4xx_dma.o
    0x08001804   0x08001804   0x00000022   Code   RO         2579    i.DMA_StructInit    stm32f4xx_dma.o
    0x08001826   0x08001826   0x00000002   Code   RO          230    i.DebugMon_Handler  stm32f4xx_it.o
    0x08001828   0x08001828   0x0000000e   Code   RO         1083    i.DecodeS16Data     dataprocess.o
    0x08001836   0x08001836   0x00000090   Code   RO         1261    i.GPIO_Init         stm32f4xx_gpio.o
    0x080018c6   0x080018c6   0x00000046   Code   RO         1262    i.GPIO_PinAFConfig  stm32f4xx_gpio.o
    0x0800190c   0x0800190c   0x00000012   Code   RO         1265    i.GPIO_ReadInputDataBit  stm32f4xx_gpio.o
    0x0800191e   0x0800191e   0x00000004   Code   RO         1268    i.GPIO_ResetBits    stm32f4xx_gpio.o
    0x08001922   0x08001922   0x00000004   Code   RO         1269    i.GPIO_SetBits      stm32f4xx_gpio.o
    0x08001926   0x08001926   0x00000012   Code   RO         1270    i.GPIO_StructInit   stm32f4xx_gpio.o
    0x08001938   0x08001938   0x00000004   Code   RO          231    i.HardFault_Handler  stm32f4xx_it.o
    0x0800193c   0x0800193c   0x00000040   Code   RO          697    i.ImuSPI5_ReadData  spi.o
    0x0800197c   0x0800197c   0x00000020   Code   RO         3959    i.Map_data_init     navigation_task.o
    0x0800199c   0x0800199c   0x00000004   Code   RO          232    i.MemManage_Handler  stm32f4xx_it.o
    0x080019a0   0x080019a0   0x00000002   Code   RO          233    i.NMI_Handler       stm32f4xx_it.o
    0x080019a2   0x080019a2   0x00000002   PAD
    0x080019a4   0x080019a4   0x00000078   Code   RO         1216    i.NVIC_Init         misc.o
    0x08001a1c   0x08001a1c   0x00000250   Code   RO         1165    i.PID_Calc          pid.o
    0x08001c6c   0x08001c6c   0x0000000e   Code   RO         1166    i.PID_Init          pid.o
    0x08001c7a   0x08001c7a   0x00000002   PAD
    0x08001c7c   0x08001c7c   0x00000298   Code   RO         1167    i.PID_InitALL       pid.o
    0x08001f14   0x08001f14   0x00000016   Code   RO         1168    i.PID_SetParam      pid.o
    0x08001f2a   0x08001f2a   0x00000002   Code   RO          234    i.PendSV_Handler    stm32f4xx_it.o
    0x08001f2c   0x08001f2c   0x00000020   Code   RO         1358    i.RCC_AHB1PeriphClockCmd  stm32f4xx_rcc.o
    0x08001f4c   0x08001f4c   0x00000020   Code   RO         1367    i.RCC_APB1PeriphClockCmd  stm32f4xx_rcc.o
    0x08001f6c   0x08001f6c   0x00000020   Code   RO         1369    i.RCC_APB1PeriphResetCmd  stm32f4xx_rcc.o
    0x08001f8c   0x08001f8c   0x00000020   Code   RO         1370    i.RCC_APB2PeriphClockCmd  stm32f4xx_rcc.o
    0x08001fac   0x08001fac   0x00000020   Code   RO         1372    i.RCC_APB2PeriphResetCmd  stm32f4xx_rcc.o
    0x08001fcc   0x08001fcc   0x000000e8   Code   RO         1379    i.RCC_GetClocksFreq  stm32f4xx_rcc.o
    0x080020b4   0x080020b4   0x000000f4   Code   RO         3925    i.RemoteDataProcess  remote_task.o
    0x080021a8   0x080021a8   0x000000d8   Code   RO          698    i.SPI5_Init         spi.o
    0x08002280   0x08002280   0x00000038   Code   RO          699    i.SPI5_ReadWriteByte  spi.o
    0x080022b8   0x080022b8   0x00000018   Code   RO         3205    i.SPI_Cmd           stm32f4xx_spi.o
    0x080022d0   0x080022d0   0x00000012   Code   RO         3213    i.SPI_I2S_GetFlagStatus  stm32f4xx_spi.o
    0x080022e2   0x080022e2   0x00000006   Code   RO         3216    i.SPI_I2S_ReceiveData  stm32f4xx_spi.o
    0x080022e8   0x080022e8   0x00000004   Code   RO         3217    i.SPI_I2S_SendData  stm32f4xx_spi.o
    0x080022ec   0x080022ec   0x0000003c   Code   RO         3218    i.SPI_Init          stm32f4xx_spi.o
    0x08002328   0x08002328   0x00000002   Code   RO          235    i.SVC_Handler       stm32f4xx_it.o
    0x0800232a   0x0800232a   0x00000002   PAD
    0x0800232c   0x0800232c   0x000004a8   Code   RO          545    i.SendMessage_to_Ros  usart2.o
    0x080027d4   0x080027d4   0x00000064   Code   RO          831    i.Send_motorvalue_CAN1_3  can1.o
    0x08002838   0x08002838   0x00000064   Code   RO          832    i.Send_motorvalue_CAN1_4  can1.o
    0x0800289c   0x0800289c   0x00000120   Code   RO          407    i.SetSysClock       system_stm32f4xx.o
    0x080029bc   0x080029bc   0x00000030   Code   RO          622    i.Shoot_limit_Init  buzzer.o
    0x080029ec   0x080029ec   0x00000002   Code   RO          236    i.SysTick_Handler   stm32f4xx_it.o
    0x080029ee   0x080029ee   0x00000002   PAD
    0x080029f0   0x080029f0   0x00000068   Code   RO          409    i.SystemInit        system_stm32f4xx.o
    0x08002a58   0x08002a58   0x00000016   Code   RO          899    i.TIM2_IRQHandler   duty.o
    0x08002a6e   0x08002a6e   0x00000002   PAD
    0x08002a70   0x08002a70   0x000000c8   Code   RO          900    i.TIM3_IRQHandler   duty.o
    0x08002b38   0x08002b38   0x000000c8   Code   RO          901    i.TIM4_IRQHandler   duty.o
    0x08002c00   0x08002c00   0x00000024   Code   RO          902    i.TIM5_IRQHandler   duty.o
    0x08002c24   0x08002c24   0x00000018   Code   RO         3367    i.TIM_ARRPreloadConfig  stm32f4xx_tim.o
    0x08002c3c   0x08002c3c   0x00000006   Code   RO         3373    i.TIM_ClearFlag     stm32f4xx_tim.o
    0x08002c42   0x08002c42   0x00000018   Code   RO         3379    i.TIM_Cmd           stm32f4xx_tim.o
    0x08002c5a   0x08002c5a   0x00000022   Code   RO         3400    i.TIM_GetITStatus   stm32f4xx_tim.o
    0x08002c7c   0x08002c7c   0x00000012   Code   RO         3404    i.TIM_ITConfig      stm32f4xx_tim.o
    0x08002c8e   0x08002c8e   0x00000002   PAD
    0x08002c90   0x08002c90   0x00000078   Code   RO         3423    i.TIM_OC4Init       stm32f4xx_tim.o
    0x08002d08   0x08002d08   0x0000001a   Code   RO         3425    i.TIM_OC4PreloadConfig  stm32f4xx_tim.o
    0x08002d22   0x08002d22   0x00000002   PAD
    0x08002d24   0x08002d24   0x00000084   Code   RO         3451    i.TIM_TimeBaseInit  stm32f4xx_tim.o
    0x08002da8   0x08002da8   0x0000006c   Code   RO          494    i.Tim3_config       tim3.o
    0x08002e14   0x08002e14   0x00000070   Code   RO          495    i.Tim5_config       tim3.o
    0x08002e84   0x08002e84   0x000000e4   Code   RO          903    i.USART1_IRQHandler  duty.o
    0x08002f68   0x08002f68   0x00000174   Code   RO          904    i.USART2_IRQHandler  duty.o
    0x080030dc   0x080030dc   0x00000040   Code   RO          583    i.USART6_IRQHandler  judgeuart.o
    0x0800311c   0x0800311c   0x00000018   Code   RO         1752    i.USART_Cmd         stm32f4xx_usart.o
    0x08003134   0x08003134   0x00000012   Code   RO         1753    i.USART_DMACmd      stm32f4xx_usart.o
    0x08003146   0x08003146   0x00000002   PAD
    0x08003148   0x08003148   0x000000f0   Code   RO         1754    i.USART_DeInit      stm32f4xx_usart.o
    0x08003238   0x08003238   0x0000001a   Code   RO         1755    i.USART_GetFlagStatus  stm32f4xx_usart.o
    0x08003252   0x08003252   0x00000054   Code   RO         1756    i.USART_GetITStatus  stm32f4xx_usart.o
    0x080032a6   0x080032a6   0x0000004a   Code   RO         1758    i.USART_ITConfig    stm32f4xx_usart.o
    0x080032f0   0x080032f0   0x000000d4   Code   RO         1759    i.USART_Init        stm32f4xx_usart.o
    0x080033c4   0x080033c4   0x00000008   Code   RO         1769    i.USART_SendData    stm32f4xx_usart.o
    0x080033cc   0x080033cc   0x00000018   Code   RO         1775    i.USART_StructInit  stm32f4xx_usart.o
    0x080033e4   0x080033e4   0x00000004   Code   RO          237    i.UsageFault_Handler  stm32f4xx_it.o
    0x080033e8   0x080033e8   0x0000027c   Code   RO         4106    i.automatic_chassis_mode1  chassis_task.o
    0x08003664   0x08003664   0x00000294   Code   RO         4107    i.automatic_chassis_mode2  chassis_task.o
    0x080038f8   0x080038f8   0x00000204   Code   RO         4108    i.automatic_chassis_mode3  chassis_task.o
    0x08003afc   0x08003afc   0x0000026c   Code   RO         4109    i.automatic_chassis_mode4  chassis_task.o
    0x08003d68   0x08003d68   0x000000cc   Code   RO         4011    i.automatic_gimbal_mode0  gimbal_task.o
    0x08003e34   0x08003e34   0x000002a4   Code   RO         4012    i.automatic_gimbal_mode1  gimbal_task.o
    0x080040d8   0x080040d8   0x00000434   Code   RO         4013    i.automatic_gimbal_mode2  gimbal_task.o
    0x0800450c   0x0800450c   0x00000344   Code   RO         4014    i.automatic_gimbal_mode3  gimbal_task.o
    0x08004850   0x08004850   0x00000002   Code   RO         4015    i.automatic_gimbal_mode4  gimbal_task.o
    0x08004852   0x08004852   0x00000002   PAD
    0x08004854   0x08004854   0x00000324   Code   RO         4016    i.automatic_gimbal_mode5  gimbal_task.o
    0x08004b78   0x08004b78   0x0000041c   Code   RO         4017    i.automatic_gimbal_mode6  gimbal_task.o
    0x08004f94   0x08004f94   0x0000041c   Code   RO         4018    i.automatic_gimbal_mode7  gimbal_task.o
    0x080053b0   0x080053b0   0x0000041c   Code   RO         4019    i.automatic_gimbal_mode8  gimbal_task.o
    0x080057cc   0x080057cc   0x0000003c   Code   RO          623    i.buzzer_config     buzzer.o
    0x08005808   0x08005808   0x00000164   Code   RO         4110    i.chassis_task      chassis_task.o
    0x0800596c   0x0800596c   0x0000001c   Code   RO         1025    i.delay_ms          delay.o
    0x08005988   0x08005988   0x0000000e   Code   RO         3961    i.f                 navigation_task.o
    0x08005996   0x08005996   0x00000002   PAD
    0x08005998   0x08005998   0x00000114   Code   RO         4020    i.gimbal_task       gimbal_task.o
    0x08005aac   0x08005aac   0x00000008   Code   RO         4198    i.imu_task          imu_task.o
    0x08005ab4   0x08005ab4   0x00000010   Code   RO          736    i.ist8310_get_data  bsp_imu.o
    0x08005ac4   0x08005ac4   0x000000f0   Code   RO          737    i.ist8310_init      bsp_imu.o
    0x08005bb4   0x08005bb4   0x0000003a   Code   RO          738    i.ist_reg_read_by_mpu  bsp_imu.o
    0x08005bee   0x08005bee   0x00000040   Code   RO          739    i.ist_reg_write_by_mpu  bsp_imu.o
    0x08005c2e   0x08005c2e   0x00000002   PAD
    0x08005c30   0x08005c30   0x00000114   Code   RO          584    i.judgement_data_handle  judgeuart.o
    0x08005d44   0x08005d44   0x00000040   Code   RO          671    i.laser_config      laser.o
    0x08005d84   0x08005d84   0x00000070   Code   RO          648    i.led_config        led.o
    0x08005df4   0x08005df4   0x00000008   Code   RO          907    i.loop              duty.o
    0x08005dfc   0x08005dfc   0x00000064   Code   RO            3    i.main              main.o
    0x08005e60   0x08005e60   0x0000006c   Code   RO          740    i.mpu_device_init   bsp_imu.o
    0x08005ecc   0x08005ecc   0x00000190   Code   RO          741    i.mpu_get_data      bsp_imu.o
    0x0800605c   0x0800605c   0x000001b0   Code   RO          743    i.mpu_offset_cal    bsp_imu.o
    0x0800620c   0x0800620c   0x00000044   Code   RO          744    i.mpu_read_reg      bsp_imu.o
    0x08006250   0x08006250   0x00000048   Code   RO          745    i.mpu_write_reg     bsp_imu.o
    0x08006298   0x08006298   0x000001f4   Code   RO         4111    i.remote_chassis_control_mode  chassis_task.o
    0x0800648c   0x0800648c   0x0000017c   Code   RO         3926    i.remote_control    remote_task.o
    0x08006608   0x08006608   0x0000023c   Code   RO         4021    i.remote_gimbal_control_mode  gimbal_task.o
    0x08006844   0x08006844   0x0000012c   Code   RO         4174    i.shoot_task        shoot_task.o
    0x08006970   0x08006970   0x00000188   Code   RO          444    i.tim1_pwm_config   tim1_pwm.o
    0x08006af8   0x08006af8   0x00000148   Code   RO          524    i.usart1_config     usart1.o
    0x08006c40   0x08006c40   0x00000138   Code   RO          546    i.usart2_config     usart2.o
    0x08006d78   0x08006d78   0x00000128   Code   RO          585    i.usart6_config     judgeuart.o
    0x08006ea0   0x08006ea0   0x00000018   Code   RO         4226    x$fpl$basic         fz_wm.l(basic.o)
    0x08006eb8   0x08006eb8   0x00000062   Code   RO         4228    x$fpl$d2f           fz_wm.l(d2f.o)
    0x08006f1a   0x08006f1a   0x00000002   PAD
    0x08006f1c   0x08006f1c   0x00000150   Code   RO         4230    x$fpl$dadd          fz_wm.l(daddsub_clz.o)
    0x0800706c   0x0800706c   0x00000018   Code   RO         4261    x$fpl$dcmpinf       fz_wm.l(dcmpi.o)
    0x08007084   0x08007084   0x000002b0   Code   RO         4237    x$fpl$ddiv          fz_wm.l(ddiv.o)
    0x08007334   0x08007334   0x0000005e   Code   RO         4240    x$fpl$dfix          fz_wm.l(dfix.o)
    0x08007392   0x08007392   0x0000002e   Code   RO         4245    x$fpl$dflt          fz_wm.l(dflt_clz.o)
    0x080073c0   0x080073c0   0x00000078   Code   RO         4250    x$fpl$dleqf         fz_wm.l(dleqf.o)
    0x08007438   0x08007438   0x00000154   Code   RO         4252    x$fpl$dmul          fz_wm.l(dmul.o)
    0x0800758c   0x0800758c   0x0000009c   Code   RO         4263    x$fpl$dnaninf       fz_wm.l(dnaninf.o)
    0x08007628   0x08007628   0x0000000c   Code   RO         4265    x$fpl$dretinf       fz_wm.l(dretinf.o)
    0x08007634   0x08007634   0x0000006c   Code   RO         4254    x$fpl$drleqf        fz_wm.l(drleqf.o)
    0x080076a0   0x080076a0   0x000001d4   Code   RO         4232    x$fpl$dsub          fz_wm.l(daddsub_clz.o)
    0x08007874   0x08007874   0x00000056   Code   RO         4256    x$fpl$f2d           fz_wm.l(f2d.o)
    0x080078ca   0x080078ca   0x0000008c   Code   RO         4267    x$fpl$fnaninf       fz_wm.l(fnaninf.o)
    0x08007956   0x08007956   0x0000000a   Code   RO         4356    x$fpl$fpinit        fz_wm.l(fpinit.o)
    0x08007960   0x08007960   0x0000000a   Code   RO         4269    x$fpl$fretinf       fz_wm.l(fretinf.o)
    0x0800796a   0x0800796a   0x00000000   Code   RO         4271    x$fpl$usenofp       fz_wm.l(usenofp.o)
    0x0800796a   0x0800796a   0x00000002   PAD
    0x0800796c   0x0800796c   0x0000000e   Data   RO          747    .constdata          bsp_imu.o
    0x0800797a   0x0800797a   0x00000002   PAD
    0x0800797c   0x0800797c   0x00000020   Data   RO         4424    Region$$Table       anon$$obj.o


    Execution Region RW_IRAM1 (Exec base: 0x20000000, Load base: 0x0800799c, Size: 0x00000fc8, Max: 0x00030000, ABSOLUTE, COMPRESSED[0x00000058])

    Exec Addr    Load Addr    Size         Type   Attr      Idx    E Section Name        Object

    0x20000000   COMPRESSED   0x0000000c   Data   RW          548    .data               usart2.o
    0x2000000c   COMPRESSED   0x0000001e   Data   RW          587    .data               judgeuart.o
    0x2000002a   COMPRESSED   0x00000002   PAD
    0x2000002c   COMPRESSED   0x00000011   Data   RW          748    .data               bsp_imu.o
    0x2000003d   COMPRESSED   0x00000003   PAD
    0x20000040   COMPRESSED   0x0000005c   Data   RW          910    .data               duty.o
    0x2000009c   COMPRESSED   0x00000128   Data   RW         1004    .data               value.o
    0x200001c4   COMPRESSED   0x00000010   Data   RW         1411    .data               stm32f4xx_rcc.o
    0x200001d4   COMPRESSED   0x00000020   Data   RW         3928    .data               remote_task.o
    0x200001f4   COMPRESSED   0x00000005   Data   RW         3965    .data               navigation_task.o
    0x200001f9   COMPRESSED   0x00000003   PAD
    0x200001fc   COMPRESSED   0x0000002c   Data   RW         4022    .data               gimbal_task.o
    0x20000228   COMPRESSED   0x0000001c   Data   RW         4112    .data               chassis_task.o
    0x20000244   COMPRESSED   0x0000001c   Data   RW         4175    .data               shoot_task.o
    0x20000260        -       0x0000000e   Zero   RW          547    .bss                usart2.o
    0x2000026e        -       0x00000098   Zero   RW          586    .bss                judgeuart.o
    0x20000306   COMPRESSED   0x00000002   PAD
    0x20000308        -       0x00000074   Zero   RW          746    .bss                bsp_imu.o
    0x2000037c        -       0x00000018   Zero   RW          867    .bss                can2.o
    0x20000394        -       0x0000005c   Zero   RW          909    .bss                duty.o
    0x200003f0        -       0x00000074   Zero   RW         1003    .bss                value.o
    0x20000464   COMPRESSED   0x00000004   PAD
    0x20000468        -       0x00000478   Zero   RW         1169    .bss                pid.o
    0x200008e0        -       0x00000018   Zero   RW         3927    .bss                remote_task.o
    0x200008f8        -       0x00000070   Zero   RW         3964    .bss                navigation_task.o
    0x20000968        -       0x00000060   Zero   RW         4298    .bss                c_w.l(libspace.o)
    0x200009c8        -       0x00000200   Zero   RW         1208    HEAP                startup_stm32f40_41xxx.o
    0x20000bc8        -       0x00000400   Zero   RW         1207    STACK               startup_stm32f40_41xxx.o


==============================================================================

Image component sizes


      Code (inc. data)   RO Data    RW Data    ZI Data      Debug   Object Name

      1458         88         14         17        116       7451   bsp_imu.o
       108          8          0          0          0       1131   buzzer.o
       452         20          0          0          0       2403   can1.o
       256         10          0          0         24       1496   can2.o
      3348        422          0         28          0       5133   chassis_task.o
        14          0          0          0          0        940   dataprocess.o
        28          0          0          0          0     244643   delay.o
      3222        342          0         92         92      34923   duty.o
      7690       1092          0         44          0       8955   gimbal_task.o
         8          0          0          0          0        499   imu_task.o
       636         86          0         30        152       3249   judgeuart.o
        64          4          0          0          0        567   laser.o
       112          8          0          0          0        589   led.o
       100          8          0          0          0      52267   main.o
       120         14          0          0          0       1108   misc.o
        46          6          0          5        112       2501   navigation_task.o
      1292        254          0          0       1144       4502   pid.o
       624         88          0         32         24       2894   remote_task.o
       300         62          0         28          0       1332   shoot_task.o
       336         20          0          0          0       2268   spi.o
        64         26        392          0       1536        892   startup_stm32f40_41xxx.o
      1622         20          0          0          0       7590   stm32f4xx_can.o
       618         40          0          0          0       7845   stm32f4xx_dma.o
       258          0          0          0          0       4425   stm32f4xx_gpio.o
        26          0          0          0          0     307630   stm32f4xx_it.o
       392         48          0         16          0       6225   stm32f4xx_rcc.o
       112          0          0          0          0       3810   stm32f4xx_spi.o
       384         36          0          0          0       6022   stm32f4xx_tim.o
       710         42          0          0          0       7266   stm32f4xx_usart.o
       392         32          0          0          0       1661   system_stm32f4xx.o
       392         14          0          0          0     244790   tim1_pwm.o
       220         10          0          0          0       1176   tim3.o
       328         18          0          0          0        896   usart1.o
      1504        164          0         12         14       3483   usart2.o
         0          0          0        296        116       5414   value.o

    ----------------------------------------------------------------------
     27264       2982        440        608       3336     987976   Object Totals
         0          0         32          0          0          0   (incl. Generated)
        28          0          2          8          6          0   (incl. Padding)

    ----------------------------------------------------------------------

      Code (inc. data)   RO Data    RW Data    ZI Data      Debug   Library Member Name

        90          0          0          0          0          0   __dczerorl2.o
         8          0          0          0          0         68   __main.o
         0          0          0          0          0          0   __rtentry.o
        12          0          0          0          0          0   __rtentry2.o
         6          0          0          0          0          0   __rtentry4.o
        52          8          0          0          0          0   __scatter.o
        28          0          0          0          0          0   __scatter_zi.o
        18          0          0          0          0         80   exit.o
         6          0          0          0          0        152   heapauxi.o
         0          0          0          0          0          0   indicate_semi.o
         2          0          0          0          0          0   libinit.o
         6          0          0          0          0          0   libinit2.o
         2          0          0          0          0          0   libshutdown.o
         2          0          0          0          0          0   libshutdown2.o
         8          4          0          0         96         68   libspace.o
        78          0          0          0          0         80   rt_memclr_w.o
       138          0          0          0          0         68   rt_memcpy_v6.o
       100          0          0          0          0         80   rt_memcpy_w.o
         2          0          0          0          0          0   rtexit.o
        10          0          0          0          0          0   rtexit2.o
        12          4          0          0          0         68   sys_exit.o
        74          0          0          0          0         80   sys_stackheap_outer.o
         2          0          0          0          0         68   use_no_semi.o
        24          0          0          0          0        164   basic.o
        98          4          0          0          0        140   d2f.o
       804         16          0          0          0        368   daddsub_clz.o
        24          0          0          0          0        116   dcmpi.o
       688        140          0          0          0        256   ddiv.o
        94          4          0          0          0        140   dfix.o
        46          0          0          0          0        116   dflt_clz.o
       120          4          0          0          0        140   dleqf.o
       340         12          0          0          0        152   dmul.o
       156          4          0          0          0        140   dnaninf.o
        12          0          0          0          0        116   dretinf.o
       108          0          0          0          0        128   drleqf.o
        86          4          0          0          0        132   f2d.o
       140          4          0          0          0        132   fnaninf.o
        10          0          0          0          0        116   fpinit.o
        10          0          0          0          0        116   fretinf.o
         0          0          0          0          0          0   usenofp.o

    ----------------------------------------------------------------------
      3428        208          0          0         96       3284   Library Totals
        12          0          0          0          0          0   (incl. Padding)

    ----------------------------------------------------------------------

      Code (inc. data)   RO Data    RW Data    ZI Data      Debug   Library Name

       656         16          0          0         96        812   c_w.l
      2760        192          0          0          0       2472   fz_wm.l

    ----------------------------------------------------------------------
      3428        208          0          0         96       3284   Library Totals

    ----------------------------------------------------------------------

==============================================================================


      Code (inc. data)   RO Data    RW Data    ZI Data      Debug   

     30692       3190        440        608       3432     976648   Grand Totals
     30692       3190        440         88       3432     976648   ELF Image Totals (compressed)
     30692       3190        440         88          0          0   ROM Totals

==============================================================================

    Total RO  Size (Code + RO Data)                31132 (  30.40kB)
    Total RW  Size (RW Data + ZI Data)              4040 (   3.95kB)
    Total ROM Size (Code + RO Data + RW Data)      31220 (  30.49kB)

==============================================================================

