Component: ARM Compiler 5.06 update 5 (build 528) Tool: armlink [4d35e2]

==============================================================================

Section Cross References

    main.o(i.main) refers to system_stm32f4xx.o(i.SystemInit) for SystemInit
    main.o(i.main) refers to buzzer.o(i.buzzer_config) for buzzer_config
    main.o(i.main) refers to led.o(i.led_config) for led_config
    main.o(i.main) refers to laser.o(i.laser_config) for laser_config
    main.o(i.main) refers to tim1_pwm.o(i.tim1_pwm_config) for tim1_pwm_config
    main.o(i.main) refers to usart1.o(i.usart1_config) for usart1_config
    main.o(i.main) refers to usart2.o(i.usart2_config) for usart2_config
    main.o(i.main) refers to spi.o(i.SPI5_Init) for SPI5_Init
    main.o(i.main) refers to bsp_imu.o(i.mpu_device_init) for mpu_device_init
    main.o(i.main) refers to pid.o(i.PID_InitALL) for PID_InitALL
    main.o(i.main) refers to tim3.o(i.Tim3_config) for Tim3_config
    main.o(i.main) refers to can1.o(i.Can1_Configuration) for Can1_Configuration
    main.o(i.main) refers to duty.o(i.loop) for loop
    system_stm32f4xx.o(i.SystemCoreClockUpdate) refers to system_stm32f4xx.o(.data) for SystemCoreClock
    system_stm32f4xx.o(i.SystemInit) refers to system_stm32f4xx.o(i.SetSysClock) for SetSysClock
    tim1_pwm.o(i.TIM2_IRQHandler) refers to stm32f4xx_tim.o(i.TIM_GetITStatus) for TIM_GetITStatus
    tim1_pwm.o(i.TIM2_IRQHandler) refers to stm32f4xx_tim.o(i.TIM_ClearFlag) for TIM_ClearFlag
    tim1_pwm.o(i.TIM2_IRQHandler) refers to shoot_task.o(i.shoot_task) for shoot_task
    tim1_pwm.o(i.TIM2_IRQHandler) refers to chassis_task.o(i.chassis_task) for chassis_task
    tim1_pwm.o(i.tim1_pwm_config) refers to stm32f4xx_rcc.o(i.RCC_AHB1PeriphClockCmd) for RCC_AHB1PeriphClockCmd
    tim1_pwm.o(i.tim1_pwm_config) refers to stm32f4xx_rcc.o(i.RCC_APB1PeriphClockCmd) for RCC_APB1PeriphClockCmd
    tim1_pwm.o(i.tim1_pwm_config) refers to stm32f4xx_gpio.o(i.GPIO_Init) for GPIO_Init
    tim1_pwm.o(i.tim1_pwm_config) refers to stm32f4xx_gpio.o(i.GPIO_PinAFConfig) for GPIO_PinAFConfig
    tim1_pwm.o(i.tim1_pwm_config) refers to stm32f4xx_tim.o(i.TIM_TimeBaseInit) for TIM_TimeBaseInit
    tim1_pwm.o(i.tim1_pwm_config) refers to misc.o(i.NVIC_Init) for NVIC_Init
    tim1_pwm.o(i.tim1_pwm_config) refers to stm32f4xx_tim.o(i.TIM_ClearFlag) for TIM_ClearFlag
    tim1_pwm.o(i.tim1_pwm_config) refers to stm32f4xx_tim.o(i.TIM_ITConfig) for TIM_ITConfig
    tim1_pwm.o(i.tim1_pwm_config) refers to stm32f4xx_tim.o(i.TIM_OC1Init) for TIM_OC1Init
    tim1_pwm.o(i.tim1_pwm_config) refers to stm32f4xx_tim.o(i.TIM_OC1PreloadConfig) for TIM_OC1PreloadConfig
    tim1_pwm.o(i.tim1_pwm_config) refers to stm32f4xx_tim.o(i.TIM_ARRPreloadConfig) for TIM_ARRPreloadConfig
    tim1_pwm.o(i.tim1_pwm_config) refers to stm32f4xx_tim.o(i.TIM_Cmd) for TIM_Cmd
    tim3.o(i.TIM3_IRQHandler) refers to stm32f4xx_tim.o(i.TIM_GetITStatus) for TIM_GetITStatus
    tim3.o(i.TIM3_IRQHandler) refers to stm32f4xx_tim.o(i.TIM_ClearFlag) for TIM_ClearFlag
    tim3.o(i.TIM3_IRQHandler) refers to imu_task.o(i.imu_task) for imu_task
    tim3.o(i.Tim3_config) refers to stm32f4xx_rcc.o(i.RCC_APB1PeriphClockCmd) for RCC_APB1PeriphClockCmd
    tim3.o(i.Tim3_config) refers to misc.o(i.NVIC_Init) for NVIC_Init
    tim3.o(i.Tim3_config) refers to stm32f4xx_tim.o(i.TIM_TimeBaseInit) for TIM_TimeBaseInit
    tim3.o(i.Tim3_config) refers to stm32f4xx_tim.o(i.TIM_ARRPreloadConfig) for TIM_ARRPreloadConfig
    tim3.o(i.Tim3_config) refers to stm32f4xx_tim.o(i.TIM_ClearFlag) for TIM_ClearFlag
    tim3.o(i.Tim3_config) refers to stm32f4xx_tim.o(i.TIM_ITConfig) for TIM_ITConfig
    tim3.o(i.Tim3_config) refers to stm32f4xx_tim.o(i.TIM_Cmd) for TIM_Cmd
    usart1.o(i.USART1_IRQHandler) refers to stm32f4xx_usart.o(i.USART_GetITStatus) for USART_GetITStatus
    usart1.o(i.USART1_IRQHandler) refers to stm32f4xx_dma.o(i.DMA_GetCurrentMemoryTarget) for DMA_GetCurrentMemoryTarget
    usart1.o(i.USART1_IRQHandler) refers to stm32f4xx_dma.o(i.DMA_Cmd) for DMA_Cmd
    usart1.o(i.USART1_IRQHandler) refers to stm32f4xx_dma.o(i.DMA_GetCurrDataCounter) for DMA_GetCurrDataCounter
    usart1.o(i.USART1_IRQHandler) refers to remote_task.o(i.RemoteDataProcess) for RemoteDataProcess
    usart1.o(i.USART1_IRQHandler) refers to usart1.o(.data) for this_time_rx_len
    usart1.o(i.USART1_IRQHandler) refers to usart1.o(.bss) for _USART1_DMA_RX_BUF
    usart1.o(i.usart1_config) refers to stm32f4xx_rcc.o(i.RCC_AHB1PeriphClockCmd) for RCC_AHB1PeriphClockCmd
    usart1.o(i.usart1_config) refers to stm32f4xx_rcc.o(i.RCC_APB2PeriphClockCmd) for RCC_APB2PeriphClockCmd
    usart1.o(i.usart1_config) refers to stm32f4xx_gpio.o(i.GPIO_PinAFConfig) for GPIO_PinAFConfig
    usart1.o(i.usart1_config) refers to stm32f4xx_gpio.o(i.GPIO_StructInit) for GPIO_StructInit
    usart1.o(i.usart1_config) refers to stm32f4xx_gpio.o(i.GPIO_Init) for GPIO_Init
    usart1.o(i.usart1_config) refers to stm32f4xx_usart.o(i.USART_DeInit) for USART_DeInit
[...]
    .ARM.Collect$$libshutdown$$00000000      0x08000244   Section        2  libshutdown.o(.ARM.Collect$$libshutdown$$00000000)
    .ARM.Collect$$libshutdown$$00000002      0x08000246   Section        0  libshutdown2.o(.ARM.Collect$$libshutdown$$00000002)
    .ARM.Collect$$libshutdown$$00000004      0x08000246   Section        0  libshutdown2.o(.ARM.Collect$$libshutdown$$00000004)
    .ARM.Collect$$libshutdown$$00000007      0x08000246   Section        0  libshutdown2.o(.ARM.Collect$$libshutdown$$00000007)
    .ARM.Collect$$libshutdown$$0000000A      0x08000246   Section        0  libshutdown2.o(.ARM.Collect$$libshutdown$$0000000A)
    .ARM.Collect$$libshutdown$$0000000C      0x08000246   Section        0  libshutdown2.o(.ARM.Collect$$libshutdown$$0000000C)
    .ARM.Collect$$libshutdown$$0000000F      0x08000246   Section        0  libshutdown2.o(.ARM.Collect$$libshutdown$$0000000F)
    .ARM.Collect$$libshutdown$$00000010      0x08000246   Section        2  libshutdown2.o(.ARM.Collect$$libshutdown$$00000010)
    .ARM.Collect$$rtentry$$00000000          0x08000248   Section        0  __rtentry.o(.ARM.Collect$$rtentry$$00000000)
    .ARM.Collect$$rtentry$$00000002          0x08000248   Section        0  __rtentry2.o(.ARM.Collect$$rtentry$$00000002)
    .ARM.Collect$$rtentry$$00000004          0x08000248   Section        6  __rtentry4.o(.ARM.Collect$$rtentry$$00000004)
    .ARM.Collect$$rtentry$$00000009          0x0800024e   Section        0  __rtentry2.o(.ARM.Collect$$rtentry$$00000009)
    .ARM.Collect$$rtentry$$0000000A          0x0800024e   Section        4  __rtentry2.o(.ARM.Collect$$rtentry$$0000000A)
    .ARM.Collect$$rtentry$$0000000C          0x08000252   Section        0  __rtentry2.o(.ARM.Collect$$rtentry$$0000000C)
    .ARM.Collect$$rtentry$$0000000D          0x08000252   Section        8  __rtentry2.o(.ARM.Collect$$rtentry$$0000000D)
    .ARM.Collect$$rtexit$$00000000           0x0800025a   Section        2  rtexit.o(.ARM.Collect$$rtexit$$00000000)
    .ARM.Collect$$rtexit$$00000002           0x0800025c   Section        0  rtexit2.o(.ARM.Collect$$rtexit$$00000002)
    .ARM.Collect$$rtexit$$00000003           0x0800025c   Section        4  rtexit2.o(.ARM.Collect$$rtexit$$00000003)
    .ARM.Collect$$rtexit$$00000004           0x08000260   Section        6  rtexit2.o(.ARM.Collect$$rtexit$$00000004)
    .text                                    0x08000268   Section       64  startup_stm32f40_41xxx.o(.text)
    $v0                                      0x08000268   Number         0  startup_stm32f40_41xxx.o(.text)
    .text                                    0x080002a8   Section       78  rt_memclr_w.o(.text)
    .text                                    0x080002f6   Section        0  heapauxi.o(.text)
    .text                                    0x080002fc   Section       74  sys_stackheap_outer.o(.text)
    .text                                    0x08000346   Section        0  exit.o(.text)
    .text                                    0x08000358   Section        8  libspace.o(.text)
    .text                                    0x08000360   Section        0  sys_exit.o(.text)
    .text                                    0x0800036c   Section        2  use_no_semi.o(.text)
    .text                                    0x0800036e   Section        0  indicate_semi.o(.text)
    i.BusFault_Handler                       0x0800036e   Section        0  stm32f4xx_it.o(i.BusFault_Handler)
    i.CAN1_RX0_IRQHandler                    0x08000374   Section        0  can1.o(i.CAN1_RX0_IRQHandler)
    i.CAN2_RX0_IRQHandler                    0x08000a00   Section        0  can2.o(i.CAN2_RX0_IRQHandler)
    i.CAN_ClearFlag                          0x08000ab0   Section        0  stm32f4xx_can.o(i.CAN_ClearFlag)
    i.CAN_ClearITPendingBit                  0x08000ae8   Section        0  stm32f4xx_can.o(i.CAN_ClearITPendingBit)
    i.CAN_FilterInit                         0x08000b90   Section        0  stm32f4xx_can.o(i.CAN_FilterInit)
    i.CAN_GetITStatus                        0x08000c98   Section        0  stm32f4xx_can.o(i.CAN_GetITStatus)
    i.CAN_ITConfig                           0x08000db8   Section        0  stm32f4xx_can.o(i.CAN_ITConfig)
    i.CAN_Init                               0x08000dca   Section        0  stm32f4xx_can.o(i.CAN_Init)
    i.CAN_Receive                            0x08000ede   Section        0  stm32f4xx_can.o(i.CAN_Receive)
    i.CAN_Transmit                           0x08000fce   Section        0  stm32f4xx_can.o(i.CAN_Transmit)
    i.Can1_Configuration                     0x080010f4   Section        0  can1.o(i.Can1_Configuration)
    i.CheckITStatus                          0x080011f0   Section        0  stm32f4xx_can.o(i.CheckITStatus)
    CheckITStatus                            0x080011f1   Thumb Code    18  stm32f4xx_can.o(i.CheckITStatus)
    i.DMA_ClearFlag                          0x08001204   Section        0  stm32f4xx_dma.o(i.DMA_ClearFlag)
    i.DMA_Cmd                                0x08001238   Section        0  stm32f4xx_dma.o(i.DMA_Cmd)
    i.DMA_DeInit                             0x08001250   Section        0  stm32f4xx_dma.o(i.DMA_DeInit)
    i.DMA_DoubleBufferModeCmd                0x080013a8   Section        0  stm32f4xx_dma.o(i.DMA_DoubleBufferModeCmd)
    i.DMA_DoubleBufferModeConfig             0x080013be   Section        0  stm32f4xx_dma.o(i.DMA_DoubleBufferModeConfig)
    i.DMA_GetCurrDataCounter                 0x080013d6   Section        0  stm32f4xx_dma.o(i.DMA_GetCurrDataCounter)
    i.DMA_GetCurrentMemoryTarget             0x080013de   Section        0  stm32f4xx_dma.o(i.DMA_GetCurrentMemoryTarget)
    i.DMA_Init                               0x080013f4   Section        0  stm32f4xx_dma.o(i.DMA_Init)
    i.DMA_SetCurrDataCounter                 0x0800144c   Section        0  stm32f4xx_dma.o(i.DMA_SetCurrDataCounter)
    i.DMA_StructInit                         0x08001450   Section        0  stm32f4xx_dma.o(i.DMA_StructInit)
    i.DebugMon_Handler                       0x08001472   Section        0  stm32f4xx_it.o(i.DebugMon_Handler)
    i.DecodeS16Data                          0x08001474   Section        0  dataprocess.o(i.DecodeS16Data)
    i.GPIO_Init                              0x08001482   Section        0  stm32f4xx_gpio.o(i.GPIO_Init)
    i.GPIO_PinAFConfig                       0x08001512   Section        0  stm32f4xx_gpio.o(i.GPIO_PinAFConfig)
    i.GPIO_ResetBits                         0x08001558   Section        0  stm32f4xx_gpio.o(i.GPIO_ResetBits)
    i.GPIO_SetBits                           0x0800155c   Section        0  stm32f4xx_gpio.o(i.GPIO_SetBits)
    i.GPIO_StructInit                        0x08001560   Section        0  stm32f4xx_gpio.o(i.GPIO_StructInit)
    i.HardFault_Handler                      0x08001572   Section        0  stm32f4xx_it.o(i.HardFault_Handler)
    i.ImuSPI5_ReadData                       0x08001578   Section        0  spi.o(i.ImuSPI5_ReadData)
    i.MemManage_Handler                      0x080015b8   Section        0  stm32f4xx_it.o(i.MemManage_Handler)
    i.NMI_Handler                            0x080015bc   Section        0  stm32f4xx_it.o(i.NMI_Handler)
    i.NVIC_Init                              0x080015c0   Section        0  misc.o(i.NVIC_Init)
    i.PID_Calc                               0x08001638   Section        0  pid.o(i.PID_Calc)
    i.PID_Init                               0x08001890   Section        0  pid.o(i.PID_Init)
    i.PID_InitALL                            0x080018a0   Section        0  pid.o(i.PID_InitALL)
    i.PID_SetParam                           0x08001ad8   Section        0  pid.o(i.PID_SetParam)
    i.PendSV_Handler                         0x08001aee   Section        0  stm32f4xx_it.o(i.PendSV_Handler)
    i.RCC_AHB1PeriphClockCmd                 0x08001af0   Section        0  stm32f4xx_rcc.o(i.RCC_AHB1PeriphClockCmd)
    i.RCC_APB1PeriphClockCmd                 0x08001b10   Section        0  stm32f4xx_rcc.o(i.RCC_APB1PeriphClockCmd)
    i.RCC_APB1PeriphResetCmd                 0x08001b30   Section        0  stm32f4xx_rcc.o(i.RCC_APB1PeriphResetCmd)
    i.RCC_APB2PeriphClockCmd                 0x08001b50   Section        0  stm32f4xx_rcc.o(i.RCC_APB2PeriphClockCmd)
    i.RCC_APB2PeriphResetCmd                 0x08001b70   Section        0  stm32f4xx_rcc.o(i.RCC_APB2PeriphResetCmd)
    i.RCC_GetClocksFreq                      0x08001b90   Section        0  stm32f4xx_rcc.o(i.RCC_GetClocksFreq)
    i.RemoteDataProcess                      0x08001c78   Section        0  remote_task.o(i.RemoteDataProcess)
    i.SPI5_Init                              0x08001d88   Section        0  spi.o(i.SPI5_Init)
    i.SPI5_ReadWriteByte                     0x08001e60   Section        0  spi.o(i.SPI5_ReadWriteByte)
    i.SPI_Cmd                                0x08001e98   Section        0  stm32f4xx_spi.o(i.SPI_Cmd)
    i.SPI_I2S_GetFlagStatus                  0x08001eb0   Section        0  stm32f4xx_spi.o(i.SPI_I2S_GetFlagStatus)
    i.SPI_I2S_ReceiveData                    0x08001ec2   Section        0  stm32f4xx_spi.o(i.SPI_I2S_ReceiveData)
    i.SPI_I2S_SendData                       0x08001ec8   Section        0  stm32f4xx_spi.o(i.SPI_I2S_SendData)
    i.SPI_Init                               0x08001ecc   Section        0  stm32f4xx_spi.o(i.SPI_Init)
    i.SVC_Handler                            0x08001f08   Section        0  stm32f4xx_it.o(i.SVC_Handler)
    i.Send_motorvalue_CAN1_4                 0x08001f0c   Section        0  can1.o(i.Send_motorvalue_CAN1_4)
    i.SetSysClock                            0x08001f70   Section        0  system_stm32f4xx.o(i.SetSysClock)
    SetSysClock                              0x08001f71   Thumb Code   272  system_stm32f4xx.o(i.SetSysClock)
    i.SysTick_Handler                        0x08002090   Section        0  stm32f4xx_it.o(i.SysTick_Handler)
    i.SystemInit                             0x08002094   Section        0  system_stm32f4xx.o(i.SystemInit)
    i.TIM2_IRQHandler                        0x080020fc   Section        0  tim1_pwm.o(i.TIM2_IRQHandler)
    i.TIM3_IRQHandler                        0x0800211c   Section        0  tim3.o(i.TIM3_IRQHandler)
    i.TIM_ARRPreloadConfig                   0x0800213c   Section        0  stm32f4xx_tim.o(i.TIM_ARRPreloadConfig)
    i.TIM_ClearFlag                          0x08002154   Section        0  stm32f4xx_tim.o(i.TIM_ClearFlag)
    i.TIM_Cmd                                0x0800215a   Section        0  stm32f4xx_tim.o(i.TIM_Cmd)
    i.TIM_GetITStatus                        0x08002172   Section        0  stm32f4xx_tim.o(i.TIM_GetITStatus)
    i.TIM_ITConfig                           0x08002194   Section        0  stm32f4xx_tim.o(i.TIM_ITConfig)
    i.TIM_OC1Init                            0x080021a8   Section        0  stm32f4xx_tim.o(i.TIM_OC1Init)
    i.TIM_OC1PreloadConfig                   0x08002224   Section        0  stm32f4xx_tim.o(i.TIM_OC1PreloadConfig)
    i.TIM_TimeBaseInit                       0x08002238   Section        0  stm32f4xx_tim.o(i.TIM_TimeBaseInit)
    i.Tim3_config                            0x080022bc   Section        0  tim3.o(i.Tim3_config)
    i.USART1_IRQHandler                      0x08002328   Section        0  usart1.o(i.USART1_IRQHandler)
    i.USART2_IRQHandler                      0x080023e0   Section        0  usart2.o(i.USART2_IRQHandler)
    i.USART_Cmd                              0x08002540   Section        0  stm32f4xx_usart.o(i.USART_Cmd)
    i.USART_DMACmd                           0x08002558   Section        0  stm32f4xx_usart.o(i.USART_DMACmd)
    i.USART_DeInit                           0x0800256c   Section        0  stm32f4xx_usart.o(i.USART_DeInit)
    i.USART_GetITStatus                      0x0800265c   Section        0  stm32f4xx_usart.o(i.USART_GetITStatus)
    i.USART_ITConfig                         0x080026b0   Section        0  stm32f4xx_usart.o(i.USART_ITConfig)
    i.USART_Init                             0x080026fc   Section        0  stm32f4xx_usart.o(i.USART_Init)
    i.USART_StructInit                       0x080027d0   Section        0  stm32f4xx_usart.o(i.USART_StructInit)
    i.UsageFault_Handler                     0x080027e8   Section        0  stm32f4xx_it.o(i.UsageFault_Handler)
    i.attack_movement                        0x080027ec   Section        0  remote_task.o(i.attack_movement)
    i.automatic_control                      0x080027f0   Section        0  remote_task.o(i.automatic_control)
    i.buzzer_config                          0x08002814   Section        0  buzzer.o(i.buzzer_config)
    i.chassis_task                           0x08002850   Section        0  chassis_task.o(i.chassis_task)
    i.delay_ms                               0x08002ab8   Section        0  delay.o(i.delay_ms)
    i.imu_task                               0x08002ad4   Section        0  imu_task.o(i.imu_task)
    i.ist8310_get_data                       0x08002adc   Section        0  bsp_imu.o(i.ist8310_get_data)
    i.ist8310_init                           0x08002aec   Section        0  bsp_imu.o(i.ist8310_init)
    i.ist_reg_read_by_mpu                    0x08002bdc   Section        0  bsp_imu.o(i.ist_reg_read_by_mpu)
    ist_reg_read_by_mpu                      0x08002bdd   Thumb Code    58  bsp_imu.o(i.ist_reg_read_by_mpu)
    i.ist_reg_write_by_mpu                   0x08002c16   Section        0  bsp_imu.o(i.ist_reg_write_by_mpu)
    ist_reg_write_by_mpu                     0x08002c17   Thumb Code    64  bsp_imu.o(i.ist_reg_write_by_mpu)
    i.laser_config                           0x08002c58   Section        0  laser.o(i.laser_config)
    i.led_config                             0x08002c98   Section        0  led.o(i.led_config)
    i.loop                                   0x08002d08   Section        0  duty.o(i.loop)
    i.main                                   0x08002d0c   Section        0  main.o(i.main)
    i.mpu_device_init                        0x08002d54   Section        0  bsp_imu.o(i.mpu_device_init)
    i.mpu_get_data                           0x08002dc0   Section        0  bsp_imu.o(i.mpu_get_data)
    i.mpu_offset_cal                         0x08002f54   Section        0  bsp_imu.o(i.mpu_offset_cal)
    i.mpu_read_reg                           0x08003104   Section        0  bsp_imu.o(i.mpu_read_reg)
    i.mpu_write_reg                          0x08003148   Section        0  bsp_imu.o(i.mpu_write_reg)
    i.ranger_movement                        0x08003190   Section        0  remote_task.o(i.ranger_movement)
    i.remote_control                         0x080032bc   Section        0  remote_task.o(i.remote_control)
    i.shoot_task                             0x0800336c   Section        0  shoot_task.o(i.shoot_task)
    i.tim1_pwm_config                        0x08003404   Section        0  tim1_pwm.o(i.tim1_pwm_config)
    i.usart1_config                          0x0800355c   Section        0  usart1.o(i.usart1_config)
    i.usart2_config                          0x080036a8   Section        0  usart2.o(i.usart2_config)
    x$fpl$basic                              0x080037e4   Section       24  basic.o(x$fpl$basic)
    $v0                                      0x080037e4   Number         0  basic.o(x$fpl$basic)
    x$fpl$d2f                                0x080037fc   Section       98  d2f.o(x$fpl$d2f)
    $v0                                      0x080037fc   Number         0  d2f.o(x$fpl$d2f)
    x$fpl$dadd                               0x08003860   Section      336  daddsub_clz.o(x$fpl$dadd)
    $v0                                      0x08003860   Number         0  daddsub_clz.o(x$fpl$dadd)
    _dadd1                                   0x08003871   Thumb Code     0  daddsub_clz.o(x$fpl$dadd)
    x$fpl$dcmpinf                            0x080039b0   Section       24  dcmpi.o(x$fpl$dcmpinf)
    $v0                                      0x080039b0   Number         0  dcmpi.o(x$fpl$dcmpinf)
    x$fpl$ddiv                               0x080039c8   Section      688  ddiv.o(x$fpl$ddiv)
    $v0                                      0x080039c8   Number         0  ddiv.o(x$fpl$ddiv)
    ddiv_entry                               0x080039cf   Thumb Code     0  ddiv.o(x$fpl$ddiv)
    x$fpl$dfix                               0x08003c78   Section       94  dfix.o(x$fpl$dfix)
    $v0                                      0x08003c78   Number         0  dfix.o(x$fpl$dfix)
    x$fpl$dflt                               0x08003cd6   Section       46  dflt_clz.o(x$fpl$dflt)
    $v0                                      0x08003cd6   Number         0  dflt_clz.o(x$fpl$dflt)
    x$fpl$dleqf                              0x08003d04   Section      120  dleqf.o(x$fpl$dleqf)
    $v0                                      0x08003d04   Number         0  dleqf.o(x$fpl$dleqf)
    x$fpl$dmul                               0x08003d7c   Section      340  dmul.o(x$fpl$dmul)
    $v0                                      0x08003d7c   Number         0  dmul.o(x$fpl$dmul)
    x$fpl$dnaninf                            0x08003ed0   Section      156  dnaninf.o(x$fpl$dnaninf)
    $v0                                      0x08003ed0   Number         0  dnaninf.o(x$fpl$dnaninf)
    x$fpl$dretinf                            0x08003f6c   Section       12  dretinf.o(x$fpl$dretinf)
    $v0                                      0x08003f6c   Number         0  dretinf.o(x$fpl$dretinf)
    x$fpl$drleqf                             0x08003f78   Section      108  drleqf.o(x$fpl$drleqf)
    $v0                                      0x08003f78   Number         0  drleqf.o(x$fpl$drleqf)
    x$fpl$dsub                               0x08003fe4   Section      468  daddsub_clz.o(x$fpl$dsub)
    $v0                                      0x08003fe4   Number         0  daddsub_clz.o(x$fpl$dsub)
    _dsub1                                   0x08003ff5   Thumb Code     0  daddsub_clz.o(x$fpl$dsub)
    x$fpl$f2d                                0x080041b8   Section       86  f2d.o(x$fpl$f2d)
    $v0                                      0x080041b8   Number         0  f2d.o(x$fpl$f2d)
    x$fpl$fnaninf                            0x0800420e   Section      140  fnaninf.o(x$fpl$fnaninf)
    $v0                                      0x0800420e   Number         0  fnaninf.o(x$fpl$fnaninf)
    x$fpl$fpinit                             0x0800429a   Section       10  fpinit.o(x$fpl$fpinit)
    $v0                                      0x0800429a   Number         0  fpinit.o(x$fpl$fpinit)
    x$fpl$fretinf                            0x080042a4   Section       10  fretinf.o(x$fpl$fretinf)
    $v0                                      0x080042a4   Number         0  fretinf.o(x$fpl$fretinf)
    x$fpl$usenofp                            0x080042ae   Section        0  usenofp.o(x$fpl$usenofp)
    .constdata                               0x080042b0   Section       14  bsp_imu.o(.constdata)
    .data                                    0x20000000   Section        4  usart1.o(.data)
    this_time_rx_len                         0x20000000   Data           4  usart1.o(.data)
    .data                                    0x20000004   Section       17  bsp_imu.o(.data)
    tx                                       0x20000004   Data           1  bsp_imu.o(.data)
    rx                                       0x20000005   Data           1  bsp_imu.o(.data)
    .data                                    0x20000018   Section       20  can1.o(.data)
    .data                                    0x2000002c   Section      204  value.o(.data)
    .data                                    0x200000f8   Section       16  stm32f4xx_rcc.o(.data)
    APBAHBPrescTable                         0x200000f8   Data          16  stm32f4xx_rcc.o(.data)
    .data                                    0x20000108   Section       32  remote_task.o(.data)
    .data                                    0x20000128   Section       16  chassis_task.o(.data)
    .data                                    0x20000138   Section        2  shoot_task.o(.data)
    .bss                                     0x2000013c   Section       60  usart1.o(.bss)
    _USART1_DMA_RX_BUF                       0x2000013c   Data          60  usart1.o(.bss)
    .bss                                     0x20000178   Section       46  usart2.o(.bss)
    .bss                                     0x200001a8   Section      116  bsp_imu.o(.bss)
    tx_buff                                  0x200001a8   Data          14  bsp_imu.o(.bss)
    .bss                                     0x2000021c   Section       80  value.o(.bss)
    .bss                                     0x20000270   Section      968  pid.o(.bss)
    .bss                                     0x20000638   Section       24  remote_task.o(.bss)
    .bss                                     0x20000650   Section       96  libspace.o(.bss)
    HEAP                                     0x200006b0   Section      512  startup_stm32f40_41xxx.o(HEAP)
    Heap_Mem                                 0x200006b0   Data         512  startup_stm32f40_41xxx.o(HEAP)
    STACK                                    0x200008b0   Section     1024  startup_stm32f40_41xxx.o(STACK)
    Stack_Mem                                0x200008b0   Data        1024  startup_stm32f40_41xxx.o(STACK)
    __initial_sp                             0x20000cb0   Data           0  startup_stm32f40_41xxx.o(STACK)

    Global Symbols

    Symbol Name                              Value     Ov Type        Size  Object(Section)

    BuildAttributes$$THM_ISAv4$E$P$D$K$B$S$7EM$VFPi3$EXTD16$VFPS$VFMA$PE$A:L22UL41UL21$X:L11$S22US41US21$IEEE1$IW$USESV6$~STKCKD$USESV7$~SHL$OSPACE$ROPI$EBA8$UX$STANDARDLIB$REQ8$PRES8$EABIv2 0x00000000   Number         0  anon$$obj.o ABSOLUTE
    __ARM_use_no_argv                        0x00000000   Number         0  main.o ABSOLUTE
    __ARM_exceptions_init                     - Undefined Weak Reference
    __alloca_initialize                       - Undefined Weak Reference
    __arm_preinit_                            - Undefined Weak Reference
    __cpp_initialize__aeabi_                  - Undefined Weak Reference
    __cxa_finalize                            - Undefined Weak Reference
    __rt_locale                               - Undefined Weak Reference
    __sigvec_lookup                           - Undefined Weak Reference
    _atexit_init                              - Undefined Weak Reference
    _call_atexit_fns                          - Undefined Weak Reference
    _clock_init                               - Undefined Weak Reference
    _fp_trap_init                             - Undefined Weak Reference
    _fp_trap_shutdown                         - Undefined Weak Reference
    _get_lc_collate                           - Undefined Weak Reference
    _get_lc_ctype                             - Undefined Weak Reference
    _get_lc_monetary                          - Undefined Weak Reference
    _get_lc_numeric                           - Undefined Weak Reference
    _get_lc_time                              - Undefined Weak Reference
    _getenv_init                              - Undefined Weak Reference
    _handle_redirection                       - Undefined Weak Reference
    _init_alloc                               - Undefined Weak Reference
    _init_user_alloc                          - Undefined Weak Reference
    _initio                                   - Undefined Weak Reference
    _rand_init                                - Undefined Weak Reference
    _signal_finish                            - Undefined Weak Reference
    _signal_init                              - Undefined Weak Reference
    _terminate_alloc                          - Undefined Weak Reference
    _terminate_user_alloc                     - Undefined Weak Reference
    _terminateio                              - Undefined Weak Reference
    __Vectors_Size                           0x00000188   Number         0  startup_stm32f40_41xxx.o ABSOLUTE
    __Vectors                                0x08000000   Data           4  startup_stm32f40_41xxx.o(RESET)
    __Vectors_End                            0x08000188   Data           0  startup_stm32f40_41xxx.o(RESET)
    __main                                   0x08000189   Thumb Code     8  __main.o(!!!main)
    __scatterload                            0x08000191   Thumb Code     0  __scatter.o(!!!scatter)
    __scatterload_rt2                        0x08000191   Thumb Code    44  __scatter.o(!!!scatter)
    __scatterload_rt2_thumb_only             0x08000191   Thumb Code     0  __scatter.o(!!!scatter)
    __scatterload_null                       0x0800019f   Thumb Code     0  __scatter.o(!!!scatter)
    __decompress                             0x080001c5   Thumb Code    90  __dczerorl2.o(!!dczerorl2)
    __decompress1                            0x080001c5   Thumb Code     0  __dczerorl2.o(!!dczerorl2)
    __scatterload_zeroinit                   0x08000221   Thumb Code    28  __scatter_zi.o(!!handler_zi)
    __rt_lib_init                            0x0800023d   Thumb Code     0  libinit.o(.ARM.Collect$$libinit$$00000000)
    __rt_lib_init_fp_1                       0x0800023f   Thumb Code     0  libinit2.o(.ARM.Collect$$libinit$$00000001)
    __rt_lib_init_alloca_1                   0x08000243   Thumb Code     0  libinit2.o(.ARM.Collect$$libinit$$0000002E)
    __rt_lib_init_argv_1                     0x08000243   Thumb Code     0  libinit2.o(.ARM.Collect$$libinit$$0000002C)
    __rt_lib_init_atexit_1                   0x08000243   Thumb Code     0  libinit2.o(.ARM.Collect$$libinit$$0000001B)
    __rt_lib_init_clock_1                    0x08000243   Thumb Code     0  libinit2.o(.ARM.Collect$$libinit$$00000021)
    __rt_lib_init_cpp_1                      0x08000243   Thumb Code     0  libinit2.o(.ARM.Collect$$libinit$$00000032)
    __rt_lib_init_exceptions_1               0x08000243   Thumb Code     0  libinit2.o(.ARM.Collect$$libinit$$00000030)
    __rt_lib_init_fp_trap_1                  0x08000243   Thumb Code     0  libinit2.o(.ARM.Collect$$libinit$$0000001F)
    __rt_lib_init_getenv_1                   0x08000243   Thumb Code     0  libinit2.o(.ARM.Collect$$libinit$$00000023)
    __rt_lib_init_heap_1                     0x08000243   Thumb Code     0  libinit2.o(.ARM.Collect$$libinit$$0000000A)
    __rt_lib_init_lc_collate_1               0x08000243   Thumb Code     0  libinit2.o(.ARM.Collect$$libinit$$00000011)
    __rt_lib_init_lc_ctype_1                 0x08000243   Thumb Code     0  libinit2.o(.ARM.Collect$$libinit$$00000013)
    __rt_lib_init_lc_monetary_1              0x08000243   Thumb Code     0  libinit2.o(.ARM.Collect$$libinit$$00000015)
    __rt_lib_init_lc_numeric_1               0x08000243   Thumb Code     0  libinit2.o(.ARM.Collect$$libinit$$00000017)
    __rt_lib_init_lc_time_1                  0x08000243   Thumb Code     0  libinit2.o(.ARM.Collect$$libinit$$00000019)
    __rt_lib_init_preinit_1                  0x08000243   Thumb Code     0  libinit2.o(.ARM.Collect$$libinit$$00000004)
    __rt_lib_init_rand_1                     0x08000243   Thumb Code     0  libinit2.o(.ARM.Collect$$libinit$$0000000E)
    __rt_lib_init_return                     0x08000243   Thumb Code     0  libinit2.o(.ARM.Collect$$libinit$$00000033)
    __rt_lib_init_signal_1                   0x08000243   Thumb Code     0  libinit2.o(.ARM.Collect$$libinit$$0000001D)
    __rt_lib_init_stdio_1                    0x08000243   Thumb Code     0  libinit2.o(.ARM.Collect$$libinit$$00000025)
    __rt_lib_init_user_alloc_1               0x08000243   Thumb Code     0  libinit2.o(.ARM.Collect$$libinit$$0000000C)
    __rt_lib_shutdown                        0x08000245   Thumb Code     0  libshutdown.o(.ARM.Collect$$libshutdown$$00000000)
    __rt_lib_shutdown_cpp_1                  0x08000247   Thumb Code     0  libshutdown2.o(.ARM.Collect$$libshutdown$$00000002)
    __rt_lib_shutdown_fp_trap_1              0x08000247   Thumb Code     0  libshutdown2.o(.ARM.Collect$$libshutdown$$00000007)
    __rt_lib_shutdown_heap_1                 0x08000247   Thumb Code     0  libshutdown2.o(.ARM.Collect$$libshutdown$$0000000F)
    __rt_lib_shutdown_return                 0x08000247   Thumb Code     0  libshutdown2.o(.ARM.Collect$$libshutdown$$00000010)
    __rt_lib_shutdown_signal_1               0x08000247   Thumb Code     0  libshutdown2.o(.ARM.Collect$$libshutdown$$0000000A)
    __rt_lib_shutdown_stdio_1                0x08000247   Thumb Code     0  libshutdown2.o(.ARM.Collect$$libshutdown$$00000004)
    __rt_lib_shutdown_user_alloc_1           0x08000247   Thumb Code     0  libshutdown2.o(.ARM.Collect$$libshutdown$$0000000C)
    __rt_entry                               0x08000249   Thumb Code     0  __rtentry.o(.ARM.Collect$$rtentry$$00000000)
    __rt_entry_presh_1                       0x08000249   Thumb Code     0  __rtentry2.o(.ARM.Collect$$rtentry$$00000002)
    __rt_entry_sh                            0x08000249   Thumb Code     0  __rtentry4.o(.ARM.Collect$$rtentry$$00000004)
    __rt_entry_li                            0x0800024f   Thumb Code     0  __rtentry2.o(.ARM.Collect$$rtentry$$0000000A)
    __rt_entry_postsh_1                      0x0800024f   Thumb Code     0  __rtentry2.o(.ARM.Collect$$rtentry$$00000009)
    __rt_entry_main                          0x08000253   Thumb Code     0  __rtentry2.o(.ARM.Collect$$rtentry$$0000000D)
    __rt_entry_postli_1                      0x08000253   Thumb Code     0  __rtentry2.o(.ARM.Collect$$rtentry$$0000000C)
    __rt_exit                                0x0800025b   Thumb Code     0  rtexit.o(.ARM.Collect$$rtexit$$00000000)
    __rt_exit_ls                             0x0800025d   Thumb Code     0  rtexit2.o(.ARM.Collect$$rtexit$$00000003)
    __rt_exit_prels_1                        0x0800025d   Thumb Code     0  rtexit2.o(.ARM.Collect$$rtexit$$00000002)
    __rt_exit_exit                           0x08000261   Thumb Code     0  rtexit2.o(.ARM.Collect$$rtexit$$00000004)
    Reset_Handler                            0x08000269   Thumb Code     8  startup_stm32f40_41xxx.o(.text)
    ADC_IRQHandler                           0x08000283   Thumb Code     0  startup_stm32f40_41xxx.o(.text)
    CAN1_RX1_IRQHandler                      0x08000283   Thumb Code     0  startup_stm32f40_41xxx.o(.text)
    CAN1_SCE_IRQHandler                      0x08000283   Thumb Code     0  startup_stm32f40_41xxx.o(.text)
    CAN1_TX_IRQHandler                       0x08000283   Thumb Code     0  startup_stm32f40_41xxx.o(.text)
    CAN2_RX1_IRQHandler                      0x08000283   Thumb Code     0  startup_stm32f40_41xxx.o(.text)
    CAN2_SCE_IRQHandler                      0x08000283   Thumb Code     0  startup_stm32f40_41xxx.o(.text)
    CAN2_TX_IRQHandler                       0x08000283   Thumb Code     0  startup_stm32f40_41xxx.o(.text)
    CRYP_IRQHandler                          0x08000283   Thumb Code     0  startup_stm32f40_41xxx.o(.text)
    DCMI_IRQHandler                          0x08000283   Thumb Code     0  startup_stm32f40_41xxx.o(.text)
    DMA1_Stream0_IRQHandler                  0x08000283   Thumb Code     0  startup_stm32f40_41xxx.o(.text)
    DMA1_Stream1_IRQHandler                  0x08000283   Thumb Code     0  startup_stm32f40_41xxx.o(.text)
    DMA1_Stream2_IRQHandler                  0x08000283   Thumb Code     0  startup_stm32f40_41xxx.o(.text)
    DMA1_Stream3_IRQHandler                  0x08000283   Thumb Code     0  startup_stm32f40_41xxx.o(.text)
    DMA1_Stream4_IRQHandler                  0x08000283   Thumb Code     0  startup_stm32f40_41xxx.o(.text)
    DMA1_Stream5_IRQHandler                  0x08000283   Thumb Code     0  startup_stm32f40_41xxx.o(.text)
    DMA1_Stream6_IRQHandler                  0x08000283   Thumb Code     0  startup_stm32f40_41xxx.o(.text)
    DMA1_Stream7_IRQHandler                  0x08000283   Thumb Code     0  startup_stm32f40_41xxx.o(.text)
    DMA2_Stream0_IRQHandler                  0x08000283   Thumb Code     0  startup_stm32f40_41xxx.o(.text)
    DMA2_Stream1_IRQHandler                  0x08000283   Thumb Code     0  startup_stm32f40_41xxx.o(.text)
    DMA2_Stream2_IRQHandler                  0x08000283   Thumb Code     0  startup_stm32f40_41xxx.o(.text)
    DMA2_Stream3_IRQHandler                  0x08000283   Thumb Code     0  startup_stm32f40_41xxx.o(.text)
    DMA2_Stream4_IRQHandler                  0x08000283   Thumb Code     0  startup_stm32f40_41xxx.o(.text)
    DMA2_Stream5_IRQHandler                  0x08000283   Thumb Code     0  startup_stm32f40_41xxx.o(.text)
    DMA2_Stream6_IRQHandler                  0x08000283   Thumb Code     0  startup_stm32f40_41xxx.o(.text)
    DMA2_Stream7_IRQHandler                  0x08000283   Thumb Code     0  startup_stm32f40_41xxx.o(.text)
    ETH_IRQHandler                           0x08000283   Thumb Code     0  startup_stm32f40_41xxx.o(.text)
    ETH_WKUP_IRQHandler                      0x08000283   Thumb Code     0  startup_stm32f40_41xxx.o(.text)
    EXTI0_IRQHandler                         0x08000283   Thumb Code     0  startup_stm32f40_41xxx.o(.text)
    EXTI15_10_IRQHandler                     0x08000283   Thumb Code     0  startup_stm32f40_41xxx.o(.text)
    EXTI1_IRQHandler                         0x08000283   Thumb Code     0  startup_stm32f40_41xxx.o(.text)
    EXTI2_IRQHandler                         0x08000283   Thumb Code     0  startup_stm32f40_41xxx.o(.text)
    EXTI3_IRQHandler                         0x08000283   Thumb Code     0  startup_stm32f40_41xxx.o(.text)
    EXTI4_IRQHandler                         0x08000283   Thumb Code     0  startup_stm32f40_41xxx.o(.text)
    EXTI9_5_IRQHandler                       0x08000283   Thumb Code     0  startup_stm32f40_41xxx.o(.text)
    FLASH_IRQHandler                         0x08000283   Thumb Code     0  startup_stm32f40_41xxx.o(.text)
    FPU_IRQHandler                           0x08000283   Thumb Code     0  startup_stm32f40_41xxx.o(.text)
    FSMC_IRQHandler                          0x08000283   Thumb Code     0  startup_stm32f40_41xxx.o(.text)
    HASH_RNG_IRQHandler                      0x08000283   Thumb Code     0  startup_stm32f40_41xxx.o(.text)
    I2C1_ER_IRQHandler                       0x08000283   Thumb Code     0  startup_stm32f40_41xxx.o(.text)
    I2C1_EV_IRQHandler                       0x08000283   Thumb Code     0  startup_stm32f40_41xxx.o(.text)
    I2C2_ER_IRQHandler                       0x08000283   Thumb Code     0  startup_stm32f40_41xxx.o(.text)
    I2C2_EV_IRQHandler                       0x08000283   Thumb Code     0  startup_stm32f40_41xxx.o(.text)
    I2C3_ER_IRQHandler                       0x08000283   Thumb Code     0  startup_stm32f40_41xxx.o(.text)
    I2C3_EV_IRQHandler                       0x08000283   Thumb Code     0  startup_stm32f40_41xxx.o(.text)
    OTG_FS_IRQHandler                        0x08000283   Thumb Code     0  startup_stm32f40_41xxx.o(.text)
    OTG_FS_WKUP_IRQHandler                   0x08000283   Thumb Code     0  startup_stm32f40_41xxx.o(.text)
    OTG_HS_EP1_IN_IRQHandler                 0x08000283   Thumb Code     0  startup_stm32f40_41xxx.o(.text)
    OTG_HS_EP1_OUT_IRQHandler                0x08000283   Thumb Code     0  startup_stm32f40_41xxx.o(.text)
    OTG_HS_IRQHandler                        0x08000283   Thumb Code     0  startup_stm32f40_41xxx.o(.text)
    OTG_HS_WKUP_IRQHandler                   0x08000283   Thumb Code     0  startup_stm32f40_41xxx.o(.text)
    PVD_IRQHandler                           0x08000283   Thumb Code     0  startup_stm32f40_41xxx.o(.text)
    RCC_IRQHandler                           0x08000283   Thumb Code     0  startup_stm32f40_41xxx.o(.text)
    RTC_Alarm_IRQHandler                     0x08000283   Thumb Code     0  startup_stm32f40_41xxx.o(.text)
    RTC_WKUP_IRQHandler                      0x08000283   Thumb Code     0  startup_stm32f40_41xxx.o(.text)
    SDIO_IRQHandler                          0x08000283   Thumb Code     0  startup_stm32f40_41xxx.o(.text)
    SPI1_IRQHandler                          0x08000283   Thumb Code     0  startup_stm32f40_41xxx.o(.text)
    SPI2_IRQHandler                          0x08000283   Thumb Code     0  startup_stm32f40_41xxx.o(.text)
    SPI3_IRQHandler                          0x08000283   Thumb Code     0  startup_stm32f40_41xxx.o(.text)
    TAMP_STAMP_IRQHandler                    0x08000283   Thumb Code     0  startup_stm32f40_41xxx.o(.text)
    TIM1_BRK_TIM9_IRQHandler                 0x08000283   Thumb Code     0  startup_stm32f40_41xxx.o(.text)
    TIM1_CC_IRQHandler                       0x08000283   Thumb Code     0  startup_stm32f40_41xxx.o(.text)
    TIM1_TRG_COM_TIM11_IRQHandler            0x08000283   Thumb Code     0  startup_stm32f40_41xxx.o(.text)
    TIM1_UP_TIM10_IRQHandler                 0x08000283   Thumb Code     0  startup_stm32f40_41xxx.o(.text)
    TIM4_IRQHandler                          0x08000283   Thumb Code     0  startup_stm32f40_41xxx.o(.text)
    TIM5_IRQHandler                          0x08000283   Thumb Code     0  startup_stm32f40_41xxx.o(.text)
    TIM6_DAC_IRQHandler                      0x08000283   Thumb Code     0  startup_stm32f40_41xxx.o(.text)
    TIM7_IRQHandler                          0x08000283   Thumb Code     0  startup_stm32f40_41xxx.o(.text)
    TIM8_BRK_TIM12_IRQHandler                0x08000283   Thumb Code     0  startup_stm32f40_41xxx.o(.text)
    TIM8_CC_IRQHandler                       0x08000283   Thumb Code     0  startup_stm32f40_41xxx.o(.text)
    TIM8_TRG_COM_TIM14_IRQHandler            0x08000283   Thumb Code     0  startup_stm32f40_41xxx.o(.text)
    TIM8_UP_TIM13_IRQHandler                 0x08000283   Thumb Code     0  startup_stm32f40_41xxx.o(.text)
    UART4_IRQHandler                         0x08000283   Thumb Code     0  startup_stm32f40_41xxx.o(.text)
    UART5_IRQHandler                         0x08000283   Thumb Code     0  startup_stm32f40_41xxx.o(.text)
    USART3_IRQHandler                        0x08000283   Thumb Code     0  startup_stm32f40_41xxx.o(.text)
    USART6_IRQHandler                        0x08000283   Thumb Code     0  startup_stm32f40_41xxx.o(.text)
    WWDG_IRQHandler                          0x08000283   Thumb Code     0  startup_stm32f40_41xxx.o(.text)
    __user_initial_stackheap                 0x08000285   Thumb Code     0  startup_stm32f40_41xxx.o(.text)
    __aeabi_memclr4                          0x080002a9   Thumb Code     0  rt_memclr_w.o(.text)
    __aeabi_memclr8                          0x080002a9   Thumb Code     0  rt_memclr_w.o(.text)
    __rt_memclr_w                            0x080002a9   Thumb Code    78  rt_memclr_w.o(.text)
    _memset_w                                0x080002ad   Thumb Code     0  rt_memclr_w.o(.text)
    __use_two_region_memory                  0x080002f7   Thumb Code     2  heapauxi.o(.text)
    __rt_heap_escrow$2region                 0x080002f9   Thumb Code     2  heapauxi.o(.text)
    __rt_heap_expand$2region                 0x080002fb   Thumb Code     2  heapauxi.o(.text)
    __user_setup_stackheap                   0x080002fd   Thumb Code    74  sys_stackheap_outer.o(.text)
    exit                                     0x08000347   Thumb Code    18  exit.o(.text)
    __user_libspace                          0x08000359   Thumb Code     8  libspace.o(.text)
    __user_perproc_libspace                  0x08000359   Thumb Code     0  libspace.o(.text)
    __user_perthread_libspace                0x08000359   Thumb Code     0  libspace.o(.text)
    _sys_exit                                0x08000361   Thumb Code     8  sys_exit.o(.text)
    __I$use$semihosting                      0x0800036d   Thumb Code     0  use_no_semi.o(.text)
    __use_no_semihosting_swi                 0x0800036d   Thumb Code     2  use_no_semi.o(.text)
    BusFault_Handler                         0x0800036f   Thumb Code     4  stm32f4xx_it.o(i.BusFault_Handler)
    __semihosting_library_function           0x0800036f   Thumb Code     0  indicate_semi.o(.text)
    CAN1_RX0_IRQHandler                      0x08000375   Thumb Code  1624  can1.o(i.CAN1_RX0_IRQHandler)
    CAN2_RX0_IRQHandler                      0x08000a01   Thumb Code   156  can2.o(i.CAN2_RX0_IRQHandler)
    CAN_ClearFlag                            0x08000ab1   Thumb Code    52  stm32f4xx_can.o(i.CAN_ClearFlag)
    CAN_ClearITPendingBit                    0x08000ae9   Thumb Code   162  stm32f4xx_can.o(i.CAN_ClearITPendingBit)
    CAN_FilterInit                           0x08000b91   Thumb Code   258  stm32f4xx_can.o(i.CAN_FilterInit)
    CAN_GetITStatus                          0x08000c99   Thumb Code   284  stm32f4xx_can.o(i.CAN_GetITStatus)
    CAN_ITConfig                             0x08000db9   Thumb Code    18  stm32f4xx_can.o(i.CAN_ITConfig)
    CAN_Init                                 0x08000dcb   Thumb Code   276  stm32f4xx_can.o(i.CAN_Init)
    CAN_Receive                              0x08000edf   Thumb Code   240  stm32f4xx_can.o(i.CAN_Receive)
    CAN_Transmit                             0x08000fcf   Thumb Code   294  stm32f4xx_can.o(i.CAN_Transmit)
    Can1_Configuration                       0x080010f5   Thumb Code   244  can1.o(i.Can1_Configuration)
    DMA_ClearFlag                            0x08001205   Thumb Code    38  stm32f4xx_dma.o(i.DMA_ClearFlag)
    DMA_Cmd                                  0x08001239   Thumb Code    22  stm32f4xx_dma.o(i.DMA_Cmd)
    DMA_DeInit                               0x08001251   Thumb Code   324  stm32f4xx_dma.o(i.DMA_DeInit)
    DMA_DoubleBufferModeCmd                  0x080013a9   Thumb Code    22  stm32f4xx_dma.o(i.DMA_DoubleBufferModeCmd)
    DMA_DoubleBufferModeConfig               0x080013bf   Thumb Code    24  stm32f4xx_dma.o(i.DMA_DoubleBufferModeConfig)
    DMA_GetCurrDataCounter                   0x080013d7   Thumb Code     8  stm32f4xx_dma.o(i.DMA_GetCurrDataCounter)
    DMA_GetCurrentMemoryTarget               0x080013df   Thumb Code    20  stm32f4xx_dma.o(i.DMA_GetCurrentMemoryTarget)
    DMA_Init                                 0x080013f5   Thumb Code    82  stm32f4xx_dma.o(i.DMA_Init)
    DMA_SetCurrDataCounter                   0x0800144d   Thumb Code     4  stm32f4xx_dma.o(i.DMA_SetCurrDataCounter)
    DMA_StructInit                           0x08001451   Thumb Code    34  stm32f4xx_dma.o(i.DMA_StructInit)
    DebugMon_Handler                         0x08001473   Thumb Code     2  stm32f4xx_it.o(i.DebugMon_Handler)
    DecodeS16Data                            0x08001475   Thumb Code    14  dataprocess.o(i.DecodeS16Data)
    GPIO_Init                                0x08001483   Thumb Code   144  stm32f4xx_gpio.o(i.GPIO_Init)
    GPIO_PinAFConfig                         0x08001513   Thumb Code    70  stm32f4xx_gpio.o(i.GPIO_PinAFConfig)
    GPIO_ResetBits                           0x08001559   Thumb Code     4  stm32f4xx_gpio.o(i.GPIO_ResetBits)
    GPIO_SetBits                             0x0800155d   Thumb Code     4  stm32f4xx_gpio.o(i.GPIO_SetBits)
    GPIO_StructInit                          0x08001561   Thumb Code    18  stm32f4xx_gpio.o(i.GPIO_StructInit)
    HardFault_Handler                        0x08001573   Thumb Code     4  stm32f4xx_it.o(i.HardFault_Handler)
    ImuSPI5_ReadData                         0x08001579   Thumb Code    58  spi.o(i.ImuSPI5_ReadData)
    MemManage_Handler                        0x080015b9   Thumb Code     4  stm32f4xx_it.o(i.MemManage_Handler)
    NMI_Handler                              0x080015bd   Thumb Code     2  stm32f4xx_it.o(i.NMI_Handler)
    NVIC_Init                                0x080015c1   Thumb Code   106  misc.o(i.NVIC_Init)
    PID_Calc                                 0x08001639   Thumb Code   590  pid.o(i.PID_Calc)
    PID_Init                                 0x08001891   Thumb Code    14  pid.o(i.PID_Init)
    PID_InitALL                              0x080018a1   Thumb Code   356  pid.o(i.PID_InitALL)
    PID_SetParam                             0x08001ad9   Thumb Code    22  pid.o(i.PID_SetParam)
    PendSV_Handler                           0x08001aef   Thumb Code     2  stm32f4xx_it.o(i.PendSV_Handler)
    RCC_AHB1PeriphClockCmd                   0x08001af1   Thumb Code    26  stm32f4xx_rcc.o(i.RCC_AHB1PeriphClockCmd)
    RCC_APB1PeriphClockCmd                   0x08001b11   Thumb Code    26  stm32f4xx_rcc.o(i.RCC_APB1PeriphClockCmd)
    RCC_APB1PeriphResetCmd                   0x08001b31   Thumb Code    26  stm32f4xx_rcc.o(i.RCC_APB1PeriphResetCmd)
    RCC_APB2PeriphClockCmd                   0x08001b51   Thumb Code    26  stm32f4xx_rcc.o(i.RCC_APB2PeriphClockCmd)
    RCC_APB2PeriphResetCmd                   0x08001b71   Thumb Code    26  stm32f4xx_rcc.o(i.RCC_APB2PeriphResetCmd)
    RCC_GetClocksFreq                        0x08001b91   Thumb Code   214  stm32f4xx_rcc.o(i.RCC_GetClocksFreq)
    RemoteDataProcess                        0x08001c79   Thumb Code   236  remote_task.o(i.RemoteDataProcess)
    SPI5_Init                                0x08001d89   Thumb Code   208  spi.o(i.SPI5_Init)
    SPI5_ReadWriteByte                       0x08001e61   Thumb Code    50  spi.o(i.SPI5_ReadWriteByte)
    SPI_Cmd                                  0x08001e99   Thumb Code    24  stm32f4xx_spi.o(i.SPI_Cmd)
    SPI_I2S_GetFlagStatus                    0x08001eb1   Thumb Code    18  stm32f4xx_spi.o(i.SPI_I2S_GetFlagStatus)
    SPI_I2S_ReceiveData                      0x08001ec3   Thumb Code     6  stm32f4xx_spi.o(i.SPI_I2S_ReceiveData)
    SPI_I2S_SendData                         0x08001ec9   Thumb Code     4  stm32f4xx_spi.o(i.SPI_I2S_SendData)
    SPI_Init                                 0x08001ecd   Thumb Code    60  stm32f4xx_spi.o(i.SPI_Init)
    SVC_Handler                              0x08001f09   Thumb Code     2  stm32f4xx_it.o(i.SVC_Handler)
    Send_motorvalue_CAN1_4                   0x08001f0d   Thumb Code    94  can1.o(i.Send_motorvalue_CAN1_4)
    SysTick_Handler                          0x08002091   Thumb Code     2  stm32f4xx_it.o(i.SysTick_Handler)
    SystemInit                               0x08002095   Thumb Code    88  system_stm32f4xx.o(i.SystemInit)
    TIM2_IRQHandler                          0x080020fd   Thumb Code    30  tim1_pwm.o(i.TIM2_IRQHandler)
    TIM3_IRQHandler                          0x0800211d   Thumb Code    26  tim3.o(i.TIM3_IRQHandler)
    TIM_ARRPreloadConfig                     0x0800213d   Thumb Code    24  stm32f4xx_tim.o(i.TIM_ARRPreloadConfig)
    TIM_ClearFlag                            0x08002155   Thumb Code     6  stm32f4xx_tim.o(i.TIM_ClearFlag)
    TIM_Cmd                                  0x0800215b   Thumb Code    24  stm32f4xx_tim.o(i.TIM_Cmd)
    TIM_GetITStatus                          0x08002173   Thumb Code    34  stm32f4xx_tim.o(i.TIM_GetITStatus)
    TIM_ITConfig                             0x08002195   Thumb Code    18  stm32f4xx_tim.o(i.TIM_ITConfig)
    TIM_OC1Init                              0x080021a9   Thumb Code   114  stm32f4xx_tim.o(i.TIM_OC1Init)
    TIM_OC1PreloadConfig                     0x08002225   Thumb Code    18  stm32f4xx_tim.o(i.TIM_OC1PreloadConfig)
    TIM_TimeBaseInit                         0x08002239   Thumb Code   104  stm32f4xx_tim.o(i.TIM_TimeBaseInit)
    Tim3_config                              0x080022bd   Thumb Code   104  tim3.o(i.Tim3_config)
    USART1_IRQHandler                        0x08002329   Thumb Code   166  usart1.o(i.USART1_IRQHandler)
    USART2_IRQHandler                        0x080023e1   Thumb Code   302  usart2.o(i.USART2_IRQHandler)
    USART_Cmd                                0x08002541   Thumb Code    24  stm32f4xx_usart.o(i.USART_Cmd)
    USART_DMACmd                             0x08002559   Thumb Code    18  stm32f4xx_usart.o(i.USART_DMACmd)
    USART_DeInit                             0x0800256d   Thumb Code   206  stm32f4xx_usart.o(i.USART_DeInit)
    USART_GetITStatus                        0x0800265d   Thumb Code    84  stm32f4xx_usart.o(i.USART_GetITStatus)
    USART_ITConfig                           0x080026b1   Thumb Code    74  stm32f4xx_usart.o(i.USART_ITConfig)
    USART_Init                               0x080026fd   Thumb Code   204  stm32f4xx_usart.o(i.USART_Init)
    USART_StructInit                         0x080027d1   Thumb Code    24  stm32f4xx_usart.o(i.USART_StructInit)
    UsageFault_Handler                       0x080027e9   Thumb Code     4  stm32f4xx_it.o(i.UsageFault_Handler)
    attack_movement                          0x080027ed   Thumb Code     2  remote_task.o(i.attack_movement)
    automatic_control                        0x080027f1   Thumb Code    32  remote_task.o(i.automatic_control)
    buzzer_config                            0x08002815   Thumb Code    56  buzzer.o(i.buzzer_config)
    chassis_task                             0x08002851   Thumb Code   532  chassis_task.o(i.chassis_task)
    delay_ms                                 0x08002ab9   Thumb Code    28  delay.o(i.delay_ms)
    imu_task                                 0x08002ad5   Thumb Code     8  imu_task.o(i.imu_task)
    ist8310_get_data                         0x08002add   Thumb Code    16  bsp_imu.o(i.ist8310_get_data)
    ist8310_init                             0x08002aed   Thumb Code   240  bsp_imu.o(i.ist8310_init)
    laser_config                             0x08002c59   Thumb Code    60  laser.o(i.laser_config)
    led_config                               0x08002c99   Thumb Code   104  led.o(i.led_config)
    loop                                     0x08002d09   Thumb Code     2  duty.o(i.loop)
    main                                     0x08002d0d   Thumb Code    64  main.o(i.main)
    mpu_device_init                          0x08002d55   Thumb Code    98  bsp_imu.o(i.mpu_device_init)
    mpu_get_data                             0x08002dc1   Thumb Code   368  bsp_imu.o(i.mpu_get_data)
    mpu_offset_cal                           0x08002f55   Thumb Code   414  bsp_imu.o(i.mpu_offset_cal)
    mpu_read_reg                             0x08003105   Thumb Code    56  bsp_imu.o(i.mpu_read_reg)
    mpu_write_reg                            0x08003149   Thumb Code    60  bsp_imu.o(i.mpu_write_reg)
    ranger_movement                          0x08003191   Thumb Code   260  remote_task.o(i.ranger_movement)
    remote_control                           0x080032bd   Thumb Code   146  remote_task.o(i.remote_control)
    shoot_task                               0x0800336d   Thumb Code   130  shoot_task.o(i.shoot_task)
    tim1_pwm_config                          0x08003405   Thumb Code   332  tim1_pwm.o(i.tim1_pwm_config)
    usart1_config                            0x0800355d   Thumb Code   316  usart1.o(i.usart1_config)
    usart2_config                            0x080036a9   Thumb Code   300  usart2.o(i.usart2_config)
    __aeabi_dneg                             0x080037e5   Thumb Code     0  basic.o(x$fpl$basic)
    _dneg                                    0x080037e5   Thumb Code     6  basic.o(x$fpl$basic)
    __aeabi_fneg                             0x080037eb   Thumb Code     0  basic.o(x$fpl$basic)
    _fneg                                    0x080037eb   Thumb Code     6  basic.o(x$fpl$basic)
    _dabs                                    0x080037f1   Thumb Code     6  basic.o(x$fpl$basic)
    _fabs                                    0x080037f7   Thumb Code     6  basic.o(x$fpl$basic)
    __aeabi_d2f                              0x080037fd   Thumb Code     0  d2f.o(x$fpl$d2f)
    _d2f                                     0x080037fd   Thumb Code    98  d2f.o(x$fpl$d2f)
    __aeabi_dadd                             0x08003861   Thumb Code     0  daddsub_clz.o(x$fpl$dadd)
    _dadd                                    0x08003861   Thumb Code   332  daddsub_clz.o(x$fpl$dadd)
    __fpl_dcmp_Inf                           0x080039b1   Thumb Code    24  dcmpi.o(x$fpl$dcmpinf)
    __aeabi_ddiv                             0x080039c9   Thumb Code     0  ddiv.o(x$fpl$ddiv)
    _ddiv                                    0x080039c9   Thumb Code   552  ddiv.o(x$fpl$ddiv)
    __aeabi_d2iz                             0x08003c79   Thumb Code     0  dfix.o(x$fpl$dfix)
    _dfix                                    0x08003c79   Thumb Code    94  dfix.o(x$fpl$dfix)
    __aeabi_i2d                              0x08003cd7   Thumb Code     0  dflt_clz.o(x$fpl$dflt)
    _dflt                                    0x08003cd7   Thumb Code    46  dflt_clz.o(x$fpl$dflt)
    __aeabi_cdcmple                          0x08003d05   Thumb Code     0  dleqf.o(x$fpl$dleqf)
    _dcmple                                  0x08003d05   Thumb Code   120  dleqf.o(x$fpl$dleqf)
    __fpl_dcmple_InfNaN                      0x08003d67   Thumb Code     0  dleqf.o(x$fpl$dleqf)
    __aeabi_dmul                             0x08003d7d   Thumb Code     0  dmul.o(x$fpl$dmul)
    _dmul                                    0x08003d7d   Thumb Code   332  dmul.o(x$fpl$dmul)
    __fpl_dnaninf                            0x08003ed1   Thumb Code   156  dnaninf.o(x$fpl$dnaninf)
    __fpl_dretinf                            0x08003f6d   Thumb Code    12  dretinf.o(x$fpl$dretinf)
    __aeabi_cdrcmple                         0x08003f79   Thumb Code     0  drleqf.o(x$fpl$drleqf)
    _drcmple                                 0x08003f79   Thumb Code   108  drleqf.o(x$fpl$drleqf)
    __aeabi_dsub                             0x08003fe5   Thumb Code     0  daddsub_clz.o(x$fpl$dsub)
    _dsub                                    0x08003fe5   Thumb Code   464  daddsub_clz.o(x$fpl$dsub)
    __aeabi_f2d                              0x080041b9   Thumb Code     0  f2d.o(x$fpl$f2d)
    _f2d                                     0x080041b9   Thumb Code    86  f2d.o(x$fpl$f2d)
    __fpl_fnaninf                            0x0800420f   Thumb Code   140  fnaninf.o(x$fpl$fnaninf)
    _fp_init                                 0x0800429b   Thumb Code    10  fpinit.o(x$fpl$fpinit)
    __fplib_config_fpu_vfp                   0x080042a3   Thumb Code     0  fpinit.o(x$fpl$fpinit)
    __fplib_config_pureend_doubles           0x080042a3   Thumb Code     0  fpinit.o(x$fpl$fpinit)
    __fpl_fretinf                            0x080042a5   Thumb Code    10  fretinf.o(x$fpl$fretinf)
    __I$use$fp                               0x080042ae   Number         0  usenofp.o(x$fpl$usenofp)
    Region$$Table$$Base                      0x080042c0   Number         0  anon$$obj.o(Region$$Table)
    Region$$Table$$Limit                     0x080042e0   Number         0  anon$$obj.o(Region$$Table)
    ist_buff                                 0x20000006   Data           6  bsp_imu.o(.data)
    test_yaw1                                0x2000000c   Data           4  bsp_imu.o(.data)
    test_yaw2                                0x20000010   Data           4  bsp_imu.o(.data)
    mpu_id                                   0x20000014   Data           1  bsp_imu.o(.data)
    startcan1_flag_cnt                       0x20000018   Data           4  can1.o(.data)
    chassismotor_cnt1                        0x2000001c   Data           4  can1.o(.data)
    chassismotor_cnt2                        0x20000020   Data           4  can1.o(.data)
    chassismotor_cnt3                        0x20000024   Data           4  can1.o(.data)
    chassismotor_cnt4                        0x20000028   Data           4  can1.o(.data)
    control_mode                             0x2000002c   Data           4  value.o(.data)
    chassis_Motor_M1                         0x20000030   Data           8  value.o(.data)
    chassis_Motor_M2                         0x20000038   Data           8  value.o(.data)
    chassis_Motor_M3                         0x20000040   Data           8  value.o(.data)
    chassis_Motor_M4                         0x20000048   Data           8  value.o(.data)
    chassis_Motor_M1ofset                    0x20000050   Data           2  value.o(.data)
    chassis_Motor_M2ofset                    0x20000052   Data           2  value.o(.data)
    chassis_Motor_M3ofset                    0x20000054   Data           2  value.o(.data)
    chassis_Motor_M4ofset                    0x20000056   Data           2  value.o(.data)
    chassis_Motor_M1_last                    0x20000058   Data           2  value.o(.data)
    chassis_Motor_M2_last                    0x2000005a   Data           2  value.o(.data)
    chassis_Motor_M3_last                    0x2000005c   Data           2  value.o(.data)
    chassis_Motor_M4_last                    0x2000005e   Data           2  value.o(.data)
    chassis_Motor_M1_cnt                     0x20000060   Data           2  value.o(.data)
    chassis_Motor_M2_cnt                     0x20000062   Data           2  value.o(.data)
    chassis_Motor_M3_cnt                     0x20000064   Data           2  value.o(.data)
    chassis_Motor_M4_cnt                     0x20000066   Data           2  value.o(.data)
    chassis_Motor1_loco                      0x20000068   Data           4  value.o(.data)
    chassis_Motor2_loco                      0x2000006c   Data           4  value.o(.data)
    chassis_Motor3_loco                      0x20000070   Data           4  value.o(.data)
    chassis_Motor4_loco                      0x20000074   Data           4  value.o(.data)
    chassis_Motor1_loco_last                 0x20000078   Data           4  value.o(.data)
    chassis_Motor2_loco_last                 0x2000007c   Data           4  value.o(.data)
    chassis_Motor3_loco_last                 0x20000080   Data           4  value.o(.data)
    chassis_Motor4_loco_last                 0x20000084   Data           4  value.o(.data)
    chassis_Motor_M1_set                     0x20000088   Data           2  value.o(.data)
    chassis_Motor_M2_set                     0x2000008a   Data           2  value.o(.data)
    chassis_Motor_M3_set                     0x2000008c   Data           2  value.o(.data)
    chassis_Motor_M4_set                     0x2000008e   Data           2  value.o(.data)
    gimbal_speed_yaw                         0x20000090   Data           4  value.o(.data)
    gimbal_speed_pitch                       0x20000094   Data           4  value.o(.data)
    gimbal_speed_yaw_set                     0x20000098   Data           4  value.o(.data)
    gimbal_speed_pitch_set                   0x2000009c   Data           4  value.o(.data)
    yaw_angle                                0x200000a0   Data           4  value.o(.data)
    pitch_angle                              0x200000a4   Data           4  value.o(.data)
    pitch_angle_set                          0x200000a8   Data           4  value.o(.data)
    ZGyroModuleAngle                         0x200000ac   Data           4  value.o(.data)
    Gyro_palstance                           0x200000b0   Data           4  value.o(.data)
    yaw_angle_set                            0x200000b4   Data           4  value.o(.data)
    Yaw_motorloco_init                       0x200000b8   Data           4  value.o(.data)
    Pitch_motorloco_init                     0x200000bc   Data           4  value.o(.data)
    Yaw_Motor                                0x200000c0   Data           8  value.o(.data)
    Pitch_Motor                              0x200000c8   Data           8  value.o(.data)
    Trigger_Motor                            0x200000d0   Data           8  value.o(.data)
    Trigger_Motor_Set                        0x200000d8   Data           2  value.o(.data)
    Tim_circle_flag_1ms                      0x200000dc   Data           4  value.o(.data)
    Tim_circle_flag_2ms                      0x200000e0   Data           4  value.o(.data)
    Tim_circle_flag_3ms                      0x200000e4   Data           4  value.o(.data)
    communication_temp                       0x200000e8   Data           1  value.o(.data)
    automatic_control_mode                   0x200000e9   Data           1  value.o(.data)
    top_Mode                                 0x200000ea   Data           2  value.o(.data)
    top_Direction                            0x200000ec   Data           2  value.o(.data)
    top_Speed                                0x200000ee   Data           2  value.o(.data)
    top_Yaw                                  0x200000f0   Data           2  value.o(.data)
    top_Pitch                                0x200000f2   Data           2  value.o(.data)
    top_dx                                   0x200000f4   Data           2  value.o(.data)
    top_dy                                   0x200000f6   Data           2  value.o(.data)
    rc_ch0_value                             0x20000108   Data           4  remote_task.o(.data)
    rc_ch1_value                             0x2000010c   Data           4  remote_task.o(.data)
    rc_ch2_value                             0x20000110   Data           4  remote_task.o(.data)
    rc_ch3_value                             0x20000114   Data           4  remote_task.o(.data)
    para_ch0_1                               0x20000118   Data           4  remote_task.o(.data)
    para_ch2_3                               0x2000011c   Data           4  remote_task.o(.data)
    yaw_angle_para                           0x20000120   Data           4  remote_task.o(.data)
    pitch_angle_para                         0x20000124   Data           4  remote_task.o(.data)
    gimbal_chassis_err                       0x20000128   Data           4  chassis_task.o(.data)
    gimbal_chassis_para                      0x2000012c   Data           4  chassis_task.o(.data)
    rotate_err                               0x20000130   Data           4  chassis_task.o(.data)
    rotate_para                              0x20000134   Data           4  chassis_task.o(.data)
    last_rc_s1                               0x20000138   Data           1  shoot_task.o(.data)
    shoot_status                             0x20000139   Data           1  shoot_task.o(.data)
    Top_Data                                 0x20000178   Data          14  usart2.o(.bss)
    rxbuf                                    0x20000186   Data          32  usart2.o(.bss)
    mpu_buff                                 0x200001b6   Data          14  bsp_imu.o(.bss)
    mpu_data                                 0x200001c4   Data          32  bsp_imu.o(.bss)
    imu                                      0x200001e4   Data          56  bsp_imu.o(.bss)
    chassis_Motor_M1_buf                     0x2000021c   Data          20  value.o(.bss)
    chassis_Motor_M2_buf                     0x20000230   Data          20  value.o(.bss)
    chassis_Motor_M3_buf                     0x20000244   Data          20  value.o(.bss)
    chassis_Motor_M4_buf                     0x20000258   Data          20  value.o(.bss)
    chassismotor_1                           0x20000270   Data          88  pid.o(.bss)
    chassismotor_2                           0x200002c8   Data          88  pid.o(.bss)
    chassismotor_3                           0x20000320   Data          88  pid.o(.bss)
    chassismotor_4                           0x20000378   Data          88  pid.o(.bss)
    yawmotor_speed                           0x200003d0   Data          88  pid.o(.bss)
    yawmotor_angle                           0x20000428   Data          88  pid.o(.bss)
    yawmotor_position                        0x20000480   Data          88  pid.o(.bss)
    pitchmotor_speed                         0x200004d8   Data          88  pid.o(.bss)
    pitchmotor_angle                         0x20000530   Data          88  pid.o(.bss)
    pitchmotor_position                      0x20000588   Data          88  pid.o(.bss)
    triggermotor                             0x200005e0   Data          88  pid.o(.bss)
    RC_CtrlData                              0x20000638   Data          24  remote_task.o(.bss)
    __libspace_start                         0x20000650   Data          96  libspace.o(.bss)
    __temporary_stack_top$libspace           0x200006b0   Data           0  libspace.o(.bss)



==============================================================================

Memory Map of the image

  Image Entry point : 0x08000189

  Load Region LR_IROM1 (Base: 0x08000000, Size: 0x0000441c, Max: 0x00200000, ABSOLUTE, COMPRESSED[0x0000430c])

    Execution Region ER_IROM1 (Exec base: 0x08000000, Load base: 0x08000000, Size: 0x000042e0, Max: 0x00200000, ABSOLUTE)

    Exec Addr    Load Addr    Size         Type   Attr      Idx    E Section Name        Object

    0x08000000   0x08000000   0x00000188   Data   RO         1282    RESET               startup_stm32f40_41xxx.o
    0x08000188   0x08000188   0x00000008   Code   RO         4287  * !!!main             c_w.l(__main.o)
    0x08000190   0x08000190   0x00000034   Code   RO         4489    !!!scatter          c_w.l(__scatter.o)
    0x080001c4   0x080001c4   0x0000005a   Code   RO         4487    !!dczerorl2         c_w.l(__dczerorl2.o)
    0x0800021e   0x0800021e   0x00000002   PAD
    0x08000220   0x08000220   0x0000001c   Code   RO         4491    !!handler_zi        c_w.l(__scatter_zi.o)
    0x0800023c   0x0800023c   0x00000002   Code   RO         4357    .ARM.Collect$$libinit$$00000000  c_w.l(libinit.o)
    0x0800023e   0x0800023e   0x00000004   Code   RO         4363    .ARM.Collect$$libinit$$00000001  c_w.l(libinit2.o)
    0x08000242   0x08000242   0x00000000   Code   RO         4366    .ARM.Collect$$libinit$$00000004  c_w.l(libinit2.o)
    0x08000242   0x08000242   0x00000000   Code   RO         4369    .ARM.Collect$$libinit$$0000000A  c_w.l(libinit2.o)
    0x08000242   0x08000242   0x00000000   Code   RO         4371    .ARM.Collect$$libinit$$0000000C  c_w.l(libinit2.o)
    0x08000242   0x08000242   0x00000000   Code   RO         4373    .ARM.Collect$$libinit$$0000000E  c_w.l(libinit2.o)
    0x08000242   0x08000242   0x00000000   Code   RO         4376    .ARM.Collect$$libinit$$00000011  c_w.l(libinit2.o)
    0x08000242   0x08000242   0x00000000   Code   RO         4378    .ARM.Collect$$libinit$$00000013  c_w.l(libinit2.o)
    0x08000242   0x08000242   0x00000000   Code   RO         4380    .ARM.Collect$$libinit$$00000015  c_w.l(libinit2.o)
    0x08000242   0x08000242   0x00000000   Code   RO         4382    .ARM.Collect$$libinit$$00000017  c_w.l(libinit2.o)
    0x08000242   0x08000242   0x00000000   Code   RO         4384    .ARM.Collect$$libinit$$00000019  c_w.l(libinit2.o)
    0x08000242   0x08000242   0x00000000   Code   RO         4386    .ARM.Collect$$libinit$$0000001B  c_w.l(libinit2.o)
    0x08000242   0x08000242   0x00000000   Code   RO         4388    .ARM.Collect$$libinit$$0000001D  c_w.l(libinit2.o)
    0x08000242   0x08000242   0x00000000   Code   RO         4390    .ARM.Collect$$libinit$$0000001F  c_w.l(libinit2.o)
    0x08000242   0x08000242   0x00000000   Code   RO         4392    .ARM.Collect$$libinit$$00000021  c_w.l(libinit2.o)
    0x08000242   0x08000242   0x00000000   Code   RO         4394    .ARM.Collect$$libinit$$00000023  c_w.l(libinit2.o)
    0x08000242   0x08000242   0x00000000   Code   RO         4396    .ARM.Collect$$libinit$$00000025  c_w.l(libinit2.o)
    0x08000242   0x08000242   0x00000000   Code   RO         4400    .ARM.Collect$$libinit$$0000002C  c_w.l(libinit2.o)
    0x08000242   0x08000242   0x00000000   Code   RO         4402    .ARM.Collect$$libinit$$0000002E  c_w.l(libinit2.o)
    0x08000242   0x08000242   0x00000000   Code   RO         4404    .ARM.Collect$$libinit$$00000030  c_w.l(libinit2.o)
    0x08000242   0x08000242   0x00000000   Code   RO         4406    .ARM.Collect$$libinit$$00000032  c_w.l(libinit2.o)
    0x08000242   0x08000242   0x00000002   Code   RO         4407    .ARM.Collect$$libinit$$00000033  c_w.l(libinit2.o)
    0x08000244   0x08000244   0x00000002   Code   RO         4427    .ARM.Collect$$libshutdown$$00000000  c_w.l(libshutdown.o)
    0x08000246   0x08000246   0x00000000   Code   RO         4440    .ARM.Collect$$libshutdown$$00000002  c_w.l(libshutdown2.o)
    0x08000246   0x08000246   0x00000000   Code   RO         4442    .ARM.Collect$$libshutdown$$00000004  c_w.l(libshutdown2.o)
    0x08000246   0x08000246   0x00000000   Code   RO         4445    .ARM.Collect$$libshutdown$$00000007  c_w.l(libshutdown2.o)
    0x08000246   0x08000246   0x00000000   Code   RO         4448    .ARM.Collect$$libshutdown$$0000000A  c_w.l(libshutdown2.o)
    0x08000246   0x08000246   0x00000000   Code   RO         4450    .ARM.Collect$$libshutdown$$0000000C  c_w.l(libshutdown2.o)
    0x08000246   0x08000246   0x00000000   Code   RO         4453    .ARM.Collect$$libshutdown$$0000000F  c_w.l(libshutdown2.o)
    0x08000246   0x08000246   0x00000002   Code   RO         4454    .ARM.Collect$$libshutdown$$00000010  c_w.l(libshutdown2.o)
    0x08000248   0x08000248   0x00000000   Code   RO         4319    .ARM.Collect$$rtentry$$00000000  c_w.l(__rtentry.o)
    0x08000248   0x08000248   0x00000000   Code   RO         4332    .ARM.Collect$$rtentry$$00000002  c_w.l(__rtentry2.o)
    0x08000248   0x08000248   0x00000006   Code   RO         4344    .ARM.Collect$$rtentry$$00000004  c_w.l(__rtentry4.o)
    0x0800024e   0x0800024e   0x00000000   Code   RO         4334    .ARM.Collect$$rtentry$$00000009  c_w.l(__rtentry2.o)
    0x0800024e   0x0800024e   0x00000004   Code   RO         4335    .ARM.Collect$$rtentry$$0000000A  c_w.l(__rtentry2.o)
    0x08000252   0x08000252   0x00000000   Code   RO         4337    .ARM.Collect$$rtentry$$0000000C  c_w.l(__rtentry2.o)
    0x08000252   0x08000252   0x00000008   Code   RO         4338    .ARM.Collect$$rtentry$$0000000D  c_w.l(__rtentry2.o)
    0x0800025a   0x0800025a   0x00000002   Code   RO         4361    .ARM.Collect$$rtexit$$00000000  c_w.l(rtexit.o)
    0x0800025c   0x0800025c   0x00000000   Code   RO         4409    .ARM.Collect$$rtexit$$00000002  c_w.l(rtexit2.o)
    0x0800025c   0x0800025c   0x00000004   Code   RO         4410    .ARM.Collect$$rtexit$$00000003  c_w.l(rtexit2.o)
    0x08000260   0x08000260   0x00000006   Code   RO         4411    .ARM.Collect$$rtexit$$00000004  c_w.l(rtexit2.o)
    0x08000266   0x08000266   0x00000002   PAD
    0x08000268   0x08000268   0x00000040   Code   RO         1283    .text               startup_stm32f40_41xxx.o
    0x080002a8   0x080002a8   0x0000004e   Code   RO         4283    .text               c_w.l(rt_memclr_w.o)
    0x080002f6   0x080002f6   0x00000006   Code   RO         4285    .text               c_w.l(heapauxi.o)
    0x080002fc   0x080002fc   0x0000004a   Code   RO         4348    .text               c_w.l(sys_stackheap_outer.o)
    0x08000346   0x08000346   0x00000012   Code   RO         4350    .text               c_w.l(exit.o)
    0x08000358   0x08000358   0x00000008   Code   RO         4358    .text               c_w.l(libspace.o)
    0x08000360   0x08000360   0x0000000c   Code   RO         4419    .text               c_w.l(sys_exit.o)
    0x0800036c   0x0800036c   0x00000002   Code   RO         4430    .text               c_w.l(use_no_semi.o)
    0x0800036e   0x0800036e   0x00000000   Code   RO         4432    .text               c_w.l(indicate_semi.o)
    0x0800036e   0x0800036e   0x00000004   Code   RO          223    i.BusFault_Handler  stm32f4xx_it.o
    0x08000372   0x08000372   0x00000002   PAD
    0x08000374   0x08000374   0x0000068c   Code   RO          919    i.CAN1_RX0_IRQHandler  can1.o
    0x08000a00   0x08000a00   0x000000b0   Code   RO          966    i.CAN2_RX0_IRQHandler  can2.o
    0x08000ab0   0x08000ab0   0x00000038   Code   RO         2252    i.CAN_ClearFlag     stm32f4xx_can.o
    0x08000ae8   0x08000ae8   0x000000a8   Code   RO         2253    i.CAN_ClearITPendingBit  stm32f4xx_can.o
    0x08000b90   0x08000b90   0x00000108   Code   RO         2257    i.CAN_FilterInit    stm32f4xx_can.o
    0x08000c98   0x08000c98   0x00000120   Code   RO         2259    i.CAN_GetITStatus   stm32f4xx_can.o
    0x08000db8   0x08000db8   0x00000012   Code   RO         2263    i.CAN_ITConfig      stm32f4xx_can.o
    0x08000dca   0x08000dca   0x00000114   Code   RO         2264    i.CAN_Init          stm32f4xx_can.o
    0x08000ede   0x08000ede   0x000000f0   Code   RO         2267    i.CAN_Receive       stm32f4xx_can.o
    0x08000fce   0x08000fce   0x00000126   Code   RO         2272    i.CAN_Transmit      stm32f4xx_can.o
    0x080010f4   0x080010f4   0x000000fc   Code   RO          920    i.Can1_Configuration  can1.o
    0x080011f0   0x080011f0   0x00000012   Code   RO         2275    i.CheckITStatus     stm32f4xx_can.o
    0x08001202   0x08001202   0x00000002   PAD
    0x08001204   0x08001204   0x00000034   Code   RO         2634    i.DMA_ClearFlag     stm32f4xx_dma.o
    0x08001238   0x08001238   0x00000016   Code   RO         2636    i.DMA_Cmd           stm32f4xx_dma.o
    0x0800124e   0x0800124e   0x00000002   PAD
    0x08001250   0x08001250   0x00000158   Code   RO         2637    i.DMA_DeInit        stm32f4xx_dma.o
    0x080013a8   0x080013a8   0x00000016   Code   RO         2638    i.DMA_DoubleBufferModeCmd  stm32f4xx_dma.o
    0x080013be   0x080013be   0x00000018   Code   RO         2639    i.DMA_DoubleBufferModeConfig  stm32f4xx_dma.o
    0x080013d6   0x080013d6   0x00000008   Code   RO         2642    i.DMA_GetCurrDataCounter  stm32f4xx_dma.o
    0x080013de   0x080013de   0x00000014   Code   RO         2643    i.DMA_GetCurrentMemoryTarget  stm32f4xx_dma.o
    0x080013f2   0x080013f2   0x00000002   PAD
    0x080013f4   0x080013f4   0x00000058   Code   RO         2648    i.DMA_Init          stm32f4xx_dma.o
    0x0800144c   0x0800144c   0x00000004   Code   RO         2651    i.DMA_SetCurrDataCounter  stm32f4xx_dma.o
    0x08001450   0x08001450   0x00000022   Code   RO         2652    i.DMA_StructInit    stm32f4xx_dma.o
    0x08001472   0x08001472   0x00000002   Code   RO          224    i.DebugMon_Handler  stm32f4xx_it.o
    0x08001474   0x08001474   0x0000000e   Code   RO         1159    i.DecodeS16Data     dataprocess.o
    0x08001482   0x08001482   0x00000090   Code   RO         1334    i.GPIO_Init         stm32f4xx_gpio.o
    0x08001512   0x08001512   0x00000046   Code   RO         1335    i.GPIO_PinAFConfig  stm32f4xx_gpio.o
    0x08001558   0x08001558   0x00000004   Code   RO         1341    i.GPIO_ResetBits    stm32f4xx_gpio.o
    0x0800155c   0x0800155c   0x00000004   Code   RO         1342    i.GPIO_SetBits      stm32f4xx_gpio.o
    0x08001560   0x08001560   0x00000012   Code   RO         1343    i.GPIO_StructInit   stm32f4xx_gpio.o
    0x08001572   0x08001572   0x00000004   Code   RO          225    i.HardFault_Handler  stm32f4xx_it.o
    0x08001576   0x08001576   0x00000002   PAD
    0x08001578   0x08001578   0x00000040   Code   RO          667    i.ImuSPI5_ReadData  spi.o
    0x080015b8   0x080015b8   0x00000004   Code   RO          226    i.MemManage_Handler  stm32f4xx_it.o
    0x080015bc   0x080015bc   0x00000002   Code   RO          227    i.NMI_Handler       stm32f4xx_it.o
    0x080015be   0x080015be   0x00000002   PAD
    0x080015c0   0x080015c0   0x00000078   Code   RO         1289    i.NVIC_Init         misc.o
    0x08001638   0x08001638   0x00000258   Code   RO         1238    i.PID_Calc          pid.o
    0x08001890   0x08001890   0x0000000e   Code   RO         1239    i.PID_Init          pid.o
    0x0800189e   0x0800189e   0x00000002   PAD
    0x080018a0   0x080018a0   0x00000238   Code   RO         1240    i.PID_InitALL       pid.o
    0x08001ad8   0x08001ad8   0x00000016   Code   RO         1241    i.PID_SetParam      pid.o
    0x08001aee   0x08001aee   0x00000002   Code   RO          228    i.PendSV_Handler    stm32f4xx_it.o
    0x08001af0   0x08001af0   0x00000020   Code   RO         1431    i.RCC_AHB1PeriphClockCmd  stm32f4xx_rcc.o
    0x08001b10   0x08001b10   0x00000020   Code   RO         1440    i.RCC_APB1PeriphClockCmd  stm32f4xx_rcc.o
    0x08001b30   0x08001b30   0x00000020   Code   RO         1442    i.RCC_APB1PeriphResetCmd  stm32f4xx_rcc.o
    0x08001b50   0x08001b50   0x00000020   Code   RO         1443    i.RCC_APB2PeriphClockCmd  stm32f4xx_rcc.o
    0x08001b70   0x08001b70   0x00000020   Code   RO         1445    i.RCC_APB2PeriphResetCmd  stm32f4xx_rcc.o
    0x08001b90   0x08001b90   0x000000e8   Code   RO         1452    i.RCC_GetClocksFreq  stm32f4xx_rcc.o
    0x08001c78   0x08001c78   0x00000110   Code   RO         3998    i.RemoteDataProcess  remote_task.o
    0x08001d88   0x08001d88   0x000000d8   Code   RO          668    i.SPI5_Init         spi.o
    0x08001e60   0x08001e60   0x00000038   Code   RO          669    i.SPI5_ReadWriteByte  spi.o
    0x08001e98   0x08001e98   0x00000018   Code   RO         3278    i.SPI_Cmd           stm32f4xx_spi.o
    0x08001eb0   0x08001eb0   0x00000012   Code   RO         3286    i.SPI_I2S_GetFlagStatus  stm32f4xx_spi.o
    0x08001ec2   0x08001ec2   0x00000006   Code   RO         3289    i.SPI_I2S_ReceiveData  stm32f4xx_spi.o
    0x08001ec8   0x08001ec8   0x00000004   Code   RO         3290    i.SPI_I2S_SendData  stm32f4xx_spi.o
    0x08001ecc   0x08001ecc   0x0000003c   Code   RO         3291    i.SPI_Init          stm32f4xx_spi.o
    0x08001f08   0x08001f08   0x00000002   Code   RO          229    i.SVC_Handler       stm32f4xx_it.o
    0x08001f0a   0x08001f0a   0x00000002   PAD
    0x08001f0c   0x08001f0c   0x00000064   Code   RO          922    i.Send_motorvalue_CAN1_4  can1.o
    0x08001f70   0x08001f70   0x00000120   Code   RO          401    i.SetSysClock       system_stm32f4xx.o
    0x08002090   0x08002090   0x00000002   Code   RO          230    i.SysTick_Handler   stm32f4xx_it.o
    0x08002092   0x08002092   0x00000002   PAD
    0x08002094   0x08002094   0x00000068   Code   RO          403    i.SystemInit        system_stm32f4xx.o
    0x080020fc   0x080020fc   0x0000001e   Code   RO          438    i.TIM2_IRQHandler   tim1_pwm.o
    0x0800211a   0x0800211a   0x00000002   PAD
    0x0800211c   0x0800211c   0x00000020   Code   RO          467    i.TIM3_IRQHandler   tim3.o
    0x0800213c   0x0800213c   0x00000018   Code   RO         3440    i.TIM_ARRPreloadConfig  stm32f4xx_tim.o
    0x08002154   0x08002154   0x00000006   Code   RO         3446    i.TIM_ClearFlag     stm32f4xx_tim.o
    0x0800215a   0x0800215a   0x00000018   Code   RO         3452    i.TIM_Cmd           stm32f4xx_tim.o
    0x08002172   0x08002172   0x00000022   Code   RO         3473    i.TIM_GetITStatus   stm32f4xx_tim.o
    0x08002194   0x08002194   0x00000012   Code   RO         3477    i.TIM_ITConfig      stm32f4xx_tim.o
    0x080021a6   0x080021a6   0x00000002   PAD
    0x080021a8   0x080021a8   0x0000007c   Code   RO         3481    i.TIM_OC1Init       stm32f4xx_tim.o
    0x08002224   0x08002224   0x00000012   Code   RO         3484    i.TIM_OC1PreloadConfig  stm32f4xx_tim.o
    0x08002236   0x08002236   0x00000002   PAD
    0x08002238   0x08002238   0x00000084   Code   RO         3524    i.TIM_TimeBaseInit  stm32f4xx_tim.o
    0x080022bc   0x080022bc   0x0000006c   Code   RO          468    i.Tim3_config       tim3.o
    0x08002328   0x08002328   0x000000b8   Code   RO          523    i.USART1_IRQHandler  usart1.o
    0x080023e0   0x080023e0   0x00000160   Code   RO          563    i.USART2_IRQHandler  usart2.o
    0x08002540   0x08002540   0x00000018   Code   RO         1825    i.USART_Cmd         stm32f4xx_usart.o
    0x08002558   0x08002558   0x00000012   Code   RO         1826    i.USART_DMACmd      stm32f4xx_usart.o
    0x0800256a   0x0800256a   0x00000002   PAD
    0x0800256c   0x0800256c   0x000000f0   Code   RO         1827    i.USART_DeInit      stm32f4xx_usart.o
    0x0800265c   0x0800265c   0x00000054   Code   RO         1829    i.USART_GetITStatus  stm32f4xx_usart.o
    0x080026b0   0x080026b0   0x0000004a   Code   RO         1831    i.USART_ITConfig    stm32f4xx_usart.o
    0x080026fa   0x080026fa   0x00000002   PAD
    0x080026fc   0x080026fc   0x000000d4   Code   RO         1832    i.USART_Init        stm32f4xx_usart.o
    0x080027d0   0x080027d0   0x00000018   Code   RO         1848    i.USART_StructInit  stm32f4xx_usart.o
    0x080027e8   0x080027e8   0x00000004   Code   RO          231    i.UsageFault_Handler  stm32f4xx_it.o
    0x080027ec   0x080027ec   0x00000002   Code   RO         3999    i.attack_movement   remote_task.o
    0x080027ee   0x080027ee   0x00000002   PAD
    0x080027f0   0x080027f0   0x00000024   Code   RO         4000    i.automatic_control  remote_task.o
    0x08002814   0x08002814   0x0000003c   Code   RO          595    i.buzzer_config     buzzer.o
    0x08002850   0x08002850   0x00000268   Code   RO         4161    i.chassis_task      chassis_task.o
    0x08002ab8   0x08002ab8   0x0000001c   Code   RO         1101    i.delay_ms          delay.o
    0x08002ad4   0x08002ad4   0x00000008   Code   RO         4253    i.imu_task          imu_task.o
    0x08002adc   0x08002adc   0x00000010   Code   RO          706    i.ist8310_get_data  bsp_imu.o
    0x08002aec   0x08002aec   0x000000f0   Code   RO          707    i.ist8310_init      bsp_imu.o
    0x08002bdc   0x08002bdc   0x0000003a   Code   RO          708    i.ist_reg_read_by_mpu  bsp_imu.o
    0x08002c16   0x08002c16   0x00000040   Code   RO          709    i.ist_reg_write_by_mpu  bsp_imu.o
    0x08002c56   0x08002c56   0x00000002   PAD
    0x08002c58   0x08002c58   0x00000040   Code   RO          641    i.laser_config      laser.o
    0x08002c98   0x08002c98   0x00000070   Code   RO          618    i.led_config        led.o
    0x08002d08   0x08002d08   0x00000002   Code   RO         1001    i.loop              duty.o
    0x08002d0a   0x08002d0a   0x00000002   PAD
    0x08002d0c   0x08002d0c   0x00000048   Code   RO            3    i.main              main.o
    0x08002d54   0x08002d54   0x0000006c   Code   RO          710    i.mpu_device_init   bsp_imu.o
    0x08002dc0   0x08002dc0   0x00000194   Code   RO          711    i.mpu_get_data      bsp_imu.o
    0x08002f54   0x08002f54   0x000001b0   Code   RO          713    i.mpu_offset_cal    bsp_imu.o
    0x08003104   0x08003104   0x00000044   Code   RO          714    i.mpu_read_reg      bsp_imu.o
    0x08003148   0x08003148   0x00000048   Code   RO          715    i.mpu_write_reg     bsp_imu.o
    0x08003190   0x08003190   0x0000012c   Code   RO         4001    i.ranger_movement   remote_task.o
    0x080032bc   0x080032bc   0x000000b0   Code   RO         4002    i.remote_control    remote_task.o
    0x0800336c   0x0800336c   0x00000098   Code   RO         4227    i.shoot_task        shoot_task.o
    0x08003404   0x08003404   0x00000158   Code   RO          439    i.tim1_pwm_config   tim1_pwm.o
    0x0800355c   0x0800355c   0x0000014c   Code   RO          524    i.usart1_config     usart1.o
    0x080036a8   0x080036a8   0x0000013c   Code   RO          564    i.usart2_config     usart2.o
    0x080037e4   0x080037e4   0x00000018   Code   RO         4289    x$fpl$basic         fz_wm.l(basic.o)
    0x080037fc   0x080037fc   0x00000062   Code   RO         4291    x$fpl$d2f           fz_wm.l(d2f.o)
    0x0800385e   0x0800385e   0x00000002   PAD
    0x08003860   0x08003860   0x00000150   Code   RO         4293    x$fpl$dadd          fz_wm.l(daddsub_clz.o)
    0x080039b0   0x080039b0   0x00000018   Code   RO         4346    x$fpl$dcmpinf       fz_wm.l(dcmpi.o)
    0x080039c8   0x080039c8   0x000002b0   Code   RO         4300    x$fpl$ddiv          fz_wm.l(ddiv.o)
    0x08003c78   0x08003c78   0x0000005e   Code   RO         4303    x$fpl$dfix          fz_wm.l(dfix.o)
    0x08003cd6   0x08003cd6   0x0000002e   Code   RO         4308    x$fpl$dflt          fz_wm.l(dflt_clz.o)
    0x08003d04   0x08003d04   0x00000078   Code   RO         4320    x$fpl$dleqf         fz_wm.l(dleqf.o)
    0x08003d7c   0x08003d7c   0x00000154   Code   RO         4313    x$fpl$dmul          fz_wm.l(dmul.o)
    0x08003ed0   0x08003ed0   0x0000009c   Code   RO         4322    x$fpl$dnaninf       fz_wm.l(dnaninf.o)
    0x08003f6c   0x08003f6c   0x0000000c   Code   RO         4324    x$fpl$dretinf       fz_wm.l(dretinf.o)
    0x08003f78   0x08003f78   0x0000006c   Code   RO         4315    x$fpl$drleqf        fz_wm.l(drleqf.o)
    0x08003fe4   0x08003fe4   0x000001d4   Code   RO         4295    x$fpl$dsub          fz_wm.l(daddsub_clz.o)
    0x080041b8   0x080041b8   0x00000056   Code   RO         4317    x$fpl$f2d           fz_wm.l(f2d.o)
    0x0800420e   0x0800420e   0x0000008c   Code   RO         4326    x$fpl$fnaninf       fz_wm.l(fnaninf.o)
    0x0800429a   0x0800429a   0x0000000a   Code   RO         4417    x$fpl$fpinit        fz_wm.l(fpinit.o)
    0x080042a4   0x080042a4   0x0000000a   Code   RO         4328    x$fpl$fretinf       fz_wm.l(fretinf.o)
    0x080042ae   0x080042ae   0x00000000   Code   RO         4330    x$fpl$usenofp       fz_wm.l(usenofp.o)
    0x080042ae   0x080042ae   0x00000002   PAD
    0x080042b0   0x080042b0   0x0000000e   Data   RO          717    .constdata          bsp_imu.o
    0x080042be   0x080042be   0x00000002   PAD
    0x080042c0   0x080042c0   0x00000020   Data   RO         4485    Region$$Table       anon$$obj.o


    Execution Region RW_IRAM1 (Exec base: 0x20000000, Load base: 0x080042e0, Size: 0x00000cb0, Max: 0x00030000, ABSOLUTE, COMPRESSED[0x0000002c])

    Exec Addr    Load Addr    Size         Type   Attr      Idx    E Section Name        Object

    0x20000000   COMPRESSED   0x00000004   Data   RW          526    .data               usart1.o
    0x20000004   COMPRESSED   0x00000011   Data   RW          718    .data               bsp_imu.o
    0x20000015   COMPRESSED   0x00000003   PAD
    0x20000018   COMPRESSED   0x00000014   Data   RW          923    .data               can1.o
    0x2000002c   COMPRESSED   0x000000cc   Data   RW         1080    .data               value.o
    0x200000f8   COMPRESSED   0x00000010   Data   RW         1484    .data               stm32f4xx_rcc.o
    0x20000108   COMPRESSED   0x00000020   Data   RW         4004    .data               remote_task.o
    0x20000128   COMPRESSED   0x00000010   Data   RW         4162    .data               chassis_task.o
    0x20000138   COMPRESSED   0x00000002   Data   RW         4228    .data               shoot_task.o
    0x2000013a   COMPRESSED   0x00000002   PAD
    0x2000013c        -       0x0000003c   Zero   RW          525    .bss                usart1.o
    0x20000178        -       0x0000002e   Zero   RW          565    .bss                usart2.o
    0x200001a6   COMPRESSED   0x00000002   PAD
    0x200001a8        -       0x00000074   Zero   RW          716    .bss                bsp_imu.o
    0x2000021c        -       0x00000050   Zero   RW         1079    .bss                value.o
    0x2000026c   COMPRESSED   0x00000004   PAD
    0x20000270        -       0x000003c8   Zero   RW         1242    .bss                pid.o
    0x20000638        -       0x00000018   Zero   RW         4003    .bss                remote_task.o
    0x20000650        -       0x00000060   Zero   RW         4359    .bss                c_w.l(libspace.o)
    0x200006b0        -       0x00000200   Zero   RW         1281    HEAP                startup_stm32f40_41xxx.o
    0x200008b0        -       0x00000400   Zero   RW         1280    STACK               startup_stm32f40_41xxx.o


==============================================================================

Image component sizes


      Code (inc. data)   RO Data    RW Data    ZI Data      Debug   Object Name

      1462         88         14         17        116       7479   bsp_imu.o
        60          4          0          0          0        556   buzzer.o
      2028        174          0         20          0       3561   can1.o
       176         20          0          0          0        594   can2.o
       616         84          0         16          0       1067   chassis_task.o
        14          0          0          0          0        908   dataprocess.o
        28          0          0          0          0     244583   delay.o
         2          0          0          0          0        463   duty.o
         8          0          0          0          0        491   imu_task.o
        64          4          0          0          0        551   laser.o
       112          8          0          0          0        577   led.o
        72          8          0          0          0      24847   main.o
       120         14          0          0          0       1076   misc.o
      1204        222          0          0        968       4280   pid.o
       786        110          0         32         24       4658   remote_task.o
       152         22          0          2          0        867   shoot_task.o
       336         20          0          0          0       2212   spi.o
        64         26        392          0       1536        876   startup_stm32f40_41xxx.o
      1622         20          0          0          0       7446   stm32f4xx_can.o
       618         40          0          0          0       7693   stm32f4xx_dma.o
       240          0          0          0          0       3645   stm32f4xx_gpio.o
        26          0          0          0          0     317366   stm32f4xx_it.o
       392         48          0         16          0       6105   stm32f4xx_rcc.o
       112          0          0          0          0       3726   stm32f4xx_spi.o
       380         38          0          0          0       5926   stm32f4xx_tim.o
       676         42          0          0          0       5843   stm32f4xx_usart.o
       392         32          0          0          0       1625   system_stm32f4xx.o
       374         12          0          0          0       1336   tim1_pwm.o
       140         10          0          0          0     236728   tim3.o
       516         34          0          4         60       2032   usart1.o
       668         66          0          0         46       2625   usart2.o
         0          0          0        204         80       3860   value.o

    ----------------------------------------------------------------------
     13494       1146        440        316       2836     905602   Object Totals
         0          0         32          0          0          0   (incl. Generated)
        34          0          2          5          6          0   (incl. Padding)

    ----------------------------------------------------------------------

      Code (inc. data)   RO Data    RW Data    ZI Data      Debug   Library Member Name

        90          0          0          0          0          0   __dczerorl2.o
         8          0          0          0          0         68   __main.o
         0          0          0          0          0          0   __rtentry.o
        12          0          0          0          0          0   __rtentry2.o
         6          0          0          0          0          0   __rtentry4.o
        52          8          0          0          0          0   __scatter.o
        28          0          0          0          0          0   __scatter_zi.o
        18          0          0          0          0         80   exit.o
         6          0          0          0          0        152   heapauxi.o
         0          0          0          0          0          0   indicate_semi.o
         2          0          0          0          0          0   libinit.o
         6          0          0          0          0          0   libinit2.o
         2          0          0          0          0          0   libshutdown.o
         2          0          0          0          0          0   libshutdown2.o
         8          4          0          0         96         68   libspace.o
        78          0          0          0          0         80   rt_memclr_w.o
         2          0          0          0          0          0   rtexit.o
        10          0          0          0          0          0   rtexit2.o
        12          4          0          0          0         68   sys_exit.o
        74          0          0          0          0         80   sys_stackheap_outer.o
         2          0          0          0          0         68   use_no_semi.o
        24          0          0          0          0        164   basic.o
        98          4          0          0          0        140   d2f.o
       804         16          0          0          0        368   daddsub_clz.o
        24          0          0          0          0        116   dcmpi.o
       688        140          0          0          0        256   ddiv.o
        94          4          0          0          0        140   dfix.o
        46          0          0          0          0        116   dflt_clz.o
       120          4          0          0          0        140   dleqf.o
       340         12          0          0          0        152   dmul.o
       156          4          0          0          0        140   dnaninf.o
        12          0          0          0          0        116   dretinf.o
       108          0          0          0          0        128   drleqf.o
        86          4          0          0          0        132   f2d.o
       140          4          0          0          0        132   fnaninf.o
        10          0          0          0          0        116   fpinit.o
        10          0          0          0          0        116   fretinf.o
         0          0          0          0          0          0   usenofp.o

    ----------------------------------------------------------------------
      3186        208          0          0         96       3136   Library Totals
         8          0          0          0          0          0   (incl. Padding)

    ----------------------------------------------------------------------

      Code (inc. data)   RO Data    RW Data    ZI Data      Debug   Library Name

       418         16          0          0         96        664   c_w.l
      2760        192          0          0          0       2472   fz_wm.l

    ----------------------------------------------------------------------
      3186        208          0          0         96       3136   Library Totals

    ----------------------------------------------------------------------

==============================================================================


      Code (inc. data)   RO Data    RW Data    ZI Data      Debug   

     16680       1354        440        316       2932     897130   Grand Totals
     16680       1354        440         44       2932     897130   ELF Image Totals (compressed)
     16680       1354        440         44          0          0   ROM Totals

==============================================================================

    Total RO  Size (Code + RO Data)                17120 (  16.72kB)
    Total RW  Size (RW Data + ZI Data)              3248 (   3.17kB)
    Total ROM Size (Code + RO Data + RW Data)      17164 (  16.76kB)

==============================================================================

